
> hybrid@1.0.0 test
> jest

node.exe : ts-jest[config] (WARN) 
At C:\Program Files\nodejs\npm.ps1:29 char:3
+   & $NODE_EXE $NPM_CLI_JS $args
+   ~~~~~~~~~~~~~~~~~~~~~~~~~~~~~
    + CategoryInfo          : NotSpecified: (ts-jest[config] (WARN) :String) [] 
   , RemoteException
    + FullyQualifiedErrorId : NativeCommandError
 
    The "ts-jest" config option "isolatedModules" is deprecated and will be 
removed in v30.0.0. Please use "isolatedModules: true" in 
C:/Users/jared/Desktop/Coding/Projects/HYBRID/tsconfig.json instead, see 
https://www.typescriptlang.org/tsconfig/#isolatedModules
  
ts-jest[config] (WARN) 
    The "ts-jest" config option "isolatedModules" is deprecated and will be 
removed in v30.0.0. Please use "isolatedModules: true" in 
C:/Users/jared/Desktop/Coding/Projects/HYBRID/tsconfig.json instead, see 
https://www.typescriptlang.org/tsconfig/#isolatedModules
  
ts-jest[config] (WARN) 
    The "ts-jest" config option "isolatedModules" is deprecated and will be 
removed in v30.0.0. Please use "isolatedModules: true" in 
C:/Users/jared/Desktop/Coding/Projects/HYBRID/tsconfig.json instead, see 
https://www.typescriptlang.org/tsconfig/#isolatedModules
  
ts-jest[config] (WARN) 
    The "ts-jest" config option "isolatedModules" is deprecated and will be 
removed in v30.0.0. Please use "isolatedModules: true" in 
C:/Users/jared/Desktop/Coding/Projects/HYBRID/tsconfig.json instead, see 
https://www.typescriptlang.org/tsconfig/#isolatedModules
  
ts-jest[config] (WARN) 
    The "ts-jest" config option "isolatedModules" is deprecated and will be 
removed in v30.0.0. Please use "isolatedModules: true" in 
C:/Users/jared/Desktop/Coding/Projects/HYBRID/tsconfig.json instead, see 
https://www.typescriptlang.org/tsconfig/#isolatedModules
  
ts-jest[config] (WARN) 
    The "ts-jest" config option "isolatedModules" is deprecated and will be 
removed in v30.0.0. Please use "isolatedModules: true" in 
C:/Users/jared/Desktop/Coding/Projects/HYBRID/tsconfig.json instead, see 
https://www.typescriptlang.org/tsconfig/#isolatedModules
  
ts-jest[config] (WARN) 
    The "ts-jest" config option "isolatedModules" is deprecated and will be 
removed in v30.0.0. Please use "isolatedModules: true" in 
C:/Users/jared/Desktop/Coding/Projects/HYBRID/tsconfig.json instead, see 
https://www.typescriptlang.org/tsconfig/#isolatedModules
  
ts-jest[config] (WARN) 
    The "ts-jest" config option "isolatedModules" is deprecated and will be 
removed in v30.0.0. Please use "isolatedModules: true" in 
C:/Users/jared/Desktop/Coding/Projects/HYBRID/tsconfig.json instead, see 
https://www.typescriptlang.org/tsconfig/#isolatedModules
  
ts-jest[config] (WARN) 
    The "ts-jest" config option "isolatedModules" is deprecated and will be 
removed in v30.0.0. Please use "isolatedModules: true" in 
C:/Users/jared/Desktop/Coding/Projects/HYBRID/tsconfig.json instead, see 
https://www.typescriptlang.org/tsconfig/#isolatedModules
  
ts-jest[config] (WARN) 
    The "ts-jest" config option "isolatedModules" is deprecated and will be 
removed in v30.0.0. Please use "isolatedModules: true" in 
C:/Users/jared/Desktop/Coding/Projects/HYBRID/tsconfig.json instead, see 
https://www.typescriptlang.org/tsconfig/#isolatedModules
  
ts-jest[config] (WARN) 
    The "ts-jest" config option "isolatedModules" is deprecated and will be 
removed in v30.0.0. Please use "isolatedModules: true" in 
C:/Users/jared/Desktop/Coding/Projects/HYBRID/tsconfig.json instead, see 
https://www.typescriptlang.org/tsconfig/#isolatedModules
  
PASS src/__tests__/smoke.test.ts
PASS src/__tests__/utils/calculations.test.ts
PASS src/__tests__/hooks/useSquadEvents.test.ts
  ΓùÅ Console

    console.error
      react-test-renderer is deprecated. See 
https://react.dev/warnings/react-test-renderer

    [0m [90m 53 |[39m         mockSupabase[33m.[39m[36min[39m[33m.[39mm
ockResolvedValueOnce(mockSupabaseResponse(mockProfiles))[33m;[39m
     [90m 54 |[39m
    [31m[1m>[22m[39m[90m 55 |[39m         [36mconst[39m { result } 
[33m=[39m renderHook(() [33m=>[39m useSquadEvents()[33m,[39m {
     [90m    |[39m                                      [31m[1m^[22m[39m
     [90m 56 |[39m             wrapper[33m:[39m 
[33mMockAuthProvider[39m[33m,[39m
     [90m 57 |[39m         })[33m;[39m
     [90m 58 |[39m[0m

      at Object.process.env.NODE_ENV.exports.create (node_modules/react-test-ren
derer/cjs/react-test-renderer.development.js:14598:17)
      at create 
(node_modules/@testing-library/react-native/src/render-act.ts:15:29)
      at callback (node_modules/@testing-library/react-native/src/act.ts:31:24)
      at process.env.NODE_ENV.exports.act 
(node_modules/react/cjs/react.development.js:789:22)
      at actImplementation 
(node_modules/@testing-library/react-native/src/act.ts:30:25)
      at renderWithAct 
(node_modules/@testing-library/react-native/src/render-act.ts:13:11)
      at renderInternal 
(node_modules/@testing-library/react-native/src/render.tsx:69:33)
      at renderInternal 
(node_modules/@testing-library/react-native/src/render.tsx:44:10)
      at renderHook 
(node_modules/@testing-library/react-native/src/render-hook.tsx:55:58)
      at Object.<anonymous> (src/__tests__/hooks/useSquadEvents.test.ts:55:38)

    console.error
      react-test-renderer is deprecated. See 
https://react.dev/warnings/react-test-renderer

    [0m [90m 74 |[39m         mockSupabase[33m.[39minsert[33m.[39mmockRes
olvedValue(mockSupabaseResponse([36mnull[39m))[33m;[39m
     [90m 75 |[39m
    [31m[1m>[22m[39m[90m 76 |[39m         [36mconst[39m { result } 
[33m=[39m renderHook(() [33m=>[39m useSquadEvents()[33m,[39m {
     [90m    |[39m                                      [31m[1m^[22m[39m
     [90m 77 |[39m             wrapper[33m:[39m 
[33mMockAuthProvider[39m[33m,[39m
     [90m 78 |[39m         })[33m;[39m
     [90m 79 |[39m[0m

      at Object.process.env.NODE_ENV.exports.create (node_modules/react-test-ren
derer/cjs/react-test-renderer.development.js:14598:17)
      at create 
(node_modules/@testing-library/react-native/src/render-act.ts:15:29)
      at callback (node_modules/@testing-library/react-native/src/act.ts:31:24)
      at process.env.NODE_ENV.exports.act 
(node_modules/react/cjs/react.development.js:789:22)
      at actImplementation 
(node_modules/@testing-library/react-native/src/act.ts:30:25)
      at renderWithAct 
(node_modules/@testing-library/react-native/src/render-act.ts:13:11)
      at renderInternal 
(node_modules/@testing-library/react-native/src/render.tsx:69:33)
      at renderInternal 
(node_modules/@testing-library/react-native/src/render.tsx:44:10)
      at renderHook 
(node_modules/@testing-library/react-native/src/render-hook.tsx:55:58)
      at Object.<anonymous> (src/__tests__/hooks/useSquadEvents.test.ts:76:38)

PASS src/__tests__/hooks/useSets.test.ts
  ΓùÅ Console

    console.error
      react-test-renderer is deprecated. See 
https://react.dev/warnings/react-test-renderer

    [0m [90m 35 |[39m             mockSupabase[33m.[39msingle[33m.[39mmoc
kResolvedValueOnce(mockSupabaseResponse(newSet))[33m;[39m
     [90m 36 |[39m
    [31m[1m>[22m[39m[90m 37 |[39m             [36mconst[39m { result } 
[33m=[39m renderHook(() [33m=>[39m useSets())[33m;[39m
     [90m    |[39m                                          
[31m[1m^[22m[39m
     [90m 38 |[39m
     [90m 39 |[39m             [36mconst[39m response [33m=[39m 
[36mawait[39m 
result[33m.[39mcurrent[33m.[39maddSet([32m'we-1'[39m)[33m;[39m
     [90m 40 |[39m[0m

      at Object.process.env.NODE_ENV.exports.create (node_modules/react-test-ren
derer/cjs/react-test-renderer.development.js:14598:17)
      at create 
(node_modules/@testing-library/react-native/src/render-act.ts:15:29)
      at callback (node_modules/@testing-library/react-native/src/act.ts:31:24)
      at process.env.NODE_ENV.exports.act 
(node_modules/react/cjs/react.development.js:789:22)
      at actImplementation 
(node_modules/@testing-library/react-native/src/act.ts:30:25)
      at renderWithAct 
(node_modules/@testing-library/react-native/src/render-act.ts:13:11)
      at renderInternal 
(node_modules/@testing-library/react-native/src/render.tsx:69:33)
      at renderInternal 
(node_modules/@testing-library/react-native/src/render.tsx:44:10)
      at renderHook 
(node_modules/@testing-library/react-native/src/render-hook.tsx:55:58)
      at Object.<anonymous> (src/__tests__/hooks/useSets.test.ts:37:42)

    console.error
      react-test-renderer is deprecated. See 
https://react.dev/warnings/react-test-renderer

    [0m [90m 61 |[39m             mockSupabase[33m.[39msingle[33m.[39mmoc
kResolvedValueOnce(mockSupabaseResponse(newSet))[33m;[39m
     [90m 62 |[39m
    [31m[1m>[22m[39m[90m 63 |[39m             [36mconst[39m { result } 
[33m=[39m renderHook(() [33m=>[39m useSets())[33m;[39m
     [90m    |[39m                                          
[31m[1m^[22m[39m
     [90m 64 |[39m
     [90m 65 |[39m             [36mconst[39m response [33m=[39m 
[36mawait[39m 
result[33m.[39mcurrent[33m.[39maddSet([32m'we-1'[39m[33m,[39m 
[35m135[39m[33m,[39m [35m10[39m)[33m;[39m
     [90m 66 |[39m[0m

      at Object.process.env.NODE_ENV.exports.create (node_modules/react-test-ren
derer/cjs/react-test-renderer.development.js:14598:17)
      at create 
(node_modules/@testing-library/react-native/src/render-act.ts:15:29)
      at callback (node_modules/@testing-library/react-native/src/act.ts:31:24)
      at process.env.NODE_ENV.exports.act 
(node_modules/react/cjs/react.development.js:789:22)
      at actImplementation 
(node_modules/@testing-library/react-native/src/act.ts:30:25)
      at renderWithAct 
(node_modules/@testing-library/react-native/src/render-act.ts:13:11)
      at renderInternal 
(node_modules/@testing-library/react-native/src/render.tsx:69:33)
      at renderInternal 
(node_modules/@testing-library/react-native/src/render.tsx:44:10)
      at renderHook 
(node_modules/@testing-library/react-native/src/render-hook.tsx:55:58)
      at Object.<anonymous> (src/__tests__/hooks/useSets.test.ts:63:42)

    console.error
      react-test-renderer is deprecated. See 
https://react.dev/warnings/react-test-renderer

    [0m [90m 77 |[39m             mockSupabase[33m.[39msingle[33m.[39mmoc
kResolvedValueOnce(mockSupabaseError([32m'Database error'[39m))[33m;[39m
     [90m 78 |[39m
    [31m[1m>[22m[39m[90m 79 |[39m             [36mconst[39m { result } 
[33m=[39m renderHook(() [33m=>[39m useSets())[33m;[39m
     [90m    |[39m                                          
[31m[1m^[22m[39m
     [90m 80 |[39m
     [90m 81 |[39m             [36mconst[39m response [33m=[39m 
[36mawait[39m 
result[33m.[39mcurrent[33m.[39maddSet([32m'we-1'[39m)[33m;[39m
     [90m 82 |[39m[0m

      at Object.process.env.NODE_ENV.exports.create (node_modules/react-test-ren
derer/cjs/react-test-renderer.development.js:14598:17)
      at create 
(node_modules/@testing-library/react-native/src/render-act.ts:15:29)
      at callback (node_modules/@testing-library/react-native/src/act.ts:31:24)
      at process.env.NODE_ENV.exports.act 
(node_modules/react/cjs/react.development.js:789:22)
      at actImplementation 
(node_modules/@testing-library/react-native/src/act.ts:30:25)
      at renderWithAct 
(node_modules/@testing-library/react-native/src/render-act.ts:13:11)
      at renderInternal 
(node_modules/@testing-library/react-native/src/render.tsx:69:33)
      at renderInternal 
(node_modules/@testing-library/react-native/src/render.tsx:44:10)
      at renderHook 
(node_modules/@testing-library/react-native/src/render-hook.tsx:55:58)
      at Object.<anonymous> (src/__tests__/hooks/useSets.test.ts:79:42)

    console.error
      Error adding set: { message: 'Database error', code: 'ERROR', details: 
'', hint: '' }

    [0m [90m 18 |[39m             [36mreturn[39m { data[33m,[39m 
error[33m:[39m [36mnull[39m }[33m;[39m
     [90m 19 |[39m         } [36mcatch[39m (err[33m:[39m any) {
    [31m[1m>[22m[39m[90m 20 |[39m             
console[33m.[39merror([32m'Error adding set:'[39m[33m,[39m err)[33m;[39m
     [90m    |[39m                     [31m[1m^[22m[39m
     [90m 21 |[39m             [36mreturn[39m { data[33m:[39m 
[36mnull[39m[33m,[39m error[33m:[39m err[33m.[39mmessage }[33m;[39m
     [90m 22 |[39m         }
     [90m 23 |[39m     }[33m;[39m[0m

      at Object.addSet (src/hooks/useSets.ts:20:21)
      at Object.<anonymous> (src/__tests__/hooks/useSets.test.ts:81:30)

    console.error
      react-test-renderer is deprecated. See 
https://react.dev/warnings/react-test-renderer

    [0m [90m  97 |[39m             mockSupabase[33m.[39msingle[33m.[39mmo
ckResolvedValueOnce(mockSupabaseResponse(updatedSet))[33m;[39m
     [90m  98 |[39m
    [31m[1m>[22m[39m[90m  99 |[39m             [36mconst[39m { result } 
[33m=[39m renderHook(() [33m=>[39m useSets())[33m;[39m
     [90m     |[39m                                          
[31m[1m^[22m[39m
     [90m 100 |[39m
     [90m 101 |[39m             [36mconst[39m response [33m=[39m 
[36mawait[39m 
result[33m.[39mcurrent[33m.[39mupdateSet([32m'set-1'[39m[33m,[39m { 
weight[33m:[39m [35m185[39m })[33m;[39m
     [90m 102 |[39m[0m

      at Object.process.env.NODE_ENV.exports.create (node_modules/react-test-ren
derer/cjs/react-test-renderer.development.js:14598:17)
      at create 
(node_modules/@testing-library/react-native/src/render-act.ts:15:29)
      at callback (node_modules/@testing-library/react-native/src/act.ts:31:24)
      at process.env.NODE_ENV.exports.act 
(node_modules/react/cjs/react.development.js:789:22)
      at actImplementation 
(node_modules/@testing-library/react-native/src/act.ts:30:25)
      at renderWithAct 
(node_modules/@testing-library/react-native/src/render-act.ts:13:11)
      at renderInternal 
(node_modules/@testing-library/react-native/src/render.tsx:69:33)
      at renderInternal 
(node_modules/@testing-library/react-native/src/render.tsx:44:10)
      at renderHook 
(node_modules/@testing-library/react-native/src/render-hook.tsx:55:58)
      at Object.<anonymous> (src/__tests__/hooks/useSets.test.ts:99:42)

    console.error
      react-test-renderer is deprecated. See 
https://react.dev/warnings/react-test-renderer

    [0m [90m 117 |[39m             mockSupabase[33m.[39msingle[33m.[39mmo
ckResolvedValueOnce(mockSupabaseResponse(updatedSet))[33m;[39m
     [90m 118 |[39m
    [31m[1m>[22m[39m[90m 119 |[39m             [36mconst[39m { result } 
[33m=[39m renderHook(() [33m=>[39m useSets())[33m;[39m
     [90m     |[39m                                          
[31m[1m^[22m[39m
     [90m 120 |[39m
     [90m 121 |[39m             [36mconst[39m response [33m=[39m 
[36mawait[39m 
result[33m.[39mcurrent[33m.[39mupdateSet([32m'set-1'[39m[33m,[39m { 
reps[33m:[39m [35m12[39m })[33m;[39m
     [90m 122 |[39m[0m

      at Object.process.env.NODE_ENV.exports.create (node_modules/react-test-ren
derer/cjs/react-test-renderer.development.js:14598:17)
      at create 
(node_modules/@testing-library/react-native/src/render-act.ts:15:29)
      at callback (node_modules/@testing-library/react-native/src/act.ts:31:24)
      at process.env.NODE_ENV.exports.act 
(node_modules/react/cjs/react.development.js:789:22)
      at actImplementation 
(node_modules/@testing-library/react-native/src/act.ts:30:25)
      at renderWithAct 
(node_modules/@testing-library/react-native/src/render-act.ts:13:11)
      at renderInternal 
(node_modules/@testing-library/react-native/src/render.tsx:69:33)
      at renderInternal 
(node_modules/@testing-library/react-native/src/render.tsx:44:10)
      at renderHook 
(node_modules/@testing-library/react-native/src/render-hook.tsx:55:58)
      at Object.<anonymous> (src/__tests__/hooks/useSets.test.ts:119:42)

    console.error
      react-test-renderer is deprecated. See 
https://react.dev/warnings/react-test-renderer

    [0m [90m 128 |[39m             mockSupabase[33m.[39msingle[33m.[39mmo
ckResolvedValueOnce(mockSupabaseError([32m'Not found'[39m))[33m;[39m
     [90m 129 |[39m
    [31m[1m>[22m[39m[90m 130 |[39m             [36mconst[39m { result } 
[33m=[39m renderHook(() [33m=>[39m useSets())[33m;[39m
     [90m     |[39m                                          
[31m[1m^[22m[39m
     [90m 131 |[39m
     [90m 132 |[39m             [36mconst[39m response [33m=[39m 
[36mawait[39m 
result[33m.[39mcurrent[33m.[39mupdateSet([32m'set-invalid'[39m[33m,[39m 
{ weight[33m:[39m [35m100[39m })[33m;[39m
     [90m 133 |[39m[0m

      at Object.process.env.NODE_ENV.exports.create (node_modules/react-test-ren
derer/cjs/react-test-renderer.development.js:14598:17)
      at create 
(node_modules/@testing-library/react-native/src/render-act.ts:15:29)
      at callback (node_modules/@testing-library/react-native/src/act.ts:31:24)
      at process.env.NODE_ENV.exports.act 
(node_modules/react/cjs/react.development.js:789:22)
      at actImplementation 
(node_modules/@testing-library/react-native/src/act.ts:30:25)
      at renderWithAct 
(node_modules/@testing-library/react-native/src/render-act.ts:13:11)
      at renderInternal 
(node_modules/@testing-library/react-native/src/render.tsx:69:33)
      at renderInternal 
(node_modules/@testing-library/react-native/src/render.tsx:44:10)
      at renderHook 
(node_modules/@testing-library/react-native/src/render-hook.tsx:55:58)
      at Object.<anonymous> (src/__tests__/hooks/useSets.test.ts:130:42)

    console.error
      Error updating set: { message: 'Not found', code: 'ERROR', details: '', 
hint: '' }

    [0m [90m 35 |[39m             [36mreturn[39m { data[33m,[39m 
error[33m:[39m [36mnull[39m }[33m;[39m
     [90m 36 |[39m         } [36mcatch[39m (err[33m:[39m any) {
    [31m[1m>[22m[39m[90m 37 |[39m             
console[33m.[39merror([32m'Error updating set:'[39m[33m,[39m 
err)[33m;[39m
     [90m    |[39m                     [31m[1m^[22m[39m
     [90m 38 |[39m             [36mreturn[39m { data[33m:[39m 
[36mnull[39m[33m,[39m error[33m:[39m err[33m.[39mmessage }[33m;[39m
     [90m 39 |[39m         }
     [90m 40 |[39m     }[33m;[39m[0m

      at Object.updateSet (src/hooks/useSets.ts:37:21)
      at Object.<anonymous> (src/__tests__/hooks/useSets.test.ts:132:30)

    console.error
      react-test-renderer is deprecated. See 
https://react.dev/warnings/react-test-renderer

    [0m [90m 141 |[39m             mockSupabase[33m.[39meq[33m.[39mmockRe
solvedValueOnce(mockSupabaseResponse([36mnull[39m))[33m;[39m
     [90m 142 |[39m
    [31m[1m>[22m[39m[90m 143 |[39m             [36mconst[39m { result } 
[33m=[39m renderHook(() [33m=>[39m useSets())[33m;[39m
     [90m     |[39m                                          
[31m[1m^[22m[39m
     [90m 144 |[39m
     [90m 145 |[39m             [36mconst[39m response [33m=[39m 
[36mawait[39m 
result[33m.[39mcurrent[33m.[39mdeleteSet([32m'set-1'[39m)[33m;[39m
     [90m 146 |[39m[0m

      at Object.process.env.NODE_ENV.exports.create (node_modules/react-test-ren
derer/cjs/react-test-renderer.development.js:14598:17)
      at create 
(node_modules/@testing-library/react-native/src/render-act.ts:15:29)
      at callback (node_modules/@testing-library/react-native/src/act.ts:31:24)
      at process.env.NODE_ENV.exports.act 
(node_modules/react/cjs/react.development.js:789:22)
      at actImplementation 
(node_modules/@testing-library/react-native/src/act.ts:30:25)
      at renderWithAct 
(node_modules/@testing-library/react-native/src/render-act.ts:13:11)
      at renderInternal 
(node_modules/@testing-library/react-native/src/render.tsx:69:33)
      at renderInternal 
(node_modules/@testing-library/react-native/src/render.tsx:44:10)
      at renderHook 
(node_modules/@testing-library/react-native/src/render-hook.tsx:55:58)
      at Object.<anonymous> (src/__tests__/hooks/useSets.test.ts:143:42)

    console.error
      react-test-renderer is deprecated. See 
https://react.dev/warnings/react-test-renderer

    [0m [90m 154 |[39m             mockSupabase[33m.[39meq[33m.[39mmockRe
solvedValueOnce(mockSupabaseError([32m'Delete failed'[39m))[33m;[39m
     [90m 155 |[39m
    [31m[1m>[22m[39m[90m 156 |[39m             [36mconst[39m { result } 
[33m=[39m renderHook(() [33m=>[39m useSets())[33m;[39m
     [90m     |[39m                                          
[31m[1m^[22m[39m
     [90m 157 |[39m
     [90m 158 |[39m             [36mconst[39m response [33m=[39m 
[36mawait[39m 
result[33m.[39mcurrent[33m.[39mdeleteSet([32m'set-invalid'[39m)[33m;[39m
     [90m 159 |[39m[0m

      at Object.process.env.NODE_ENV.exports.create (node_modules/react-test-ren
derer/cjs/react-test-renderer.development.js:14598:17)
      at create 
(node_modules/@testing-library/react-native/src/render-act.ts:15:29)
      at callback (node_modules/@testing-library/react-native/src/act.ts:31:24)
      at process.env.NODE_ENV.exports.act 
(node_modules/react/cjs/react.development.js:789:22)
      at actImplementation 
(node_modules/@testing-library/react-native/src/act.ts:30:25)
      at renderWithAct 
(node_modules/@testing-library/react-native/src/render-act.ts:13:11)
      at renderInternal 
(node_modules/@testing-library/react-native/src/render.tsx:69:33)
      at renderInternal 
(node_modules/@testing-library/react-native/src/render.tsx:44:10)
      at renderHook 
(node_modules/@testing-library/react-native/src/render-hook.tsx:55:58)
      at Object.<anonymous> (src/__tests__/hooks/useSets.test.ts:156:42)

    console.error
      Error deleting set: { message: 'Delete failed', code: 'ERROR', details: 
'', hint: '' }

    [0m [90m 47 |[39m             [36mreturn[39m { error[33m:[39m 
[36mnull[39m }[33m;[39m
     [90m 48 |[39m         } [36mcatch[39m (err[33m:[39m any) {
    [31m[1m>[22m[39m[90m 49 |[39m             
console[33m.[39merror([32m'Error deleting set:'[39m[33m,[39m 
err)[33m;[39m
     [90m    |[39m                     [31m[1m^[22m[39m
     [90m 50 |[39m             [36mreturn[39m { error[33m:[39m 
err[33m.[39mmessage }[33m;[39m
     [90m 51 |[39m         }
     [90m 52 |[39m     }[33m;[39m[0m

      at Object.deleteSet (src/hooks/useSets.ts:49:21)
      at Object.<anonymous> (src/__tests__/hooks/useSets.test.ts:158:30)

    console.error
      react-test-renderer is deprecated. See 
https://react.dev/warnings/react-test-renderer

    [0m [90m 172 |[39m             mockSupabase[33m.[39msingle[33m.[39mmo
ckResolvedValueOnce(mockSupabaseResponse(completedSet))[33m;[39m
     [90m 173 |[39m
    [31m[1m>[22m[39m[90m 174 |[39m             [36mconst[39m { result } 
[33m=[39m renderHook(() [33m=>[39m useSets())[33m;[39m
     [90m     |[39m                                          
[31m[1m^[22m[39m
     [90m 175 |[39m
     [90m 176 |[39m             [36mconst[39m response [33m=[39m 
[36mawait[39m result[33m.[39mcurrent[33m.[39mtoggleSetComplete([32m'set-1
'[39m[33m,[39m [36mfalse[39m)[33m;[39m
     [90m 177 |[39m[0m

      at Object.process.env.NODE_ENV.exports.create (node_modules/react-test-ren
derer/cjs/react-test-renderer.development.js:14598:17)
      at create 
(node_modules/@testing-library/react-native/src/render-act.ts:15:29)
      at callback (node_modules/@testing-library/react-native/src/act.ts:31:24)
      at process.env.NODE_ENV.exports.act 
(node_modules/react/cjs/react.development.js:789:22)
      at actImplementation 
(node_modules/@testing-library/react-native/src/act.ts:30:25)
      at renderWithAct 
(node_modules/@testing-library/react-native/src/render-act.ts:13:11)
      at renderInternal 
(node_modules/@testing-library/react-native/src/render.tsx:69:33)
      at renderInternal 
(node_modules/@testing-library/react-native/src/render.tsx:44:10)
      at renderHook 
(node_modules/@testing-library/react-native/src/render-hook.tsx:55:58)
      at Object.<anonymous> (src/__tests__/hooks/useSets.test.ts:174:42)

    console.error
      react-test-renderer is deprecated. See 
https://react.dev/warnings/react-test-renderer

    [0m [90m 194 |[39m             mockSupabase[33m.[39msingle[33m.[39mmo
ckResolvedValueOnce(mockSupabaseResponse(incompleteSet))[33m;[39m
     [90m 195 |[39m
    [31m[1m>[22m[39m[90m 196 |[39m             [36mconst[39m { result } 
[33m=[39m renderHook(() [33m=>[39m useSets())[33m;[39m
     [90m     |[39m                                          
[31m[1m^[22m[39m
     [90m 197 |[39m
     [90m 198 |[39m             [36mconst[39m response [33m=[39m 
[36mawait[39m result[33m.[39mcurrent[33m.[39mtoggleSetComplete([32m'set-1
'[39m[33m,[39m [36mtrue[39m)[33m;[39m
     [90m 199 |[39m[0m

      at Object.process.env.NODE_ENV.exports.create (node_modules/react-test-ren
derer/cjs/react-test-renderer.development.js:14598:17)
      at create 
(node_modules/@testing-library/react-native/src/render-act.ts:15:29)
      at callback (node_modules/@testing-library/react-native/src/act.ts:31:24)
      at process.env.NODE_ENV.exports.act 
(node_modules/react/cjs/react.development.js:789:22)
      at actImplementation 
(node_modules/@testing-library/react-native/src/act.ts:30:25)
      at renderWithAct 
(node_modules/@testing-library/react-native/src/render-act.ts:13:11)
      at renderInternal 
(node_modules/@testing-library/react-native/src/render.tsx:69:33)
      at renderInternal 
(node_modules/@testing-library/react-native/src/render.tsx:44:10)
      at renderHook 
(node_modules/@testing-library/react-native/src/render-hook.tsx:55:58)
      at Object.<anonymous> (src/__tests__/hooks/useSets.test.ts:196:42)

    console.error
      react-test-renderer is deprecated. See 
https://react.dev/warnings/react-test-renderer

    [0m [90m 208 |[39m             mockSupabase[33m.[39msingle[33m.[39mmo
ckResolvedValueOnce(mockSupabaseError([32m'Toggle failed'[39m))[33m;[39m
     [90m 209 |[39m
    [31m[1m>[22m[39m[90m 210 |[39m             [36mconst[39m { result } 
[33m=[39m renderHook(() [33m=>[39m useSets())[33m;[39m
     [90m     |[39m                                          
[31m[1m^[22m[39m
     [90m 211 |[39m
     [90m 212 |[39m             [36mconst[39m response [33m=[39m 
[36mawait[39m result[33m.[39mcurrent[33m.[39mtoggleSetComplete([32m'set-i
nvalid'[39m[33m,[39m [36mfalse[39m)[33m;[39m
     [90m 213 |[39m[0m

      at Object.process.env.NODE_ENV.exports.create (node_modules/react-test-ren
derer/cjs/react-test-renderer.development.js:14598:17)
      at create 
(node_modules/@testing-library/react-native/src/render-act.ts:15:29)
      at callback (node_modules/@testing-library/react-native/src/act.ts:31:24)
      at process.env.NODE_ENV.exports.act 
(node_modules/react/cjs/react.development.js:789:22)
      at actImplementation 
(node_modules/@testing-library/react-native/src/act.ts:30:25)
      at renderWithAct 
(node_modules/@testing-library/react-native/src/render-act.ts:13:11)
      at renderInternal 
(node_modules/@testing-library/react-native/src/render.tsx:69:33)
      at renderInternal 
(node_modules/@testing-library/react-native/src/render.tsx:44:10)
      at renderHook 
(node_modules/@testing-library/react-native/src/render-hook.tsx:55:58)
      at Object.<anonymous> (src/__tests__/hooks/useSets.test.ts:210:42)

    console.error
      Error toggling set: { message: 'Toggle failed', code: 'ERROR', details: 
'', hint: '' }

    [0m [90m 74 |[39m             [36mreturn[39m { data[33m,[39m 
error[33m:[39m [36mnull[39m }[33m;[39m
     [90m 75 |[39m         } [36mcatch[39m (err[33m:[39m any) {
    [31m[1m>[22m[39m[90m 76 |[39m             
console[33m.[39merror([32m'Error toggling set:'[39m[33m,[39m 
err)[33m;[39m
     [90m    |[39m                     [31m[1m^[22m[39m
     [90m 77 |[39m             [36mreturn[39m { data[33m:[39m 
[36mnull[39m[33m,[39m error[33m:[39m err[33m.[39mmessage }[33m;[39m
     [90m 78 |[39m         }
     [90m 79 |[39m     }[33m;[39m[0m

      at Object.toggleSetComplete (src/hooks/useSets.ts:76:21)
      at Object.<anonymous> (src/__tests__/hooks/useSets.test.ts:212:30)

    console.error
      react-test-renderer is deprecated. See 
https://react.dev/warnings/react-test-renderer

    [0m [90m 230 |[39m             mockSupabase[33m.[39msingle[33m.[39mmo
ckResolvedValueOnce(mockSupabaseResponse(duplicatedSet))[33m;[39m
     [90m 231 |[39m
    [31m[1m>[22m[39m[90m 232 |[39m             [36mconst[39m { result } 
[33m=[39m renderHook(() [33m=>[39m useSets())[33m;[39m
     [90m     |[39m                                          
[31m[1m^[22m[39m
     [90m 233 |[39m
     [90m 234 |[39m             [36mconst[39m response [33m=[39m 
[36mawait[39m 
result[33m.[39mcurrent[33m.[39mduplicateSet([32m'we-1'[39m[33m,[39m 
sourceSet)[33m;[39m
     [90m 235 |[39m[0m

      at Object.process.env.NODE_ENV.exports.create (node_modules/react-test-ren
derer/cjs/react-test-renderer.development.js:14598:17)
      at create 
(node_modules/@testing-library/react-native/src/render-act.ts:15:29)
      at callback (node_modules/@testing-library/react-native/src/act.ts:31:24)
      at process.env.NODE_ENV.exports.act 
(node_modules/react/cjs/react.development.js:789:22)
      at actImplementation 
(node_modules/@testing-library/react-native/src/act.ts:30:25)
      at renderWithAct 
(node_modules/@testing-library/react-native/src/render-act.ts:13:11)
      at renderInternal 
(node_modules/@testing-library/react-native/src/render.tsx:69:33)
      at renderInternal 
(node_modules/@testing-library/react-native/src/render.tsx:44:10)
      at renderHook 
(node_modules/@testing-library/react-native/src/render-hook.tsx:55:58)
      at Object.<anonymous> (src/__tests__/hooks/useSets.test.ts:232:42)

    console.error
      react-test-renderer is deprecated. See 
https://react.dev/warnings/react-test-renderer

    [0m [90m 254 |[39m             mockSupabase[33m.[39msingle[33m.[39mmo
ckResolvedValueOnce(mockSupabaseResponse(duplicatedSet))[33m;[39m
     [90m 255 |[39m
    [31m[1m>[22m[39m[90m 256 |[39m             [36mconst[39m { result } 
[33m=[39m renderHook(() [33m=>[39m useSets())[33m;[39m
     [90m     |[39m                                          
[31m[1m^[22m[39m
     [90m 257 |[39m
     [90m 258 |[39m             [36mconst[39m response [33m=[39m 
[36mawait[39m 
result[33m.[39mcurrent[33m.[39mduplicateSet([32m'we-1'[39m)[33m;[39m
     [90m 259 |[39m[0m

      at Object.process.env.NODE_ENV.exports.create (node_modules/react-test-ren
derer/cjs/react-test-renderer.development.js:14598:17)
      at create 
(node_modules/@testing-library/react-native/src/render-act.ts:15:29)
      at callback (node_modules/@testing-library/react-native/src/act.ts:31:24)
      at process.env.NODE_ENV.exports.act 
(node_modules/react/cjs/react.development.js:789:22)
      at actImplementation 
(node_modules/@testing-library/react-native/src/act.ts:30:25)
      at renderWithAct 
(node_modules/@testing-library/react-native/src/render-act.ts:13:11)
      at renderInternal 
(node_modules/@testing-library/react-native/src/render.tsx:69:33)
      at renderInternal 
(node_modules/@testing-library/react-native/src/render.tsx:44:10)
      at renderHook 
(node_modules/@testing-library/react-native/src/render-hook.tsx:55:58)
      at Object.<anonymous> (src/__tests__/hooks/useSets.test.ts:256:42)

    console.error
      react-test-renderer is deprecated. See 
https://react.dev/warnings/react-test-renderer

    [0m [90m 270 |[39m             mockSupabase[33m.[39msingle[33m.[39mmo
ckResolvedValueOnce(mockSupabaseError([32m'Duplicate failed'[39m))[33m;[39m
     [90m 271 |[39m
    [31m[1m>[22m[39m[90m 272 |[39m             [36mconst[39m { result } 
[33m=[39m renderHook(() [33m=>[39m useSets())[33m;[39m
     [90m     |[39m                                          
[31m[1m^[22m[39m
     [90m 273 |[39m
     [90m 274 |[39m             [36mconst[39m response [33m=[39m 
[36mawait[39m 
result[33m.[39mcurrent[33m.[39mduplicateSet([32m'we-1'[39m)[33m;[39m
     [90m 275 |[39m[0m

      at Object.process.env.NODE_ENV.exports.create (node_modules/react-test-ren
derer/cjs/react-test-renderer.development.js:14598:17)
      at create 
(node_modules/@testing-library/react-native/src/render-act.ts:15:29)
      at callback (node_modules/@testing-library/react-native/src/act.ts:31:24)
      at process.env.NODE_ENV.exports.act 
(node_modules/react/cjs/react.development.js:789:22)
      at actImplementation 
(node_modules/@testing-library/react-native/src/act.ts:30:25)
      at renderWithAct 
(node_modules/@testing-library/react-native/src/render-act.ts:13:11)
      at renderInternal 
(node_modules/@testing-library/react-native/src/render.tsx:69:33)
      at renderInternal 
(node_modules/@testing-library/react-native/src/render.tsx:44:10)
      at renderHook 
(node_modules/@testing-library/react-native/src/render-hook.tsx:55:58)
      at Object.<anonymous> (src/__tests__/hooks/useSets.test.ts:272:42)

    console.error
      Error duplicating set: { message: 'Duplicate failed', code: 'ERROR', 
details: '', hint: '' }

    [0m [90m 93 |[39m             [36mreturn[39m { data[33m,[39m 
error[33m:[39m [36mnull[39m }[33m;[39m
     [90m 94 |[39m         } [36mcatch[39m (err[33m:[39m any) {
    [31m[1m>[22m[39m[90m 95 |[39m             
console[33m.[39merror([32m'Error duplicating set:'[39m[33m,[39m 
err)[33m;[39m
     [90m    |[39m                     [31m[1m^[22m[39m
     [90m 96 |[39m             [36mreturn[39m { data[33m:[39m 
[36mnull[39m[33m,[39m error[33m:[39m err[33m.[39mmessage }[33m;[39m
     [90m 97 |[39m         }
     [90m 98 |[39m     }[33m;[39m[0m

      at Object.duplicateSet (src/hooks/useSets.ts:95:21)
      at Object.<anonymous> (src/__tests__/hooks/useSets.test.ts:274:30)

FAIL src/__tests__/hooks/useWorkouts.test.ts
  ΓùÅ Console

    console.error
      react-test-renderer is deprecated. See 
https://react.dev/warnings/react-test-renderer

    [0m [90m 33 |[39m         mockSupabase[33m.[39morder[33m.[39mmockReso
lvedValueOnce(mockSupabaseResponse(mockWorkouts))[33m;[39m
     [90m 34 |[39m
    [31m[1m>[22m[39m[90m 35 |[39m         [36mconst[39m { result } 
[33m=[39m renderHook(() [33m=>[39m useWorkouts()[33m,[39m {
     [90m    |[39m                                      [31m[1m^[22m[39m
     [90m 36 |[39m             wrapper[33m:[39m 
[33mMockAuthProvider[39m[33m,[39m
     [90m 37 |[39m         })[33m;[39m
     [90m 38 |[39m[0m

      at Object.process.env.NODE_ENV.exports.create (node_modules/react-test-ren
derer/cjs/react-test-renderer.development.js:14598:17)
      at create 
(node_modules/@testing-library/react-native/src/render-act.ts:15:29)
      at callback (node_modules/@testing-library/react-native/src/act.ts:31:24)
      at process.env.NODE_ENV.exports.act 
(node_modules/react/cjs/react.development.js:789:22)
      at actImplementation 
(node_modules/@testing-library/react-native/src/act.ts:30:25)
      at renderWithAct 
(node_modules/@testing-library/react-native/src/render-act.ts:13:11)
      at renderInternal 
(node_modules/@testing-library/react-native/src/render.tsx:69:33)
      at renderInternal 
(node_modules/@testing-library/react-native/src/render.tsx:44:10)
      at renderHook 
(node_modules/@testing-library/react-native/src/render-hook.tsx:55:58)
      at Object.<anonymous> (src/__tests__/hooks/useWorkouts.test.ts:35:38)

    console.error
      react-test-renderer is deprecated. See 
https://react.dev/warnings/react-test-renderer

    [0m [90m 58 |[39m         mockSupabase[33m.[39msingle[33m.[39mmockRes
olvedValue(mockSupabaseResponse(createdWorkout))[33m;[39m
     [90m 59 |[39m
    [31m[1m>[22m[39m[90m 60 |[39m         [36mconst[39m { result } 
[33m=[39m renderHook(() [33m=>[39m useWorkouts()[33m,[39m {
     [90m    |[39m                                      [31m[1m^[22m[39m
     [90m 61 |[39m             wrapper[33m:[39m 
[33mMockAuthProvider[39m[33m,[39m
     [90m 62 |[39m         })[33m;[39m
     [90m 63 |[39m[0m

      at Object.process.env.NODE_ENV.exports.create (node_modules/react-test-ren
derer/cjs/react-test-renderer.development.js:14598:17)
      at create 
(node_modules/@testing-library/react-native/src/render-act.ts:15:29)
      at callback (node_modules/@testing-library/react-native/src/act.ts:31:24)
      at process.env.NODE_ENV.exports.act 
(node_modules/react/cjs/react.development.js:789:22)
      at actImplementation 
(node_modules/@testing-library/react-native/src/act.ts:30:25)
      at renderWithAct 
(node_modules/@testing-library/react-native/src/render-act.ts:13:11)
      at renderInternal 
(node_modules/@testing-library/react-native/src/render.tsx:69:33)
      at renderInternal 
(node_modules/@testing-library/react-native/src/render.tsx:44:10)
      at renderHook 
(node_modules/@testing-library/react-native/src/render-hook.tsx:55:58)
      at Object.<anonymous> (src/__tests__/hooks/useWorkouts.test.ts:60:38)

    console.error
      react-test-renderer is deprecated. See 
https://react.dev/warnings/react-test-renderer

    [0m [90m 90 |[39m         mockSupabase[33m.[39meq[33m.[39mmockResolve
dValue(mockSupabaseResponse([36mnull[39m))[33m;[39m
     [90m 91 |[39m
    [31m[1m>[22m[39m[90m 92 |[39m         [36mconst[39m { result } 
[33m=[39m renderHook(() [33m=>[39m useWorkouts()[33m,[39m {
     [90m    |[39m                                      [31m[1m^[22m[39m
     [90m 93 |[39m             wrapper[33m:[39m 
[33mMockAuthProvider[39m[33m,[39m
     [90m 94 |[39m         })[33m;[39m
     [90m 95 |[39m[0m

      at Object.process.env.NODE_ENV.exports.create (node_modules/react-test-ren
derer/cjs/react-test-renderer.development.js:14598:17)
      at create 
(node_modules/@testing-library/react-native/src/render-act.ts:15:29)
      at callback (node_modules/@testing-library/react-native/src/act.ts:31:24)
      at process.env.NODE_ENV.exports.act 
(node_modules/react/cjs/react.development.js:789:22)
      at actImplementation 
(node_modules/@testing-library/react-native/src/act.ts:30:25)
      at renderWithAct 
(node_modules/@testing-library/react-native/src/render-act.ts:13:11)
      at renderInternal 
(node_modules/@testing-library/react-native/src/render.tsx:69:33)
      at renderInternal 
(node_modules/@testing-library/react-native/src/render.tsx:44:10)
      at renderHook 
(node_modules/@testing-library/react-native/src/render-hook.tsx:55:58)
      at Object.<anonymous> (src/__tests__/hooks/useWorkouts.test.ts:92:38)

    console.error
      Error fetching workouts: TypeError: 
supabaseClient_1.supabase.from(...).select(...).eq(...).order is not a function
          at 
C:\Users\jared\Desktop\Coding\Projects\HYBRID\src\hooks\useWorkouts.ts:36:18
          at 
C:\Users\jared\Desktop\Coding\Projects\HYBRID\src\hooks\useWorkouts.ts:315:13
          at Object.react-stack-bottom-frame (C:\Users\jared\Desktop\Coding\Proj
ects\HYBRID\node_modules\react-test-renderer\cjs\react-test-renderer.development
.js:14062:20)
          at runWithFiberInDEV (C:\Users\jared\Desktop\Coding\Projects\HYBRID\no
de_modules\react-test-renderer\cjs\react-test-renderer.development.js:1574:13)
          at commitHookEffectListMount (C:\Users\jared\Desktop\Coding\Projects\H
YBRID\node_modules\react-test-renderer\cjs\react-test-renderer.development.js:83
76:29)
          at commitHookPassiveMountEffects (C:\Users\jared\Desktop\Coding\Projec
ts\HYBRID\node_modules\react-test-renderer\cjs\react-test-renderer.development.j
s:8465:11)
          at commitPassiveMountOnFiber (C:\Users\jared\Desktop\Coding\Projects\H
YBRID\node_modules\react-test-renderer\cjs\react-test-renderer.development.js:97
82:13)
          at recursivelyTraversePassiveMountEffects (C:\Users\jared\Desktop\Codi
ng\Projects\HYBRID\node_modules\react-test-renderer\cjs\react-test-renderer.deve
lopment.js:9756:11)
          at commitPassiveMountOnFiber (C:\Users\jared\Desktop\Coding\Projects\H
YBRID\node_modules\react-test-renderer\cjs\react-test-renderer.development.js:98
97:11)
          at recursivelyTraversePassiveMountEffects (C:\Users\jared\Desktop\Codi
ng\Projects\HYBRID\node_modules\react-test-renderer\cjs\react-test-renderer.deve
lopment.js:9756:11)
          at commitPassiveMountOnFiber (C:\Users\jared\Desktop\Coding\Projects\H
YBRID\node_modules\react-test-renderer\cjs\react-test-renderer.development.js:97
75:11)
          at recursivelyTraversePassiveMountEffects (C:\Users\jared\Desktop\Codi
ng\Projects\HYBRID\node_modules\react-test-renderer\cjs\react-test-renderer.deve
lopment.js:9756:11)
          at commitPassiveMountOnFiber (C:\Users\jared\Desktop\Coding\Projects\H
YBRID\node_modules\react-test-renderer\cjs\react-test-renderer.development.js:97
94:11)
          at flushPendingEffects (C:\Users\jared\Desktop\Coding\Projects\HYBRID\
node_modules\react-test-renderer\cjs\react-test-renderer.development.js:11528:11
)
          at performWorkOnRootViaSchedulerTask (C:\Users\jared\Desktop\Coding\Pr
ojects\HYBRID\node_modules\react-test-renderer\cjs\react-test-renderer.developme
nt.js:2082:11)
          at flushActQueue (C:\Users\jared\Desktop\Coding\Projects\HYBRID\node_m
odules\react\cjs\react.development.js:566:34)
          at process.env.NODE_ENV.exports.act (C:\Users\jared\Desktop\Coding\Pro
jects\HYBRID\node_modules\react\cjs\react.development.js:859:10)
          at actImplementation (C:\Users\jared\Desktop\Coding\Projects\HYBRID\no
de_modules\@testing-library\react-native\src\act.ts:30:25)
          at renderWithAct (C:\Users\jared\Desktop\Coding\Projects\HYBRID\node_m
odules\@testing-library\react-native\src\render-act.ts:13:11)
          at renderInternal (C:\Users\jared\Desktop\Coding\Projects\HYBRID\node_
modules\@testing-library\react-native\src\render.tsx:69:33)
          at renderInternal (C:\Users\jared\Desktop\Coding\Projects\HYBRID\node_
modules\@testing-library\react-native\src\render.tsx:44:10)
          at renderHook (C:\Users\jared\Desktop\Coding\Projects\HYBRID\node_modu
les\@testing-library\react-native\src\render-hook.tsx:55:58)
          at Object.<anonymous> (C:\Users\jared\Desktop\Coding\Projects\HYBRID\s
rc\__tests__\hooks\useWorkouts.test.ts:92:38)
          at Promise.finally.completed (C:\Users\jared\Desktop\Coding\Projects\H
YBRID\node_modules\jest-circus\build\jestAdapterInit.js:1557:28)
          at new Promise (<anonymous>)
          at callAsyncCircusFn (C:\Users\jared\Desktop\Coding\Projects\HYBRID\no
de_modules\jest-circus\build\jestAdapterInit.js:1497:10)
          at _callCircusTest (C:\Users\jared\Desktop\Coding\Projects\HYBRID\node
_modules\jest-circus\build\jestAdapterInit.js:1007:40)
          at _runTest (C:\Users\jared\Desktop\Coding\Projects\HYBRID\node_module
s\jest-circus\build\jestAdapterInit.js:947:3)
          at C:\Users\jared\Desktop\Coding\Projects\HYBRID\node_modules\jest-cir
cus\build\jestAdapterInit.js:849:7
          at _runTestsForDescribeBlock (C:\Users\jared\Desktop\Coding\Projects\H
YBRID\node_modules\jest-circus\build\jestAdapterInit.js:862:11)
          at _runTestsForDescribeBlock (C:\Users\jared\Desktop\Coding\Projects\H
YBRID\node_modules\jest-circus\build\jestAdapterInit.js:857:11)
          at run (C:\Users\jared\Desktop\Coding\Projects\HYBRID\node_modules\jes
t-circus\build\jestAdapterInit.js:761:3)
          at runAndTransformResultsToJestFormat (C:\Users\jared\Desktop\Coding\P
rojects\HYBRID\node_modules\jest-circus\build\jestAdapterInit.js:1918:21)
          at jestAdapter (C:\Users\jared\Desktop\Coding\Projects\HYBRID\node_mod
ules\jest-circus\build\runner.js:101:19)
          at runTestInternal (C:\Users\jared\Desktop\Coding\Projects\HYBRID\node
_modules\jest-runner\build\testWorker.js:275:16)
          at runTest (C:\Users\jared\Desktop\Coding\Projects\HYBRID\node_modules
\jest-runner\build\testWorker.js:343:7)
          at Object.worker (C:\Users\jared\Desktop\Coding\Projects\HYBRID\node_m
odules\jest-runner\build\testWorker.js:497:12)

    [0m [90m 58 |[39m             setError([36mnull[39m)[33m;[39m
     [90m 59 |[39m         } [36mcatch[39m (err[33m:[39m any) {
    [31m[1m>[22m[39m[90m 60 |[39m             
console[33m.[39merror([32m'Error fetching workouts:'[39m[33m,[39m 
err)[33m;[39m
     [90m    |[39m                     [31m[1m^[22m[39m
     [90m 61 |[39m             setError(err[33m.[39mmessage)[33m;[39m
     [90m 62 |[39m             setWorkouts([])[33m;[39m
     [90m 63 |[39m         } [36mfinally[39m {[0m

      at src/hooks/useWorkouts.ts:60:21
      at src/hooks/useWorkouts.ts:315:13
      at Object.react-stack-bottom-frame (node_modules/react-test-renderer/cjs/r
eact-test-renderer.development.js:14062:20)
      at runWithFiberInDEV (node_modules/react-test-renderer/cjs/react-test-rend
erer.development.js:1574:13)
      at commitHookEffectListMount (node_modules/react-test-renderer/cjs/react-t
est-renderer.development.js:8376:29)
      at commitHookPassiveMountEffects (node_modules/react-test-renderer/cjs/rea
ct-test-renderer.development.js:8465:11)
      at commitPassiveMountOnFiber (node_modules/react-test-renderer/cjs/react-t
est-renderer.development.js:9782:13)
      at recursivelyTraversePassiveMountEffects (node_modules/react-test-rendere
r/cjs/react-test-renderer.development.js:9756:11)
      at commitPassiveMountOnFiber (node_modules/react-test-renderer/cjs/react-t
est-renderer.development.js:9897:11)
      at recursivelyTraversePassiveMountEffects (node_modules/react-test-rendere
r/cjs/react-test-renderer.development.js:9756:11)
      at commitPassiveMountOnFiber (node_modules/react-test-renderer/cjs/react-t
est-renderer.development.js:9775:11)
      at recursivelyTraversePassiveMountEffects (node_modules/react-test-rendere
r/cjs/react-test-renderer.development.js:9756:11)
      at commitPassiveMountOnFiber (node_modules/react-test-renderer/cjs/react-t
est-renderer.development.js:9794:11)
      at flushPendingEffects (node_modules/react-test-renderer/cjs/react-test-re
nderer.development.js:11528:11)
      at performWorkOnRootViaSchedulerTask (node_modules/react-test-renderer/cjs
/react-test-renderer.development.js:2082:11)
      at flushActQueue (node_modules/react/cjs/react.development.js:566:34)
      at process.env.NODE_ENV.exports.act 
(node_modules/react/cjs/react.development.js:859:10)
      at actImplementation 
(node_modules/@testing-library/react-native/src/act.ts:30:25)
      at renderWithAct 
(node_modules/@testing-library/react-native/src/render-act.ts:13:11)
      at renderInternal 
(node_modules/@testing-library/react-native/src/render.tsx:69:33)
      at renderInternal 
(node_modules/@testing-library/react-native/src/render.tsx:44:10)
      at renderHook 
(node_modules/@testing-library/react-native/src/render-hook.tsx:55:58)
      at Object.<anonymous> (src/__tests__/hooks/useWorkouts.test.ts:92:38)

  ΓùÅ useWorkouts ΓÇ║ creates a workout with optimistic update

    expect(received).toContainEqual(expected) // deep equality

    Expected value: ObjectContaining {"name": "Chest Day"}
    Received array: []

    [0m [90m 73 |[39m         
expect(response[33m.[39mdata)[33m.[39mtoEqual(createdWorkout)[33m;[39m
     [90m 74 |[39m         [90m// Should be in the list[39m
    [31m[1m>[22m[39m[90m 75 |[39m         expect(result[33m.[39mcurrent
[33m.[39mworkouts)[33m.[39mtoContainEqual(expect[33m.[39mobjectContaining({
 name[33m:[39m [32m'Chest Day'[39m }))[33m;[39m
     [90m    |[39m                                         
[31m[1m^[22m[39m
     [90m 76 |[39m     })[33m;[39m
     [90m 77 |[39m
     [90m 78 |[39m     it([32m'deletes a workout optimistic 
update'[39m[33m,[39m [36masync[39m () [33m=>[39m {[0m

      at Object.<anonymous> (src/__tests__/hooks/useWorkouts.test.ts:75:41)

  ΓùÅ useWorkouts ΓÇ║ deletes a workout optimistic update

    expect(received).toHaveLength(expected)

    Expected length: 1
    Received length: 0
    Received array:  []

    [0m [90m  96 |[39m         [90m// Wait for initial fetch[39m
     [90m  97 |[39m         [36mawait[39m waitFor(() [33m=>[39m expect(res
ult[33m.[39mcurrent[33m.[39mloading)[33m.[39mtoBe([36mfalse[39m))[33m;
[39m
    [31m[1m>[22m[39m[90m  98 |[39m         expect(result[33m.[39mcurrent
[33m.[39mworkouts)[33m.[39mtoHaveLength([35m1[39m)[33m;[39m
     [90m     |[39m                                         
[31m[1m^[22m[39m
     [90m  99 |[39m
     [90m 100 |[39m         [90m// Delete[39m
     [90m 101 |[39m         [36mawait[39m waitFor([36masync[39m () 
[33m=>[39m {[0m

      at Object.<anonymous> (src/__tests__/hooks/useWorkouts.test.ts:98:41)

FAIL src/__tests__/flows/workoutFlow.test.ts
  ΓùÅ Console

    console.error
      react-test-renderer is deprecated. See 
https://react.dev/warnings/react-test-renderer

    [0m [90m 75 |[39m         mockSupabase[33m.[39morder[33m.[39mmockReso
lvedValueOnce(mockSupabaseResponse([]))[33m;[39m
     [90m 76 |[39m
    [31m[1m>[22m[39m[90m 77 |[39m         [36mconst[39m { 
result[33m:[39m workoutsResult } [33m=[39m renderHook(() [33m=>[39m 
useWorkouts()[33m,[39m {
     [90m    |[39m                                                      
[31m[1m^[22m[39m
     [90m 78 |[39m             wrapper[33m:[39m 
[33mMockAuthProvider[39m[33m,[39m
     [90m 79 |[39m         })[33m;[39m
     [90m 80 |[39m[0m

      at Object.process.env.NODE_ENV.exports.create (node_modules/react-test-ren
derer/cjs/react-test-renderer.development.js:14598:17)
      at create 
(node_modules/@testing-library/react-native/src/render-act.ts:15:29)
      at callback (node_modules/@testing-library/react-native/src/act.ts:31:24)
      at process.env.NODE_ENV.exports.act 
(node_modules/react/cjs/react.development.js:789:22)
      at actImplementation 
(node_modules/@testing-library/react-native/src/act.ts:30:25)
      at renderWithAct 
(node_modules/@testing-library/react-native/src/render-act.ts:13:11)
      at renderInternal 
(node_modules/@testing-library/react-native/src/render.tsx:69:33)
      at renderInternal 
(node_modules/@testing-library/react-native/src/render.tsx:44:10)
      at renderHook 
(node_modules/@testing-library/react-native/src/render-hook.tsx:55:58)
      at Object.<anonymous> (src/__tests__/flows/workoutFlow.test.ts:77:54)

    console.error
      An update to HookContainer inside a test was not wrapped in act(...).
      
      When testing, code that causes React state updates should be wrapped into 
act(...):
      
      act(() => {
        /* fire events that update state */
      });
      /* assert on the output */
      
      This ensures that you're testing the behavior the user would see in the 
browser. Learn more at https://react.dev/link/wrap-tests-with-act

    [0m [90m 134 |[39m
     [90m 135 |[39m         [90m// OPTIMISTIC: Add to local state 
immediately[39m
    [31m[1m>[22m[39m[90m 136 |[39m         setWorkouts((prev) 
[33m=>[39m [[33m...[39mprev[33m,[39m optimisticWorkout][33m.[39msort(
     [90m     |[39m         [31m[1m^[22m[39m
     [90m 137 |[39m             (a[33m,[39m b) [33m=>[39m 
a[33m.[39mscheduled_date[33m.[39mlocaleCompare(b[33m.[39mscheduled_date)
     [90m 138 |[39m         ))[33m;[39m
     [90m 139 |[39m[0m

      at 
node_modules/react-test-renderer/cjs/react-test-renderer.development.js:11801:19
      at runWithFiberInDEV (node_modules/react-test-renderer/cjs/react-test-rend
erer.development.js:1574:13)
      at warnIfUpdatesNotWrappedWithActDEV (node_modules/react-test-renderer/cjs
/react-test-renderer.development.js:11800:9)
      at scheduleUpdateOnFiber (node_modules/react-test-renderer/cjs/react-test-
renderer.development.js:10326:9)
      at dispatchSetStateInternal (node_modules/react-test-renderer/cjs/react-te
st-renderer.development.js:4148:13)
      at dispatchSetState 
(node_modules/react-test-renderer/cjs/react-test-renderer.development.js:4107:7)
      at Object.createWorkout (src/hooks/useWorkouts.ts:136:9)
      at Object.<anonymous> (src/__tests__/flows/workoutFlow.test.ts:88:61)

    console.error
      An update to HookContainer inside a test was not wrapped in act(...).
      
      When testing, code that causes React state updates should be wrapped into 
act(...):
      
      act(() => {
        /* fire events that update state */
      });
      /* assert on the output */
      
      This ensures that you're testing the behavior the user would see in the 
browser. Learn more at https://react.dev/link/wrap-tests-with-act

    [0m [90m 154 |[39m
     [90m 155 |[39m             [90m// Replace temp workout with real 
one[39m
    [31m[1m>[22m[39m[90m 156 |[39m             setWorkouts((prev) 
[33m=>[39m prev[33m.[39mmap((w) [33m=>[39m
     [90m     |[39m             [31m[1m^[22m[39m
     [90m 157 |[39m                 w[33m.[39mid [33m===[39m tempId 
[33m?[39m { [33m...[39mnewWorkout[33m,[39m workout_exercises[33m:[39m 
[] } [33m:[39m w
     [90m 158 |[39m             ))[33m;[39m
     [90m 159 |[39m[0m

      at 
node_modules/react-test-renderer/cjs/react-test-renderer.development.js:11801:19
      at runWithFiberInDEV (node_modules/react-test-renderer/cjs/react-test-rend
erer.development.js:1574:13)
      at warnIfUpdatesNotWrappedWithActDEV (node_modules/react-test-renderer/cjs
/react-test-renderer.development.js:11800:9)
      at scheduleUpdateOnFiber (node_modules/react-test-renderer/cjs/react-test-
renderer.development.js:10326:9)
      at dispatchSetStateInternal (node_modules/react-test-renderer/cjs/react-te
st-renderer.development.js:4148:13)
      at dispatchSetState 
(node_modules/react-test-renderer/cjs/react-test-renderer.development.js:4107:7)
      at Object.createWorkout (src/hooks/useWorkouts.ts:156:13)
      at Object.<anonymous> (src/__tests__/flows/workoutFlow.test.ts:88:32)

    console.error
      react-test-renderer is deprecated. See 
https://react.dev/warnings/react-test-renderer

    [0m [90m 100 |[39m
     [90m 101 |[39m     it([32m'manages sets within a workout 
exercise'[39m[33m,[39m [36masync[39m () [33m=>[39m {
    [31m[1m>[22m[39m[90m 102 |[39m         [36mconst[39m { 
result[33m:[39m setsResult } [33m=[39m renderHook(() [33m=>[39m 
useSets())[33m;[39m
     [90m     |[39m                                                  
[31m[1m^[22m[39m
     [90m 103 |[39m
     [90m 104 |[39m         [90m// Add first set[39m
     [90m 105 |[39m         [36mconst[39m newSet1 [33m=[39m { 
id[33m:[39m [32m'set-1'[39m[33m,[39m workout_exercise_id[33m:[39m 
[32m'we-1'[39m[33m,[39m weight[33m:[39m [35m135[39m[33m,[39m 
reps[33m:[39m [35m10[39m[33m,[39m is_completed[33m:[39m [36mfalse[39m 
}[33m;[39m[0m

      at Object.process.env.NODE_ENV.exports.create (node_modules/react-test-ren
derer/cjs/react-test-renderer.development.js:14598:17)
      at create 
(node_modules/@testing-library/react-native/src/render-act.ts:15:29)
      at callback (node_modules/@testing-library/react-native/src/act.ts:31:24)
      at process.env.NODE_ENV.exports.act 
(node_modules/react/cjs/react.development.js:789:22)
      at actImplementation 
(node_modules/@testing-library/react-native/src/act.ts:30:25)
      at renderWithAct 
(node_modules/@testing-library/react-native/src/render-act.ts:13:11)
      at renderInternal 
(node_modules/@testing-library/react-native/src/render.tsx:69:33)
      at renderInternal 
(node_modules/@testing-library/react-native/src/render.tsx:44:10)
      at renderHook 
(node_modules/@testing-library/react-native/src/render-hook.tsx:55:58)
      at Object.<anonymous> (src/__tests__/flows/workoutFlow.test.ts:102:50)

    console.error
      react-test-renderer is deprecated. See 
https://react.dev/warnings/react-test-renderer

    [0m [90m 126 |[39m
     [90m 127 |[39m     it([32m'completes sets in sequence during 
workout'[39m[33m,[39m [36masync[39m () [33m=>[39m {
    [31m[1m>[22m[39m[90m 128 |[39m         [36mconst[39m { 
result[33m:[39m setsResult } [33m=[39m renderHook(() [33m=>[39m 
useSets())[33m;[39m
     [90m     |[39m                                                  
[31m[1m^[22m[39m
     [90m 129 |[39m
     [90m 130 |[39m         [90m// Complete first set[39m
     [90m 131 |[39m         [36mconst[39m completedSet1 [33m=[39m { 
id[33m:[39m [32m'set-1'[39m[33m,[39m is_completed[33m:[39m 
[36mtrue[39m[33m,[39m completed_at[33m:[39m [36mnew[39m 
[33mDate[39m()[33m.[39mtoISOString() }[33m;[39m[0m

      at Object.process.env.NODE_ENV.exports.create (node_modules/react-test-ren
derer/cjs/react-test-renderer.development.js:14598:17)
      at create 
(node_modules/@testing-library/react-native/src/render-act.ts:15:29)
      at callback (node_modules/@testing-library/react-native/src/act.ts:31:24)
      at process.env.NODE_ENV.exports.act 
(node_modules/react/cjs/react.development.js:789:22)
      at actImplementation 
(node_modules/@testing-library/react-native/src/act.ts:30:25)
      at renderWithAct 
(node_modules/@testing-library/react-native/src/render-act.ts:13:11)
      at renderInternal 
(node_modules/@testing-library/react-native/src/render.tsx:69:33)
      at renderInternal 
(node_modules/@testing-library/react-native/src/render.tsx:44:10)
      at renderHook 
(node_modules/@testing-library/react-native/src/render-hook.tsx:55:58)
      at Object.<anonymous> (src/__tests__/flows/workoutFlow.test.ts:128:50)

    console.error
      react-test-renderer is deprecated. See 
https://react.dev/warnings/react-test-renderer

    [0m [90m 151 |[39m
     [90m 152 |[39m     it([32m'updates set values 
mid-workout'[39m[33m,[39m [36masync[39m () [33m=>[39m {
    [31m[1m>[22m[39m[90m 153 |[39m         [36mconst[39m { 
result[33m:[39m setsResult } [33m=[39m renderHook(() [33m=>[39m 
useSets())[33m;[39m
     [90m     |[39m                                                  
[31m[1m^[22m[39m
     [90m 154 |[39m
     [90m 155 |[39m         [90m// User realizes they can do more weight[39m
     [90m 156 |[39m         [36mconst[39m updatedSet [33m=[39m { 
id[33m:[39m [32m'set-2'[39m[33m,[39m weight[33m:[39m 
[35m165[39m[33m,[39m reps[33m:[39m [35m8[39m[33m,[39m 
is_completed[33m:[39m [36mfalse[39m }[33m;[39m[0m

      at Object.process.env.NODE_ENV.exports.create (node_modules/react-test-ren
derer/cjs/react-test-renderer.development.js:14598:17)
      at create 
(node_modules/@testing-library/react-native/src/render-act.ts:15:29)
      at callback (node_modules/@testing-library/react-native/src/act.ts:31:24)
      at process.env.NODE_ENV.exports.act 
(node_modules/react/cjs/react.development.js:789:22)
      at actImplementation 
(node_modules/@testing-library/react-native/src/act.ts:30:25)
      at renderWithAct 
(node_modules/@testing-library/react-native/src/render-act.ts:13:11)
      at renderInternal 
(node_modules/@testing-library/react-native/src/render.tsx:69:33)
      at renderInternal 
(node_modules/@testing-library/react-native/src/render.tsx:44:10)
      at renderHook 
(node_modules/@testing-library/react-native/src/render-hook.tsx:55:58)
      at Object.<anonymous> (src/__tests__/flows/workoutFlow.test.ts:153:50)

    console.error
      react-test-renderer is deprecated. See 
https://react.dev/warnings/react-test-renderer

    [0m [90m 162 |[39m
     [90m 163 |[39m     it([32m'allows removing a set if user changes their 
mind'[39m[33m,[39m [36masync[39m () [33m=>[39m {
    [31m[1m>[22m[39m[90m 164 |[39m         [36mconst[39m { 
result[33m:[39m setsResult } [33m=[39m renderHook(() [33m=>[39m 
useSets())[33m;[39m
     [90m     |[39m                                                  
[31m[1m^[22m[39m
     [90m 165 |[39m
     [90m 166 |[39m         mockSupabase[33m.[39meq[33m.[39mmockResolvedVa
lueOnce(mockSupabaseResponse([36mnull[39m))[33m;[39m
     [90m 167 |[39m[0m

      at Object.process.env.NODE_ENV.exports.create (node_modules/react-test-ren
derer/cjs/react-test-renderer.development.js:14598:17)
      at create 
(node_modules/@testing-library/react-native/src/render-act.ts:15:29)
      at callback (node_modules/@testing-library/react-native/src/act.ts:31:24)
      at process.env.NODE_ENV.exports.act 
(node_modules/react/cjs/react.development.js:789:22)
      at actImplementation 
(node_modules/@testing-library/react-native/src/act.ts:30:25)
      at renderWithAct 
(node_modules/@testing-library/react-native/src/render-act.ts:13:11)
      at renderInternal 
(node_modules/@testing-library/react-native/src/render.tsx:69:33)
      at renderInternal 
(node_modules/@testing-library/react-native/src/render.tsx:44:10)
      at renderHook 
(node_modules/@testing-library/react-native/src/render-hook.tsx:55:58)
      at Object.<anonymous> (src/__tests__/flows/workoutFlow.test.ts:164:50)

    console.error
      react-test-renderer is deprecated. See 
https://react.dev/warnings/react-test-renderer

    [0m [90m 171 |[39m
     [90m 172 |[39m     it([32m'can undo set completion if marked by 
mistake'[39m[33m,[39m [36masync[39m () [33m=>[39m {
    [31m[1m>[22m[39m[90m 173 |[39m         [36mconst[39m { 
result[33m:[39m setsResult } [33m=[39m renderHook(() [33m=>[39m 
useSets())[33m;[39m
     [90m     |[39m                                                  
[31m[1m^[22m[39m
     [90m 174 |[39m
     [90m 175 |[39m         [90m// Accidentally marked complete[39m
     [90m 176 |[39m         [36mconst[39m incompleteSet [33m=[39m { 
id[33m:[39m [32m'set-2'[39m[33m,[39m is_completed[33m:[39m 
[36mfalse[39m[33m,[39m completed_at[33m:[39m [36mnull[39m 
}[33m;[39m[0m

      at Object.process.env.NODE_ENV.exports.create (node_modules/react-test-ren
derer/cjs/react-test-renderer.development.js:14598:17)
      at create 
(node_modules/@testing-library/react-native/src/render-act.ts:15:29)
      at callback (node_modules/@testing-library/react-native/src/act.ts:31:24)
      at process.env.NODE_ENV.exports.act 
(node_modules/react/cjs/react.development.js:789:22)
      at actImplementation 
(node_modules/@testing-library/react-native/src/act.ts:30:25)
      at renderWithAct 
(node_modules/@testing-library/react-native/src/render-act.ts:13:11)
      at renderInternal 
(node_modules/@testing-library/react-native/src/render.tsx:69:33)
      at renderInternal 
(node_modules/@testing-library/react-native/src/render.tsx:44:10)
      at renderHook 
(node_modules/@testing-library/react-native/src/render-hook.tsx:55:58)
      at Object.<anonymous> (src/__tests__/flows/workoutFlow.test.ts:173:50)

    console.error
      react-test-renderer is deprecated. See 
https://react.dev/warnings/react-test-renderer

    [0m [90m 207 |[39m         mockSupabase[33m.[39morder[33m.[39mmockRes
olvedValueOnce(mockSupabaseResponse(allWorkouts))[33m;[39m
     [90m 208 |[39m
    [31m[1m>[22m[39m[90m 209 |[39m         [36mconst[39m { result } 
[33m=[39m renderHook(() [33m=>[39m useWorkouts()[33m,[39m {
     [90m     |[39m                                      [31m[1m^[22m[39m
     [90m 210 |[39m             wrapper[33m:[39m 
[33mMockAuthProvider[39m[33m,[39m
     [90m 211 |[39m         })[33m;[39m
     [90m 212 |[39m[0m

      at Object.process.env.NODE_ENV.exports.create (node_modules/react-test-ren
derer/cjs/react-test-renderer.development.js:14598:17)
      at create 
(node_modules/@testing-library/react-native/src/render-act.ts:15:29)
      at callback (node_modules/@testing-library/react-native/src/act.ts:31:24)
      at process.env.NODE_ENV.exports.act 
(node_modules/react/cjs/react.development.js:789:22)
      at actImplementation 
(node_modules/@testing-library/react-native/src/act.ts:30:25)
      at renderWithAct 
(node_modules/@testing-library/react-native/src/render-act.ts:13:11)
      at renderInternal 
(node_modules/@testing-library/react-native/src/render.tsx:69:33)
      at renderInternal 
(node_modules/@testing-library/react-native/src/render.tsx:44:10)
      at renderHook 
(node_modules/@testing-library/react-native/src/render-hook.tsx:55:58)
      at Object.<anonymous> (src/__tests__/flows/workoutFlow.test.ts:209:38)

    console.error
      react-test-renderer is deprecated. See 
https://react.dev/warnings/react-test-renderer

    [0m [90m 232 |[39m         mockSupabase[33m.[39morder[33m.[39mmockRes
olvedValueOnce(mockSupabaseResponse([]))[33m;[39m
     [90m 233 |[39m
    [31m[1m>[22m[39m[90m 234 |[39m         [36mconst[39m { result } 
[33m=[39m renderHook(() [33m=>[39m useWorkouts()[33m,[39m {
     [90m     |[39m                                      [31m[1m^[22m[39m
     [90m 235 |[39m             wrapper[33m:[39m 
[33mMockAuthProvider[39m[33m,[39m
     [90m 236 |[39m         })[33m;[39m
     [90m 237 |[39m[0m

      at Object.process.env.NODE_ENV.exports.create (node_modules/react-test-ren
derer/cjs/react-test-renderer.development.js:14598:17)
      at create 
(node_modules/@testing-library/react-native/src/render-act.ts:15:29)
      at callback (node_modules/@testing-library/react-native/src/act.ts:31:24)
      at process.env.NODE_ENV.exports.act 
(node_modules/react/cjs/react.development.js:789:22)
      at actImplementation 
(node_modules/@testing-library/react-native/src/act.ts:30:25)
      at renderWithAct 
(node_modules/@testing-library/react-native/src/render-act.ts:13:11)
      at renderInternal 
(node_modules/@testing-library/react-native/src/render.tsx:69:33)
      at renderInternal 
(node_modules/@testing-library/react-native/src/render.tsx:44:10)
      at renderHook 
(node_modules/@testing-library/react-native/src/render-hook.tsx:55:58)
      at Object.<anonymous> (src/__tests__/flows/workoutFlow.test.ts:234:38)

  ΓùÅ User Flow: Complete Workout Session ΓÇ║ completes a full workout session 
flow

    expect(received).toBeGreaterThanOrEqual(expected)

    Expected: >= 1
    Received:    0

    [0m [90m  95 |[39m
     [90m  96 |[39m         [90m// Step 3: Verify workout is now in list[39m
    [31m[1m>[22m[39m[90m  97 |[39m         expect(workoutsResult[33m.[39
mcurrent[33m.[39mworkouts[33m.[39mlength)[33m.[39mtoBeGreaterThanOrEqual(
[35m1[39m)[33m;[39m
     [90m     |[39m                                                        
[31m[1m^[22m[39m
     [90m  98 |[39m         
expect(workoutsResult[33m.[39mcurrent[33m.[39mworkouts[33m.[39msome(w 
[33m=>[39m w[33m.[39mname [33m===[39m [32m'Push 
Day'[39m))[33m.[39mtoBe([36mtrue[39m)[33m;[39m
     [90m  99 |[39m     })[33m;[39m
     [90m 100 |[39m[0m

      at Object.<anonymous> (src/__tests__/flows/workoutFlow.test.ts:97:56)

FAIL src/__tests__/flows/profileFlow.test.ts
  ΓùÅ Console

    console.error
      react-test-renderer is deprecated. See 
https://react.dev/warnings/react-test-renderer

    [0m [90m 53 |[39m         })[33m;[39m
     [90m 54 |[39m
    [31m[1m>[22m[39m[90m 55 |[39m         [36mconst[39m { result } 
[33m=[39m renderHook(() [33m=>[39m useAthleteProfile()[33m,[39m {
     [90m    |[39m                                      [31m[1m^[22m[39m
     [90m 56 |[39m             wrapper[33m:[39m 
[33mMockAuthProvider[39m[33m,[39m
     [90m 57 |[39m         })[33m;[39m
     [90m 58 |[39m[0m

      at Object.process.env.NODE_ENV.exports.create (node_modules/react-test-ren
derer/cjs/react-test-renderer.development.js:14598:17)
      at create 
(node_modules/@testing-library/react-native/src/render-act.ts:15:29)
      at callback (node_modules/@testing-library/react-native/src/act.ts:31:24)
      at process.env.NODE_ENV.exports.act 
(node_modules/react/cjs/react.development.js:789:22)
      at actImplementation 
(node_modules/@testing-library/react-native/src/act.ts:30:25)
      at renderWithAct 
(node_modules/@testing-library/react-native/src/render-act.ts:13:11)
      at renderInternal 
(node_modules/@testing-library/react-native/src/render.tsx:69:33)
      at renderInternal 
(node_modules/@testing-library/react-native/src/render.tsx:44:10)
      at renderHook 
(node_modules/@testing-library/react-native/src/render-hook.tsx:55:58)
      at Object.<anonymous> (src/__tests__/flows/profileFlow.test.ts:55:38)

    console.error
      An update to HookContainer inside a test was not wrapped in act(...).
      
      When testing, code that causes React state updates should be wrapped into 
act(...):
      
      act(() => {
        /* fire events that update state */
      });
      /* assert on the output */
      
      This ensures that you're testing the behavior the user would see in the 
browser. Learn more at https://react.dev/link/wrap-tests-with-act

    [0m [90m  98 |[39m             [36mif[39m (updateError) 
[36mthrow[39m updateError[33m;[39m
     [90m  99 |[39m
    [31m[1m>[22m[39m[90m 100 |[39m             setProfile(data)[33m;[39m
     [90m     |[39m             [31m[1m^[22m[39m
     [90m 101 |[39m
     [90m 102 |[39m             [90m// Update cache[39m
     [90m 103 |[39m             [36mif[39m (data) {[0m

      at 
node_modules/react-test-renderer/cjs/react-test-renderer.development.js:11801:19
      at runWithFiberInDEV (node_modules/react-test-renderer/cjs/react-test-rend
erer.development.js:1574:13)
      at warnIfUpdatesNotWrappedWithActDEV (node_modules/react-test-renderer/cjs
/react-test-renderer.development.js:11800:9)
      at scheduleUpdateOnFiber (node_modules/react-test-renderer/cjs/react-test-
renderer.development.js:10326:9)
      at dispatchSetStateInternal (node_modules/react-test-renderer/cjs/react-te
st-renderer.development.js:4148:13)
      at dispatchSetState 
(node_modules/react-test-renderer/cjs/react-test-renderer.development.js:4107:7)
      at Object.updateProfile (src/hooks/useAthleteProfile.ts:100:13)
      at Object.<anonymous> (src/__tests__/flows/profileFlow.test.ts:71:32)

    console.error
      react-test-renderer is deprecated. See 
https://react.dev/warnings/react-test-renderer

    [0m [90m 84 |[39m         mockSupabase[33m.[39msingle[33m.[39mmockRes
olvedValueOnce(mockSupabaseResponse(initialProfile))[33m;[39m
     [90m 85 |[39m
    [31m[1m>[22m[39m[90m 86 |[39m         [36mconst[39m { result } 
[33m=[39m renderHook(() [33m=>[39m useAthleteProfile()[33m,[39m {
     [90m    |[39m                                      [31m[1m^[22m[39m
     [90m 87 |[39m             wrapper[33m:[39m 
[33mMockAuthProvider[39m[33m,[39m
     [90m 88 |[39m         })[33m;[39m
     [90m 89 |[39m[0m

      at Object.process.env.NODE_ENV.exports.create (node_modules/react-test-ren
derer/cjs/react-test-renderer.development.js:14598:17)
      at create 
(node_modules/@testing-library/react-native/src/render-act.ts:15:29)
      at callback (node_modules/@testing-library/react-native/src/act.ts:31:24)
      at process.env.NODE_ENV.exports.act 
(node_modules/react/cjs/react.development.js:789:22)
      at actImplementation 
(node_modules/@testing-library/react-native/src/act.ts:30:25)
      at renderWithAct 
(node_modules/@testing-library/react-native/src/render-act.ts:13:11)
      at renderInternal 
(node_modules/@testing-library/react-native/src/render.tsx:69:33)
      at renderInternal 
(node_modules/@testing-library/react-native/src/render.tsx:44:10)
      at renderHook 
(node_modules/@testing-library/react-native/src/render-hook.tsx:55:58)
      at Object.<anonymous> (src/__tests__/flows/profileFlow.test.ts:86:38)

    console.error
      An update to HookContainer inside a test was not wrapped in act(...).
      
      When testing, code that causes React state updates should be wrapped into 
act(...):
      
      act(() => {
        /* fire events that update state */
      });
      /* assert on the output */
      
      This ensures that you're testing the behavior the user would see in the 
browser. Learn more at https://react.dev/link/wrap-tests-with-act

    [0m [90m  98 |[39m             [36mif[39m (updateError) 
[36mthrow[39m updateError[33m;[39m
     [90m  99 |[39m
    [31m[1m>[22m[39m[90m 100 |[39m             setProfile(data)[33m;[39m
     [90m     |[39m             [31m[1m^[22m[39m
     [90m 101 |[39m
     [90m 102 |[39m             [90m// Update cache[39m
     [90m 103 |[39m             [36mif[39m (data) {[0m

      at 
node_modules/react-test-renderer/cjs/react-test-renderer.development.js:11801:19
      at runWithFiberInDEV (node_modules/react-test-renderer/cjs/react-test-rend
erer.development.js:1574:13)
      at warnIfUpdatesNotWrappedWithActDEV (node_modules/react-test-renderer/cjs
/react-test-renderer.development.js:11800:9)
      at scheduleUpdateOnFiber (node_modules/react-test-renderer/cjs/react-test-
renderer.development.js:10326:9)
      at dispatchSetStateInternal (node_modules/react-test-renderer/cjs/react-te
st-renderer.development.js:4148:13)
      at dispatchSetState 
(node_modules/react-test-renderer/cjs/react-test-renderer.development.js:4107:7)
      at Object.updateProfile (src/hooks/useAthleteProfile.ts:100:13)
      at Object.<anonymous> (src/__tests__/flows/profileFlow.test.ts:97:9)

    console.error
      react-test-renderer is deprecated. See 
https://react.dev/warnings/react-test-renderer

    [0m [90m 110 |[39m         mockSupabase[33m.[39msingle[33m.[39mmockRe
solvedValueOnce(mockSupabaseResponse(initialProfile))[33m;[39m
     [90m 111 |[39m
    [31m[1m>[22m[39m[90m 112 |[39m         [36mconst[39m { result } 
[33m=[39m renderHook(() [33m=>[39m useAthleteProfile()[33m,[39m {
     [90m     |[39m                                      [31m[1m^[22m[39m
     [90m 113 |[39m             wrapper[33m:[39m 
[33mMockAuthProvider[39m[33m,[39m
     [90m 114 |[39m         })[33m;[39m
     [90m 115 |[39m[0m

      at Object.process.env.NODE_ENV.exports.create (node_modules/react-test-ren
derer/cjs/react-test-renderer.development.js:14598:17)
      at create 
(node_modules/@testing-library/react-native/src/render-act.ts:15:29)
      at callback (node_modules/@testing-library/react-native/src/act.ts:31:24)
      at process.env.NODE_ENV.exports.act 
(node_modules/react/cjs/react.development.js:789:22)
      at actImplementation 
(node_modules/@testing-library/react-native/src/act.ts:30:25)
      at renderWithAct 
(node_modules/@testing-library/react-native/src/render-act.ts:13:11)
      at renderInternal 
(node_modules/@testing-library/react-native/src/render.tsx:69:33)
      at renderInternal 
(node_modules/@testing-library/react-native/src/render.tsx:44:10)
      at renderHook 
(node_modules/@testing-library/react-native/src/render-hook.tsx:55:58)
      at Object.<anonymous> (src/__tests__/flows/profileFlow.test.ts:112:38)

    console.error
      An update to HookContainer inside a test was not wrapped in act(...).
      
      When testing, code that causes React state updates should be wrapped into 
act(...):
      
      act(() => {
        /* fire events that update state */
      });
      /* assert on the output */
      
      This ensures that you're testing the behavior the user would see in the 
browser. Learn more at https://react.dev/link/wrap-tests-with-act

    [0m [90m 138 |[39m
     [90m 139 |[39m             [36mconst[39m updatedProfile [33m=[39m { 
[33m...[39mprofile[33m,[39m badges[33m:[39m newBadges }[33m;[39m
    [31m[1m>[22m[39m[90m 140 |[39m             setProfile(updatedProfile 
[36mas[39m [33mAthleteProfile[39m)[33m;[39m
     [90m     |[39m             [31m[1m^[22m[39m
     [90m 141 |[39m
     [90m 142 |[39m             [90m// Update cache[39m
     [90m 143 |[39m             [36mawait[39m 
[33mAsyncStorage[39m[33m.[39msetItem([33mPROFILE_CACHE_KEY[39m[33m,[39m 
[33mJSON[39m[33m.[39mstringify(updatedProfile))[33m;[39m[0m

      at 
node_modules/react-test-renderer/cjs/react-test-renderer.development.js:11801:19
      at runWithFiberInDEV (node_modules/react-test-renderer/cjs/react-test-rend
erer.development.js:1574:13)
      at warnIfUpdatesNotWrappedWithActDEV (node_modules/react-test-renderer/cjs
/react-test-renderer.development.js:11800:9)
      at scheduleUpdateOnFiber (node_modules/react-test-renderer/cjs/react-test-
renderer.development.js:10326:9)
      at dispatchSetStateInternal (node_modules/react-test-renderer/cjs/react-te
st-renderer.development.js:4148:13)
      at dispatchSetState 
(node_modules/react-test-renderer/cjs/react-test-renderer.development.js:4107:7)
      at Object.addBadge (src/hooks/useAthleteProfile.ts:140:13)
      at Object.<anonymous> (src/__tests__/flows/profileFlow.test.ts:123:9)

    console.error
      react-test-renderer is deprecated. See 
https://react.dev/warnings/react-test-renderer

    [0m [90m 140 |[39m         mockSupabase[33m.[39msingle[33m.[39mmockRe
solvedValueOnce(mockSupabaseResponse(initialProfile))[33m;[39m
     [90m 141 |[39m
    [31m[1m>[22m[39m[90m 142 |[39m         [36mconst[39m { result } 
[33m=[39m renderHook(() [33m=>[39m useAthleteProfile()[33m,[39m {
     [90m     |[39m                                      [31m[1m^[22m[39m
     [90m 143 |[39m             wrapper[33m:[39m 
[33mMockAuthProvider[39m[33m,[39m
     [90m 144 |[39m         })[33m;[39m
     [90m 145 |[39m[0m

      at Object.process.env.NODE_ENV.exports.create (node_modules/react-test-ren
derer/cjs/react-test-renderer.development.js:14598:17)
      at create 
(node_modules/@testing-library/react-native/src/render-act.ts:15:29)
      at callback (node_modules/@testing-library/react-native/src/act.ts:31:24)
      at process.env.NODE_ENV.exports.act 
(node_modules/react/cjs/react.development.js:789:22)
      at actImplementation 
(node_modules/@testing-library/react-native/src/act.ts:30:25)
      at renderWithAct 
(node_modules/@testing-library/react-native/src/render-act.ts:13:11)
      at renderInternal 
(node_modules/@testing-library/react-native/src/render.tsx:69:33)
      at renderInternal 
(node_modules/@testing-library/react-native/src/render.tsx:44:10)
      at renderHook 
(node_modules/@testing-library/react-native/src/render-hook.tsx:55:58)
      at Object.<anonymous> (src/__tests__/flows/profileFlow.test.ts:142:38)

    console.error
      An update to HookContainer inside a test was not wrapped in act(...).
      
      When testing, code that causes React state updates should be wrapped into 
act(...):
      
      act(() => {
        /* fire events that update state */
      });
      /* assert on the output */
      
      This ensures that you're testing the behavior the user would see in the 
browser. Learn more at https://react.dev/link/wrap-tests-with-act

    [0m [90m  98 |[39m             [36mif[39m (updateError) 
[36mthrow[39m updateError[33m;[39m
     [90m  99 |[39m
    [31m[1m>[22m[39m[90m 100 |[39m             setProfile(data)[33m;[39m
     [90m     |[39m             [31m[1m^[22m[39m
     [90m 101 |[39m
     [90m 102 |[39m             [90m// Update cache[39m
     [90m 103 |[39m             [36mif[39m (data) {[0m

      at 
node_modules/react-test-renderer/cjs/react-test-renderer.development.js:11801:19
      at runWithFiberInDEV (node_modules/react-test-renderer/cjs/react-test-rend
erer.development.js:1574:13)
      at warnIfUpdatesNotWrappedWithActDEV (node_modules/react-test-renderer/cjs
/react-test-renderer.development.js:11800:9)
      at scheduleUpdateOnFiber (node_modules/react-test-renderer/cjs/react-test-
renderer.development.js:10326:9)
      at dispatchSetStateInternal (node_modules/react-test-renderer/cjs/react-te
st-renderer.development.js:4148:13)
      at dispatchSetState 
(node_modules/react-test-renderer/cjs/react-test-renderer.development.js:4107:7)
      at Object.updateProfile (src/hooks/useAthleteProfile.ts:100:13)
      at Object.<anonymous> (src/__tests__/flows/profileFlow.test.ts:153:9)

    console.error
      react-test-renderer is deprecated. See 
https://react.dev/warnings/react-test-renderer

    [0m [90m 184 |[39m         mockSupabase[33m.[39msingle[33m.[39mmockRe
solvedValueOnce(mockSupabaseResponse(freshProfile))[33m;[39m
     [90m 185 |[39m
    [31m[1m>[22m[39m[90m 186 |[39m         [36mconst[39m { result } 
[33m=[39m renderHook(() [33m=>[39m useAthleteProfile()[33m,[39m {
     [90m     |[39m                                      [31m[1m^[22m[39m
     [90m 187 |[39m             wrapper[33m:[39m 
[33mMockAuthProvider[39m[33m,[39m
     [90m 188 |[39m         })[33m;[39m
     [90m 189 |[39m[0m

      at Object.process.env.NODE_ENV.exports.create (node_modules/react-test-ren
derer/cjs/react-test-renderer.development.js:14598:17)
      at create 
(node_modules/@testing-library/react-native/src/render-act.ts:15:29)
      at callback (node_modules/@testing-library/react-native/src/act.ts:31:24)
      at process.env.NODE_ENV.exports.act 
(node_modules/react/cjs/react.development.js:789:22)
      at actImplementation 
(node_modules/@testing-library/react-native/src/act.ts:30:25)
      at renderWithAct 
(node_modules/@testing-library/react-native/src/render-act.ts:13:11)
      at renderInternal 
(node_modules/@testing-library/react-native/src/render.tsx:69:33)
      at renderInternal 
(node_modules/@testing-library/react-native/src/render.tsx:44:10)
      at renderHook 
(node_modules/@testing-library/react-native/src/render-hook.tsx:55:58)
      at Object.<anonymous> (src/__tests__/flows/profileFlow.test.ts:186:38)

    console.error
      react-test-renderer is deprecated. See 
https://react.dev/warnings/react-test-renderer

    [0m [90m 200 |[39m         mockSupabase[33m.[39msingle[33m.[39mmockRe
solvedValueOnce(mockSupabaseResponse(cachedProfile))[33m;[39m
     [90m 201 |[39m
    [31m[1m>[22m[39m[90m 202 |[39m         [36mconst[39m { result } 
[33m=[39m renderHook(() [33m=>[39m useAthleteProfile()[33m,[39m {
     [90m     |[39m                                      [31m[1m^[22m[39m
     [90m 203 |[39m             wrapper[33m:[39m 
[33mMockAuthProvider[39m[33m,[39m
     [90m 204 |[39m         })[33m;[39m
     [90m 205 |[39m[0m

      at Object.process.env.NODE_ENV.exports.create (node_modules/react-test-ren
derer/cjs/react-test-renderer.development.js:14598:17)
      at create 
(node_modules/@testing-library/react-native/src/render-act.ts:15:29)
      at callback (node_modules/@testing-library/react-native/src/act.ts:31:24)
      at process.env.NODE_ENV.exports.act 
(node_modules/react/cjs/react.development.js:789:22)
      at actImplementation 
(node_modules/@testing-library/react-native/src/act.ts:30:25)
      at renderWithAct 
(node_modules/@testing-library/react-native/src/render-act.ts:13:11)
      at renderInternal 
(node_modules/@testing-library/react-native/src/render.tsx:69:33)
      at renderInternal 
(node_modules/@testing-library/react-native/src/render.tsx:44:10)
      at renderHook 
(node_modules/@testing-library/react-native/src/render-hook.tsx:55:58)
      at Object.<anonymous> (src/__tests__/flows/profileFlow.test.ts:202:38)

    console.error
      An update to HookContainer inside a test was not wrapped in act(...).
      
      When testing, code that causes React state updates should be wrapped into 
act(...):
      
      act(() => {
        /* fire events that update state */
      });
      /* assert on the output */
      
      This ensures that you're testing the behavior the user would see in the 
browser. Learn more at https://react.dev/link/wrap-tests-with-act

    [0m [90m 182 |[39m     [36mconst[39m clearCache [33m=[39m 
[36masync[39m () [33m=>[39m {
     [90m 183 |[39m         [36mawait[39m [33mAsyncStorage[39m[33m.[39mr
emoveItem([33mPROFILE_CACHE_KEY[39m)[33m;[39m
    [31m[1m>[22m[39m[90m 184 |[39m         
setProfile([36mnull[39m)[33m;[39m
     [90m     |[39m         [31m[1m^[22m[39m
     [90m 185 |[39m     }[33m;[39m
     [90m 186 |[39m
     [90m 187 |[39m     useEffect(() [33m=>[39m {[0m

      at 
node_modules/react-test-renderer/cjs/react-test-renderer.development.js:11801:19
      at runWithFiberInDEV (node_modules/react-test-renderer/cjs/react-test-rend
erer.development.js:1574:13)
      at warnIfUpdatesNotWrappedWithActDEV (node_modules/react-test-renderer/cjs
/react-test-renderer.development.js:11800:9)
      at scheduleUpdateOnFiber (node_modules/react-test-renderer/cjs/react-test-
renderer.development.js:10326:9)
      at dispatchSetStateInternal (node_modules/react-test-renderer/cjs/react-te
st-renderer.development.js:4148:13)
      at dispatchSetState 
(node_modules/react-test-renderer/cjs/react-test-renderer.development.js:4107:7)
      at Object.clearCache (src/hooks/useAthleteProfile.ts:184:9)
      at Object.<anonymous> (src/__tests__/flows/profileFlow.test.ts:208:9)

  ΓùÅ User Flow: Profile Management ΓÇ║ updates profile information 
progressively

    expect(received).toBe(expected) // Object.is equality

    Expected: "Super Fit User"
    Received: "Fit User"

    [0m [90m  96 |[39m
     [90m  97 |[39m         [36mawait[39m 
result[33m.[39mcurrent[33m.[39mupdateProfile({ display_name[33m:[39m 
[32m'Super Fit User'[39m })[33m;[39m
    [31m[1m>[22m[39m[90m  98 |[39m         expect(result[33m.[39mcurrent
[33m.[39mprofile[33m?[39m[33m.[39mdisplay_name)[33m.[39mtoBe([32m'Super
 Fit User'[39m)[33m;[39m
     [90m     |[39m                                                      
[31m[1m^[22m[39m
     [90m  99 |[39m
     [90m 100 |[39m         [90m// Update bio[39m
     [90m 101 |[39m         [36mconst[39m updatedBio [33m=[39m { 
[33m...[39mupdatedName[33m,[39m bio[33m:[39m [32m'Training for my first 
marathon!'[39m }[33m;[39m[0m

      at Object.<anonymous> (src/__tests__/flows/profileFlow.test.ts:98:54)

  ΓùÅ User Flow: Profile Management ΓÇ║ manages badges through milestones

    expect(received).toBe(expected) // Object.is equality

    Expected: true
    Received: false

    [0m [90m 122 |[39m
     [90m 123 |[39m         [36mawait[39m result[33m.[39mcurrent[33m.[39
maddBadge([32m'first_workout'[39m)[33m;[39m
    [31m[1m>[22m[39m[90m 124 |[39m         expect(result[33m.[39mcurrent
[33m.[39mhasBadge([32m'first_workout'[39m))[33m.[39mtoBe([36mtrue[39m)[
33m;[39m
     [90m     |[39m                                                          
[31m[1m^[22m[39m
     [90m 125 |[39m
     [90m 126 |[39m         [90m// User reaches 7-day streak - earns another 
badge[39m
     [90m 127 |[39m         [36mconst[39m withStreakBadge [33m=[39m { 
[33m...[39mwithFirstBadge[33m,[39m badges[33m:[39m 
[[32m'first_workout'[39m[33m,[39m [32m'week_warrior'[39m] }[33m;[39m[0m

      at Object.<anonymous> (src/__tests__/flows/profileFlow.test.ts:124:58)

  ΓùÅ User Flow: Profile Management ΓÇ║ handles privacy settings

    expect(received).toBe(expected) // Object.is equality

    Expected: true
    Received: false

    [0m [90m 152 |[39m
     [90m 153 |[39m         [36mawait[39m 
result[33m.[39mcurrent[33m.[39mupdateProfile({ is_private[33m:[39m 
[36mtrue[39m })[33m;[39m
    [31m[1m>[22m[39m[90m 154 |[39m         expect(result[33m.[39mcurrent
[33m.[39mprofile[33m?[39m[33m.[39mis_private)[33m.[39mtoBe([36mtrue[39
m)[33m;[39m
     [90m     |[39m                                                    
[31m[1m^[22m[39m
     [90m 155 |[39m     })[33m;[39m
     [90m 156 |[39m })[33m;[39m
     [90m 157 |[39m[0m

      at Object.<anonymous> (src/__tests__/flows/profileFlow.test.ts:154:52)

  ΓùÅ User Flow: Profile Cache Behavior ΓÇ║ clears cache on logout

    expect(received).toBeNull()

    Received: {"avatar_url": null, "badges": ["cached_badge"], "bio": "From 
cache", "display_name": "Cached User", "id": "profile-1", "is_private": false, 
"user_id": "test-user-id", "username": "cacheduser"}

    [0m [90m 209 |[39m
     [90m 210 |[39m         expect([33mAsyncStorage[39m[33m.[39mremoveItem
)[33m.[39mtoHaveBeenCalledWith([32m'cached_athlete_profile'[39m)[33m;[39m
    [31m[1m>[22m[39m[90m 211 |[39m         expect(result[33m.[39mcurrent
[33m.[39mprofile)[33m.[39mtoBeNull()[33m;[39m
     [90m     |[39m                                        
[31m[1m^[22m[39m
     [90m 212 |[39m     })[33m;[39m
     [90m 213 |[39m })[33m;[39m
     [90m 214 |[39m[0m

      at Object.<anonymous> (src/__tests__/flows/profileFlow.test.ts:211:40)

PASS src/__tests__/flows/crewFlow.test.ts
  ΓùÅ Console

    console.error
      react-test-renderer is deprecated. See 
https://react.dev/warnings/react-test-renderer

    [0m [90m 38 |[39m         mockSupabase[33m.[39m[36min[39m[33m.[39mm
ockResolvedValueOnce(mockSupabaseResponse([]))[33m;[39m
     [90m 39 |[39m
    [31m[1m>[22m[39m[90m 40 |[39m         [36mconst[39m { result } 
[33m=[39m renderHook(() [33m=>[39m useCrew()[33m,[39m {
     [90m    |[39m                                      [31m[1m^[22m[39m
     [90m 41 |[39m             wrapper[33m:[39m 
[33mMockAuthProvider[39m[33m,[39m
     [90m 42 |[39m         })[33m;[39m
     [90m 43 |[39m[0m

      at Object.process.env.NODE_ENV.exports.create (node_modules/react-test-ren
derer/cjs/react-test-renderer.development.js:14598:17)
      at create 
(node_modules/@testing-library/react-native/src/render-act.ts:15:29)
      at callback (node_modules/@testing-library/react-native/src/act.ts:31:24)
      at process.env.NODE_ENV.exports.act 
(node_modules/react/cjs/react.development.js:789:22)
      at actImplementation 
(node_modules/@testing-library/react-native/src/act.ts:30:25)
      at renderWithAct 
(node_modules/@testing-library/react-native/src/render-act.ts:13:11)
      at renderInternal 
(node_modules/@testing-library/react-native/src/render.tsx:69:33)
      at renderInternal 
(node_modules/@testing-library/react-native/src/render.tsx:44:10)
      at renderHook 
(node_modules/@testing-library/react-native/src/render-hook.tsx:55:58)
      at Object.<anonymous> (src/__tests__/flows/crewFlow.test.ts:40:38)

    console.error
      An update to HookContainer inside a test was not wrapped in act(...).
      
      When testing, code that causes React state updates should be wrapped into 
act(...):
      
      act(() => {
        /* fire events that update state */
      });
      /* assert on the output */
      
      This ensures that you're testing the behavior the user would see in the 
browser. Learn more at https://react.dev/link/wrap-tests-with-act

    [0m [90m 22 |[39m     [36mconst[39m loadCrew [33m=[39m 
useCallback([36masync[39m () [33m=>[39m {
     [90m 23 |[39m         [36mif[39m ([33m![39muser) 
[36mreturn[39m[33m;[39m
    [31m[1m>[22m[39m[90m 24 |[39m         
setLoading([36mtrue[39m)[33m;[39m
     [90m    |[39m         [31m[1m^[22m[39m
     [90m 25 |[39m         [36mtry[39m {
     [90m 26 |[39m             [90m// 1. Fetch relationships (raw IDs)[39m
     [90m 27 |[39m             [36mconst[39m { data[33m:[39m 
relationships[33m,[39m error[33m:[39m relError } [33m=[39m 
[36mawait[39m supabase[0m

      at 
node_modules/react-test-renderer/cjs/react-test-renderer.development.js:11801:19
      at runWithFiberInDEV (node_modules/react-test-renderer/cjs/react-test-rend
erer.development.js:1574:13)
      at warnIfUpdatesNotWrappedWithActDEV (node_modules/react-test-renderer/cjs
/react-test-renderer.development.js:11800:9)
      at scheduleUpdateOnFiber (node_modules/react-test-renderer/cjs/react-test-
renderer.development.js:10326:9)
      at dispatchSetStateInternal (node_modules/react-test-renderer/cjs/react-te
st-renderer.development.js:4148:13)
      at dispatchSetState 
(node_modules/react-test-renderer/cjs/react-test-renderer.development.js:4107:7)
      at src/hooks/useCrew.ts:24:9
      at Object.addCrewMember (src/hooks/useCrew.ts:113:19)
      at Object.<anonymous> (src/__tests__/flows/crewFlow.test.ts:69:29)

    console.error
      An update to HookContainer inside a test was not wrapped in act(...).
      
      When testing, code that causes React state updates should be wrapped into 
act(...):
      
      act(() => {
        /* fire events that update state */
      });
      /* assert on the output */
      
      This ensures that you're testing the behavior the user would see in the 
browser. Learn more at https://react.dev/link/wrap-tests-with-act

    [0m [90m 88 |[39m             })[33m;[39m
     [90m 89 |[39m
    [31m[1m>[22m[39m[90m 90 |[39m             
setCrew(confirmed)[33m;[39m
     [90m    |[39m             [31m[1m^[22m[39m
     [90m 91 |[39m             setRequests(incoming)[33m;[39m
     [90m 92 |[39m             setSentRequests(outgoing)[33m;[39m
     [90m 93 |[39m         } [36mcatch[39m (err) {[0m

      at 
node_modules/react-test-renderer/cjs/react-test-renderer.development.js:11801:19
      at runWithFiberInDEV (node_modules/react-test-renderer/cjs/react-test-rend
erer.development.js:1574:13)
      at warnIfUpdatesNotWrappedWithActDEV (node_modules/react-test-renderer/cjs
/react-test-renderer.development.js:11800:9)
      at scheduleUpdateOnFiber (node_modules/react-test-renderer/cjs/react-test-
renderer.development.js:10326:9)
      at dispatchSetStateInternal (node_modules/react-test-renderer/cjs/react-te
st-renderer.development.js:4148:13)
      at dispatchSetState 
(node_modules/react-test-renderer/cjs/react-test-renderer.development.js:4107:7)
      at src/hooks/useCrew.ts:90:13
      at Object.addCrewMember (src/hooks/useCrew.ts:113:13)
      at Object.<anonymous> (src/__tests__/flows/crewFlow.test.ts:69:29)

    console.error
      An update to HookContainer inside a test was not wrapped in act(...).
      
      When testing, code that causes React state updates should be wrapped into 
act(...):
      
      act(() => {
        /* fire events that update state */
      });
      /* assert on the output */
      
      This ensures that you're testing the behavior the user would see in the 
browser. Learn more at https://react.dev/link/wrap-tests-with-act

    [0m [90m 89 |[39m
     [90m 90 |[39m             setCrew(confirmed)[33m;[39m
    [31m[1m>[22m[39m[90m 91 |[39m             
setRequests(incoming)[33m;[39m
     [90m    |[39m             [31m[1m^[22m[39m
     [90m 92 |[39m             setSentRequests(outgoing)[33m;[39m
     [90m 93 |[39m         } [36mcatch[39m (err) {
     [90m 94 |[39m             console[33m.[39merror([32m'Error loading 
crew:'[39m[33m,[39m err)[33m;[39m[0m

      at 
node_modules/react-test-renderer/cjs/react-test-renderer.development.js:11801:19
      at runWithFiberInDEV (node_modules/react-test-renderer/cjs/react-test-rend
erer.development.js:1574:13)
      at warnIfUpdatesNotWrappedWithActDEV (node_modules/react-test-renderer/cjs
/react-test-renderer.development.js:11800:9)
      at scheduleUpdateOnFiber (node_modules/react-test-renderer/cjs/react-test-
renderer.development.js:10326:9)
      at dispatchSetStateInternal (node_modules/react-test-renderer/cjs/react-te
st-renderer.development.js:4148:13)
      at dispatchSetState 
(node_modules/react-test-renderer/cjs/react-test-renderer.development.js:4107:7)
      at src/hooks/useCrew.ts:91:13
      at Object.addCrewMember (src/hooks/useCrew.ts:113:13)
      at Object.<anonymous> (src/__tests__/flows/crewFlow.test.ts:69:29)

    console.error
      An update to HookContainer inside a test was not wrapped in act(...).
      
      When testing, code that causes React state updates should be wrapped into 
act(...):
      
      act(() => {
        /* fire events that update state */
      });
      /* assert on the output */
      
      This ensures that you're testing the behavior the user would see in the 
browser. Learn more at https://react.dev/link/wrap-tests-with-act

    [0m [90m 90 |[39m             setCrew(confirmed)[33m;[39m
     [90m 91 |[39m             setRequests(incoming)[33m;[39m
    [31m[1m>[22m[39m[90m 92 |[39m             
setSentRequests(outgoing)[33m;[39m
     [90m    |[39m             [31m[1m^[22m[39m
     [90m 93 |[39m         } [36mcatch[39m (err) {
     [90m 94 |[39m             console[33m.[39merror([32m'Error loading 
crew:'[39m[33m,[39m err)[33m;[39m
     [90m 95 |[39m         } [36mfinally[39m {[0m

      at 
node_modules/react-test-renderer/cjs/react-test-renderer.development.js:11801:19
      at runWithFiberInDEV (node_modules/react-test-renderer/cjs/react-test-rend
erer.development.js:1574:13)
      at warnIfUpdatesNotWrappedWithActDEV (node_modules/react-test-renderer/cjs
/react-test-renderer.development.js:11800:9)
      at scheduleUpdateOnFiber (node_modules/react-test-renderer/cjs/react-test-
renderer.development.js:10326:9)
      at dispatchSetStateInternal (node_modules/react-test-renderer/cjs/react-te
st-renderer.development.js:4148:13)
      at dispatchSetState 
(node_modules/react-test-renderer/cjs/react-test-renderer.development.js:4107:7)
      at src/hooks/useCrew.ts:92:13
      at Object.addCrewMember (src/hooks/useCrew.ts:113:13)
      at Object.<anonymous> (src/__tests__/flows/crewFlow.test.ts:69:29)

    console.error
      An update to HookContainer inside a test was not wrapped in act(...).
      
      When testing, code that causes React state updates should be wrapped into 
act(...):
      
      act(() => {
        /* fire events that update state */
      });
      /* assert on the output */
      
      This ensures that you're testing the behavior the user would see in the 
browser. Learn more at https://react.dev/link/wrap-tests-with-act

    [0m [90m 94 |[39m             console[33m.[39merror([32m'Error 
loading crew:'[39m[33m,[39m err)[33m;[39m
     [90m 95 |[39m         } [36mfinally[39m {
    [31m[1m>[22m[39m[90m 96 |[39m             
setLoading([36mfalse[39m)[33m;[39m
     [90m    |[39m             [31m[1m^[22m[39m
     [90m 97 |[39m         }
     [90m 98 |[39m     }[33m,[39m [user])[33m;[39m
     [90m 99 |[39m[0m

      at 
node_modules/react-test-renderer/cjs/react-test-renderer.development.js:11801:19
      at runWithFiberInDEV (node_modules/react-test-renderer/cjs/react-test-rend
erer.development.js:1574:13)
      at warnIfUpdatesNotWrappedWithActDEV (node_modules/react-test-renderer/cjs
/react-test-renderer.development.js:11800:9)
      at scheduleUpdateOnFiber (node_modules/react-test-renderer/cjs/react-test-
renderer.development.js:10326:9)
      at dispatchSetStateInternal (node_modules/react-test-renderer/cjs/react-te
st-renderer.development.js:4148:13)
      at dispatchSetState 
(node_modules/react-test-renderer/cjs/react-test-renderer.development.js:4107:7)
      at src/hooks/useCrew.ts:96:13
      at Object.addCrewMember (src/hooks/useCrew.ts:113:13)
      at Object.<anonymous> (src/__tests__/flows/crewFlow.test.ts:69:29)

    console.error
      react-test-renderer is deprecated. See 
https://react.dev/warnings/react-test-renderer

    [0m [90m 88 |[39m         mockSupabase[33m.[39m[36min[39m[33m.[39mm
ockResolvedValueOnce(mockSupabaseResponse(incomingProfile))[33m;[39m
     [90m 89 |[39m
    [31m[1m>[22m[39m[90m 90 |[39m         [36mconst[39m { result } 
[33m=[39m renderHook(() [33m=>[39m useCrew()[33m,[39m {
     [90m    |[39m                                      [31m[1m^[22m[39m
     [90m 91 |[39m             wrapper[33m:[39m 
[33mMockAuthProvider[39m[33m,[39m
     [90m 92 |[39m         })[33m;[39m
     [90m 93 |[39m[0m

      at Object.process.env.NODE_ENV.exports.create (node_modules/react-test-ren
derer/cjs/react-test-renderer.development.js:14598:17)
      at create 
(node_modules/@testing-library/react-native/src/render-act.ts:15:29)
      at callback (node_modules/@testing-library/react-native/src/act.ts:31:24)
      at process.env.NODE_ENV.exports.act 
(node_modules/react/cjs/react.development.js:789:22)
      at actImplementation 
(node_modules/@testing-library/react-native/src/act.ts:30:25)
      at renderWithAct 
(node_modules/@testing-library/react-native/src/render-act.ts:13:11)
      at renderInternal 
(node_modules/@testing-library/react-native/src/render.tsx:69:33)
      at renderInternal 
(node_modules/@testing-library/react-native/src/render.tsx:44:10)
      at renderHook 
(node_modules/@testing-library/react-native/src/render-hook.tsx:55:58)
      at Object.<anonymous> (src/__tests__/flows/crewFlow.test.ts:90:38)

    console.error
      An update to HookContainer inside a test was not wrapped in act(...).
      
      When testing, code that causes React state updates should be wrapped into 
act(...):
      
      act(() => {
        /* fire events that update state */
      });
      /* assert on the output */
      
      This ensures that you're testing the behavior the user would see in the 
browser. Learn more at https://react.dev/link/wrap-tests-with-act

    [0m [90m 22 |[39m     [36mconst[39m loadCrew [33m=[39m 
useCallback([36masync[39m () [33m=>[39m {
     [90m 23 |[39m         [36mif[39m ([33m![39muser) 
[36mreturn[39m[33m;[39m
    [31m[1m>[22m[39m[90m 24 |[39m         
setLoading([36mtrue[39m)[33m;[39m
     [90m    |[39m         [31m[1m^[22m[39m
     [90m 25 |[39m         [36mtry[39m {
     [90m 26 |[39m             [90m// 1. Fetch relationships (raw IDs)[39m
     [90m 27 |[39m             [36mconst[39m { data[33m:[39m 
relationships[33m,[39m error[33m:[39m relError } [33m=[39m 
[36mawait[39m supabase[0m

      at 
node_modules/react-test-renderer/cjs/react-test-renderer.development.js:11801:19
      at runWithFiberInDEV (node_modules/react-test-renderer/cjs/react-test-rend
erer.development.js:1574:13)
      at warnIfUpdatesNotWrappedWithActDEV (node_modules/react-test-renderer/cjs
/react-test-renderer.development.js:11800:9)
      at scheduleUpdateOnFiber (node_modules/react-test-renderer/cjs/react-test-
renderer.development.js:10326:9)
      at dispatchSetStateInternal (node_modules/react-test-renderer/cjs/react-te
st-renderer.development.js:4148:13)
      at dispatchSetState 
(node_modules/react-test-renderer/cjs/react-test-renderer.development.js:4107:7)
      at src/hooks/useCrew.ts:24:9
      at Object.acceptCrewRequest (src/hooks/useCrew.ts:130:19)
      at Object.<anonymous> (src/__tests__/flows/crewFlow.test.ts:111:32)

    console.error
      An update to HookContainer inside a test was not wrapped in act(...).
      
      When testing, code that causes React state updates should be wrapped into 
act(...):
      
      act(() => {
        /* fire events that update state */
      });
      /* assert on the output */
      
      This ensures that you're testing the behavior the user would see in the 
browser. Learn more at https://react.dev/link/wrap-tests-with-act

    [0m [90m 88 |[39m             })[33m;[39m
     [90m 89 |[39m
    [31m[1m>[22m[39m[90m 90 |[39m             
setCrew(confirmed)[33m;[39m
     [90m    |[39m             [31m[1m^[22m[39m
     [90m 91 |[39m             setRequests(incoming)[33m;[39m
     [90m 92 |[39m             setSentRequests(outgoing)[33m;[39m
     [90m 93 |[39m         } [36mcatch[39m (err) {[0m

      at 
node_modules/react-test-renderer/cjs/react-test-renderer.development.js:11801:19
      at runWithFiberInDEV (node_modules/react-test-renderer/cjs/react-test-rend
erer.development.js:1574:13)
      at warnIfUpdatesNotWrappedWithActDEV (node_modules/react-test-renderer/cjs
/react-test-renderer.development.js:11800:9)
      at scheduleUpdateOnFiber (node_modules/react-test-renderer/cjs/react-test-
renderer.development.js:10326:9)
      at dispatchSetStateInternal (node_modules/react-test-renderer/cjs/react-te
st-renderer.development.js:4148:13)
      at dispatchSetState 
(node_modules/react-test-renderer/cjs/react-test-renderer.development.js:4107:7)
      at src/hooks/useCrew.ts:90:13
      at Object.acceptCrewRequest (src/hooks/useCrew.ts:130:13)
      at Object.<anonymous> (src/__tests__/flows/crewFlow.test.ts:111:32)

    console.error
      An update to HookContainer inside a test was not wrapped in act(...).
      
      When testing, code that causes React state updates should be wrapped into 
act(...):
      
      act(() => {
        /* fire events that update state */
      });
      /* assert on the output */
      
      This ensures that you're testing the behavior the user would see in the 
browser. Learn more at https://react.dev/link/wrap-tests-with-act

    [0m [90m 89 |[39m
     [90m 90 |[39m             setCrew(confirmed)[33m;[39m
    [31m[1m>[22m[39m[90m 91 |[39m             
setRequests(incoming)[33m;[39m
     [90m    |[39m             [31m[1m^[22m[39m
     [90m 92 |[39m             setSentRequests(outgoing)[33m;[39m
     [90m 93 |[39m         } [36mcatch[39m (err) {
     [90m 94 |[39m             console[33m.[39merror([32m'Error loading 
crew:'[39m[33m,[39m err)[33m;[39m[0m

      at 
node_modules/react-test-renderer/cjs/react-test-renderer.development.js:11801:19
      at runWithFiberInDEV (node_modules/react-test-renderer/cjs/react-test-rend
erer.development.js:1574:13)
      at warnIfUpdatesNotWrappedWithActDEV (node_modules/react-test-renderer/cjs
/react-test-renderer.development.js:11800:9)
      at scheduleUpdateOnFiber (node_modules/react-test-renderer/cjs/react-test-
renderer.development.js:10326:9)
      at dispatchSetStateInternal (node_modules/react-test-renderer/cjs/react-te
st-renderer.development.js:4148:13)
      at dispatchSetState 
(node_modules/react-test-renderer/cjs/react-test-renderer.development.js:4107:7)
      at src/hooks/useCrew.ts:91:13
      at Object.acceptCrewRequest (src/hooks/useCrew.ts:130:13)
      at Object.<anonymous> (src/__tests__/flows/crewFlow.test.ts:111:32)

    console.error
      An update to HookContainer inside a test was not wrapped in act(...).
      
      When testing, code that causes React state updates should be wrapped into 
act(...):
      
      act(() => {
        /* fire events that update state */
      });
      /* assert on the output */
      
      This ensures that you're testing the behavior the user would see in the 
browser. Learn more at https://react.dev/link/wrap-tests-with-act

    [0m [90m 90 |[39m             setCrew(confirmed)[33m;[39m
     [90m 91 |[39m             setRequests(incoming)[33m;[39m
    [31m[1m>[22m[39m[90m 92 |[39m             
setSentRequests(outgoing)[33m;[39m
     [90m    |[39m             [31m[1m^[22m[39m
     [90m 93 |[39m         } [36mcatch[39m (err) {
     [90m 94 |[39m             console[33m.[39merror([32m'Error loading 
crew:'[39m[33m,[39m err)[33m;[39m
     [90m 95 |[39m         } [36mfinally[39m {[0m

      at 
node_modules/react-test-renderer/cjs/react-test-renderer.development.js:11801:19
      at runWithFiberInDEV (node_modules/react-test-renderer/cjs/react-test-rend
erer.development.js:1574:13)
      at warnIfUpdatesNotWrappedWithActDEV (node_modules/react-test-renderer/cjs
/react-test-renderer.development.js:11800:9)
      at scheduleUpdateOnFiber (node_modules/react-test-renderer/cjs/react-test-
renderer.development.js:10326:9)
      at dispatchSetStateInternal (node_modules/react-test-renderer/cjs/react-te
st-renderer.development.js:4148:13)
      at dispatchSetState 
(node_modules/react-test-renderer/cjs/react-test-renderer.development.js:4107:7)
      at src/hooks/useCrew.ts:92:13
      at Object.acceptCrewRequest (src/hooks/useCrew.ts:130:13)
      at Object.<anonymous> (src/__tests__/flows/crewFlow.test.ts:111:32)

    console.error
      An update to HookContainer inside a test was not wrapped in act(...).
      
      When testing, code that causes React state updates should be wrapped into 
act(...):
      
      act(() => {
        /* fire events that update state */
      });
      /* assert on the output */
      
      This ensures that you're testing the behavior the user would see in the 
browser. Learn more at https://react.dev/link/wrap-tests-with-act

    [0m [90m 94 |[39m             console[33m.[39merror([32m'Error 
loading crew:'[39m[33m,[39m err)[33m;[39m
     [90m 95 |[39m         } [36mfinally[39m {
    [31m[1m>[22m[39m[90m 96 |[39m             
setLoading([36mfalse[39m)[33m;[39m
     [90m    |[39m             [31m[1m^[22m[39m
     [90m 97 |[39m         }
     [90m 98 |[39m     }[33m,[39m [user])[33m;[39m
     [90m 99 |[39m[0m

      at 
node_modules/react-test-renderer/cjs/react-test-renderer.development.js:11801:19
      at runWithFiberInDEV (node_modules/react-test-renderer/cjs/react-test-rend
erer.development.js:1574:13)
      at warnIfUpdatesNotWrappedWithActDEV (node_modules/react-test-renderer/cjs
/react-test-renderer.development.js:11800:9)
      at scheduleUpdateOnFiber (node_modules/react-test-renderer/cjs/react-test-
renderer.development.js:10326:9)
      at dispatchSetStateInternal (node_modules/react-test-renderer/cjs/react-te
st-renderer.development.js:4148:13)
      at dispatchSetState 
(node_modules/react-test-renderer/cjs/react-test-renderer.development.js:4107:7)
      at src/hooks/useCrew.ts:96:13
      at Object.acceptCrewRequest (src/hooks/useCrew.ts:130:13)
      at Object.<anonymous> (src/__tests__/flows/crewFlow.test.ts:111:32)

    console.error
      react-test-renderer is deprecated. See 
https://react.dev/warnings/react-test-renderer

    [0m [90m 128 |[39m         ]))[33m;[39m
     [90m 129 |[39m
    [31m[1m>[22m[39m[90m 130 |[39m         [36mconst[39m { result } 
[33m=[39m renderHook(() [33m=>[39m useCrew()[33m,[39m {
     [90m     |[39m                                      [31m[1m^[22m[39m
     [90m 131 |[39m             wrapper[33m:[39m 
[33mMockAuthProvider[39m[33m,[39m
     [90m 132 |[39m         })[33m;[39m
     [90m 133 |[39m[0m

      at Object.process.env.NODE_ENV.exports.create (node_modules/react-test-ren
derer/cjs/react-test-renderer.development.js:14598:17)
      at create 
(node_modules/@testing-library/react-native/src/render-act.ts:15:29)
      at callback (node_modules/@testing-library/react-native/src/act.ts:31:24)
      at process.env.NODE_ENV.exports.act 
(node_modules/react/cjs/react.development.js:789:22)
      at actImplementation 
(node_modules/@testing-library/react-native/src/act.ts:30:25)
      at renderWithAct 
(node_modules/@testing-library/react-native/src/render-act.ts:13:11)
      at renderInternal 
(node_modules/@testing-library/react-native/src/render.tsx:69:33)
      at renderInternal 
(node_modules/@testing-library/react-native/src/render.tsx:44:10)
      at renderHook 
(node_modules/@testing-library/react-native/src/render-hook.tsx:55:58)
      at Object.<anonymous> (src/__tests__/flows/crewFlow.test.ts:130:38)

    console.error
      An update to HookContainer inside a test was not wrapped in act(...).
      
      When testing, code that causes React state updates should be wrapped into 
act(...):
      
      act(() => {
        /* fire events that update state */
      });
      /* assert on the output */
      
      This ensures that you're testing the behavior the user would see in the 
browser. Learn more at https://react.dev/link/wrap-tests-with-act

    [0m [90m 22 |[39m     [36mconst[39m loadCrew [33m=[39m 
useCallback([36masync[39m () [33m=>[39m {
     [90m 23 |[39m         [36mif[39m ([33m![39muser) 
[36mreturn[39m[33m;[39m
    [31m[1m>[22m[39m[90m 24 |[39m         
setLoading([36mtrue[39m)[33m;[39m
     [90m    |[39m         [31m[1m^[22m[39m
     [90m 25 |[39m         [36mtry[39m {
     [90m 26 |[39m             [90m// 1. Fetch relationships (raw IDs)[39m
     [90m 27 |[39m             [36mconst[39m { data[33m:[39m 
relationships[33m,[39m error[33m:[39m relError } [33m=[39m 
[36mawait[39m supabase[0m

      at 
node_modules/react-test-renderer/cjs/react-test-renderer.development.js:11801:19
      at runWithFiberInDEV (node_modules/react-test-renderer/cjs/react-test-rend
erer.development.js:1574:13)
      at warnIfUpdatesNotWrappedWithActDEV (node_modules/react-test-renderer/cjs
/react-test-renderer.development.js:11800:9)
      at scheduleUpdateOnFiber (node_modules/react-test-renderer/cjs/react-test-
renderer.development.js:10326:9)
      at dispatchSetStateInternal (node_modules/react-test-renderer/cjs/react-te
st-renderer.development.js:4148:13)
      at dispatchSetState 
(node_modules/react-test-renderer/cjs/react-test-renderer.development.js:4107:7)
      at src/hooks/useCrew.ts:24:9
      at Object.removeCrewMember (src/hooks/useCrew.ts:147:19)
      at Object.<anonymous> (src/__tests__/flows/crewFlow.test.ts:143:32)

    console.error
      An update to HookContainer inside a test was not wrapped in act(...).
      
      When testing, code that causes React state updates should be wrapped into 
act(...):
      
      act(() => {
        /* fire events that update state */
      });
      /* assert on the output */
      
      This ensures that you're testing the behavior the user would see in the 
browser. Learn more at https://react.dev/link/wrap-tests-with-act

    [0m [90m 88 |[39m             })[33m;[39m
     [90m 89 |[39m
    [31m[1m>[22m[39m[90m 90 |[39m             
setCrew(confirmed)[33m;[39m
     [90m    |[39m             [31m[1m^[22m[39m
     [90m 91 |[39m             setRequests(incoming)[33m;[39m
     [90m 92 |[39m             setSentRequests(outgoing)[33m;[39m
     [90m 93 |[39m         } [36mcatch[39m (err) {[0m

      at 
node_modules/react-test-renderer/cjs/react-test-renderer.development.js:11801:19
      at runWithFiberInDEV (node_modules/react-test-renderer/cjs/react-test-rend
erer.development.js:1574:13)
      at warnIfUpdatesNotWrappedWithActDEV (node_modules/react-test-renderer/cjs
/react-test-renderer.development.js:11800:9)
      at scheduleUpdateOnFiber (node_modules/react-test-renderer/cjs/react-test-
renderer.development.js:10326:9)
      at dispatchSetStateInternal (node_modules/react-test-renderer/cjs/react-te
st-renderer.development.js:4148:13)
      at dispatchSetState 
(node_modules/react-test-renderer/cjs/react-test-renderer.development.js:4107:7)
      at src/hooks/useCrew.ts:90:13
      at Object.removeCrewMember (src/hooks/useCrew.ts:147:13)
      at Object.<anonymous> (src/__tests__/flows/crewFlow.test.ts:143:32)

    console.error
      An update to HookContainer inside a test was not wrapped in act(...).
      
      When testing, code that causes React state updates should be wrapped into 
act(...):
      
      act(() => {
        /* fire events that update state */
      });
      /* assert on the output */
      
      This ensures that you're testing the behavior the user would see in the 
browser. Learn more at https://react.dev/link/wrap-tests-with-act

    [0m [90m 89 |[39m
     [90m 90 |[39m             setCrew(confirmed)[33m;[39m
    [31m[1m>[22m[39m[90m 91 |[39m             
setRequests(incoming)[33m;[39m
     [90m    |[39m             [31m[1m^[22m[39m
     [90m 92 |[39m             setSentRequests(outgoing)[33m;[39m
     [90m 93 |[39m         } [36mcatch[39m (err) {
     [90m 94 |[39m             console[33m.[39merror([32m'Error loading 
crew:'[39m[33m,[39m err)[33m;[39m[0m

      at 
node_modules/react-test-renderer/cjs/react-test-renderer.development.js:11801:19
      at runWithFiberInDEV (node_modules/react-test-renderer/cjs/react-test-rend
erer.development.js:1574:13)
      at warnIfUpdatesNotWrappedWithActDEV (node_modules/react-test-renderer/cjs
/react-test-renderer.development.js:11800:9)
      at scheduleUpdateOnFiber (node_modules/react-test-renderer/cjs/react-test-
renderer.development.js:10326:9)
      at dispatchSetStateInternal (node_modules/react-test-renderer/cjs/react-te
st-renderer.development.js:4148:13)
      at dispatchSetState 
(node_modules/react-test-renderer/cjs/react-test-renderer.development.js:4107:7)
      at src/hooks/useCrew.ts:91:13
      at Object.removeCrewMember (src/hooks/useCrew.ts:147:13)
      at Object.<anonymous> (src/__tests__/flows/crewFlow.test.ts:143:32)

    console.error
      An update to HookContainer inside a test was not wrapped in act(...).
      
      When testing, code that causes React state updates should be wrapped into 
act(...):
      
      act(() => {
        /* fire events that update state */
      });
      /* assert on the output */
      
      This ensures that you're testing the behavior the user would see in the 
browser. Learn more at https://react.dev/link/wrap-tests-with-act

    [0m [90m 90 |[39m             setCrew(confirmed)[33m;[39m
     [90m 91 |[39m             setRequests(incoming)[33m;[39m
    [31m[1m>[22m[39m[90m 92 |[39m             
setSentRequests(outgoing)[33m;[39m
     [90m    |[39m             [31m[1m^[22m[39m
     [90m 93 |[39m         } [36mcatch[39m (err) {
     [90m 94 |[39m             console[33m.[39merror([32m'Error loading 
crew:'[39m[33m,[39m err)[33m;[39m
     [90m 95 |[39m         } [36mfinally[39m {[0m

      at 
node_modules/react-test-renderer/cjs/react-test-renderer.development.js:11801:19
      at runWithFiberInDEV (node_modules/react-test-renderer/cjs/react-test-rend
erer.development.js:1574:13)
      at warnIfUpdatesNotWrappedWithActDEV (node_modules/react-test-renderer/cjs
/react-test-renderer.development.js:11800:9)
      at scheduleUpdateOnFiber (node_modules/react-test-renderer/cjs/react-test-
renderer.development.js:10326:9)
      at dispatchSetStateInternal (node_modules/react-test-renderer/cjs/react-te
st-renderer.development.js:4148:13)
      at dispatchSetState 
(node_modules/react-test-renderer/cjs/react-test-renderer.development.js:4107:7)
      at src/hooks/useCrew.ts:92:13
      at Object.removeCrewMember (src/hooks/useCrew.ts:147:13)
      at Object.<anonymous> (src/__tests__/flows/crewFlow.test.ts:143:32)

    console.error
      An update to HookContainer inside a test was not wrapped in act(...).
      
      When testing, code that causes React state updates should be wrapped into 
act(...):
      
      act(() => {
        /* fire events that update state */
      });
      /* assert on the output */
      
      This ensures that you're testing the behavior the user would see in the 
browser. Learn more at https://react.dev/link/wrap-tests-with-act

    [0m [90m 94 |[39m             console[33m.[39merror([32m'Error 
loading crew:'[39m[33m,[39m err)[33m;[39m
     [90m 95 |[39m         } [36mfinally[39m {
    [31m[1m>[22m[39m[90m 96 |[39m             
setLoading([36mfalse[39m)[33m;[39m
     [90m    |[39m             [31m[1m^[22m[39m
     [90m 97 |[39m         }
     [90m 98 |[39m     }[33m,[39m [user])[33m;[39m
     [90m 99 |[39m[0m

      at 
node_modules/react-test-renderer/cjs/react-test-renderer.development.js:11801:19
      at runWithFiberInDEV (node_modules/react-test-renderer/cjs/react-test-rend
erer.development.js:1574:13)
      at warnIfUpdatesNotWrappedWithActDEV (node_modules/react-test-renderer/cjs
/react-test-renderer.development.js:11800:9)
      at scheduleUpdateOnFiber (node_modules/react-test-renderer/cjs/react-test-
renderer.development.js:10326:9)
      at dispatchSetStateInternal (node_modules/react-test-renderer/cjs/react-te
st-renderer.development.js:4148:13)
      at dispatchSetState 
(node_modules/react-test-renderer/cjs/react-test-renderer.development.js:4107:7)
      at src/hooks/useCrew.ts:96:13
      at Object.removeCrewMember (src/hooks/useCrew.ts:147:13)
      at Object.<anonymous> (src/__tests__/flows/crewFlow.test.ts:143:32)

    console.error
      react-test-renderer is deprecated. See 
https://react.dev/warnings/react-test-renderer

    [0m [90m 155 |[39m         ]))[33m;[39m
     [90m 156 |[39m
    [31m[1m>[22m[39m[90m 157 |[39m         [36mconst[39m { result } 
[33m=[39m renderHook(() [33m=>[39m useCrew()[33m,[39m {
     [90m     |[39m                                      [31m[1m^[22m[39m
     [90m 158 |[39m             wrapper[33m:[39m 
[33mMockAuthProvider[39m[33m,[39m
     [90m 159 |[39m         })[33m;[39m
     [90m 160 |[39m[0m

      at Object.process.env.NODE_ENV.exports.create (node_modules/react-test-ren
derer/cjs/react-test-renderer.development.js:14598:17)
      at create 
(node_modules/@testing-library/react-native/src/render-act.ts:15:29)
      at callback (node_modules/@testing-library/react-native/src/act.ts:31:24)
      at process.env.NODE_ENV.exports.act 
(node_modules/react/cjs/react.development.js:789:22)
      at actImplementation 
(node_modules/@testing-library/react-native/src/act.ts:30:25)
      at renderWithAct 
(node_modules/@testing-library/react-native/src/render-act.ts:13:11)
      at renderInternal 
(node_modules/@testing-library/react-native/src/render.tsx:69:33)
      at renderInternal 
(node_modules/@testing-library/react-native/src/render.tsx:44:10)
      at renderHook 
(node_modules/@testing-library/react-native/src/render-hook.tsx:55:58)
      at Object.<anonymous> (src/__tests__/flows/crewFlow.test.ts:157:38)

    console.error
      An update to HookContainer inside a test was not wrapped in act(...).
      
      When testing, code that causes React state updates should be wrapped into 
act(...):
      
      act(() => {
        /* fire events that update state */
      });
      /* assert on the output */
      
      This ensures that you're testing the behavior the user would see in the 
browser. Learn more at https://react.dev/link/wrap-tests-with-act

    [0m [90m 22 |[39m     [36mconst[39m loadCrew [33m=[39m 
useCallback([36masync[39m () [33m=>[39m {
     [90m 23 |[39m         [36mif[39m ([33m![39muser) 
[36mreturn[39m[33m;[39m
    [31m[1m>[22m[39m[90m 24 |[39m         
setLoading([36mtrue[39m)[33m;[39m
     [90m    |[39m         [31m[1m^[22m[39m
     [90m 25 |[39m         [36mtry[39m {
     [90m 26 |[39m             [90m// 1. Fetch relationships (raw IDs)[39m
     [90m 27 |[39m             [36mconst[39m { data[33m:[39m 
relationships[33m,[39m error[33m:[39m relError } [33m=[39m 
[36mawait[39m supabase[0m

      at 
node_modules/react-test-renderer/cjs/react-test-renderer.development.js:11801:19
      at runWithFiberInDEV (node_modules/react-test-renderer/cjs/react-test-rend
erer.development.js:1574:13)
      at warnIfUpdatesNotWrappedWithActDEV (node_modules/react-test-renderer/cjs
/react-test-renderer.development.js:11800:9)
      at scheduleUpdateOnFiber (node_modules/react-test-renderer/cjs/react-test-
renderer.development.js:10326:9)
      at dispatchSetStateInternal (node_modules/react-test-renderer/cjs/react-te
st-renderer.development.js:4148:13)
      at dispatchSetState 
(node_modules/react-test-renderer/cjs/react-test-renderer.development.js:4107:7)
      at src/hooks/useCrew.ts:24:9
      at Object.removeCrewMember (src/hooks/useCrew.ts:147:19)
      at Object.<anonymous> (src/__tests__/flows/crewFlow.test.ts:171:32)

    console.error
      An update to HookContainer inside a test was not wrapped in act(...).
      
      When testing, code that causes React state updates should be wrapped into 
act(...):
      
      act(() => {
        /* fire events that update state */
      });
      /* assert on the output */
      
      This ensures that you're testing the behavior the user would see in the 
browser. Learn more at https://react.dev/link/wrap-tests-with-act

    [0m [90m 88 |[39m             })[33m;[39m
     [90m 89 |[39m
    [31m[1m>[22m[39m[90m 90 |[39m             
setCrew(confirmed)[33m;[39m
     [90m    |[39m             [31m[1m^[22m[39m
     [90m 91 |[39m             setRequests(incoming)[33m;[39m
     [90m 92 |[39m             setSentRequests(outgoing)[33m;[39m
     [90m 93 |[39m         } [36mcatch[39m (err) {[0m

      at 
node_modules/react-test-renderer/cjs/react-test-renderer.development.js:11801:19
      at runWithFiberInDEV (node_modules/react-test-renderer/cjs/react-test-rend
erer.development.js:1574:13)
      at warnIfUpdatesNotWrappedWithActDEV (node_modules/react-test-renderer/cjs
/react-test-renderer.development.js:11800:9)
      at scheduleUpdateOnFiber (node_modules/react-test-renderer/cjs/react-test-
renderer.development.js:10326:9)
      at dispatchSetStateInternal (node_modules/react-test-renderer/cjs/react-te
st-renderer.development.js:4148:13)
      at dispatchSetState 
(node_modules/react-test-renderer/cjs/react-test-renderer.development.js:4107:7)
      at src/hooks/useCrew.ts:90:13
      at Object.removeCrewMember (src/hooks/useCrew.ts:147:13)
      at Object.<anonymous> (src/__tests__/flows/crewFlow.test.ts:171:32)

    console.error
      An update to HookContainer inside a test was not wrapped in act(...).
      
      When testing, code that causes React state updates should be wrapped into 
act(...):
      
      act(() => {
        /* fire events that update state */
      });
      /* assert on the output */
      
      This ensures that you're testing the behavior the user would see in the 
browser. Learn more at https://react.dev/link/wrap-tests-with-act

    [0m [90m 89 |[39m
     [90m 90 |[39m             setCrew(confirmed)[33m;[39m
    [31m[1m>[22m[39m[90m 91 |[39m             
setRequests(incoming)[33m;[39m
     [90m    |[39m             [31m[1m^[22m[39m
     [90m 92 |[39m             setSentRequests(outgoing)[33m;[39m
     [90m 93 |[39m         } [36mcatch[39m (err) {
     [90m 94 |[39m             console[33m.[39merror([32m'Error loading 
crew:'[39m[33m,[39m err)[33m;[39m[0m

      at 
node_modules/react-test-renderer/cjs/react-test-renderer.development.js:11801:19
      at runWithFiberInDEV (node_modules/react-test-renderer/cjs/react-test-rend
erer.development.js:1574:13)
      at warnIfUpdatesNotWrappedWithActDEV (node_modules/react-test-renderer/cjs
/react-test-renderer.development.js:11800:9)
      at scheduleUpdateOnFiber (node_modules/react-test-renderer/cjs/react-test-
renderer.development.js:10326:9)
      at dispatchSetStateInternal (node_modules/react-test-renderer/cjs/react-te
st-renderer.development.js:4148:13)
      at dispatchSetState 
(node_modules/react-test-renderer/cjs/react-test-renderer.development.js:4107:7)
      at src/hooks/useCrew.ts:91:13
      at Object.removeCrewMember (src/hooks/useCrew.ts:147:13)
      at Object.<anonymous> (src/__tests__/flows/crewFlow.test.ts:171:32)

    console.error
      An update to HookContainer inside a test was not wrapped in act(...).
      
      When testing, code that causes React state updates should be wrapped into 
act(...):
      
      act(() => {
        /* fire events that update state */
      });
      /* assert on the output */
      
      This ensures that you're testing the behavior the user would see in the 
browser. Learn more at https://react.dev/link/wrap-tests-with-act

    [0m [90m 90 |[39m             setCrew(confirmed)[33m;[39m
     [90m 91 |[39m             setRequests(incoming)[33m;[39m
    [31m[1m>[22m[39m[90m 92 |[39m             
setSentRequests(outgoing)[33m;[39m
     [90m    |[39m             [31m[1m^[22m[39m
     [90m 93 |[39m         } [36mcatch[39m (err) {
     [90m 94 |[39m             console[33m.[39merror([32m'Error loading 
crew:'[39m[33m,[39m err)[33m;[39m
     [90m 95 |[39m         } [36mfinally[39m {[0m

      at 
node_modules/react-test-renderer/cjs/react-test-renderer.development.js:11801:19
      at runWithFiberInDEV (node_modules/react-test-renderer/cjs/react-test-rend
erer.development.js:1574:13)
      at warnIfUpdatesNotWrappedWithActDEV (node_modules/react-test-renderer/cjs
/react-test-renderer.development.js:11800:9)
      at scheduleUpdateOnFiber (node_modules/react-test-renderer/cjs/react-test-
renderer.development.js:10326:9)
      at dispatchSetStateInternal (node_modules/react-test-renderer/cjs/react-te
st-renderer.development.js:4148:13)
      at dispatchSetState 
(node_modules/react-test-renderer/cjs/react-test-renderer.development.js:4107:7)
      at src/hooks/useCrew.ts:92:13
      at Object.removeCrewMember (src/hooks/useCrew.ts:147:13)
      at Object.<anonymous> (src/__tests__/flows/crewFlow.test.ts:171:32)

    console.error
      An update to HookContainer inside a test was not wrapped in act(...).
      
      When testing, code that causes React state updates should be wrapped into 
act(...):
      
      act(() => {
        /* fire events that update state */
      });
      /* assert on the output */
      
      This ensures that you're testing the behavior the user would see in the 
browser. Learn more at https://react.dev/link/wrap-tests-with-act

    [0m [90m 94 |[39m             console[33m.[39merror([32m'Error 
loading crew:'[39m[33m,[39m err)[33m;[39m
     [90m 95 |[39m         } [36mfinally[39m {
    [31m[1m>[22m[39m[90m 96 |[39m             
setLoading([36mfalse[39m)[33m;[39m
     [90m    |[39m             [31m[1m^[22m[39m
     [90m 97 |[39m         }
     [90m 98 |[39m     }[33m,[39m [user])[33m;[39m
     [90m 99 |[39m[0m

      at 
node_modules/react-test-renderer/cjs/react-test-renderer.development.js:11801:19
      at runWithFiberInDEV (node_modules/react-test-renderer/cjs/react-test-rend
erer.development.js:1574:13)
      at warnIfUpdatesNotWrappedWithActDEV (node_modules/react-test-renderer/cjs
/react-test-renderer.development.js:11800:9)
      at scheduleUpdateOnFiber (node_modules/react-test-renderer/cjs/react-test-
renderer.development.js:10326:9)
      at dispatchSetStateInternal (node_modules/react-test-renderer/cjs/react-te
st-renderer.development.js:4148:13)
      at dispatchSetState 
(node_modules/react-test-renderer/cjs/react-test-renderer.development.js:4107:7)
      at src/hooks/useCrew.ts:96:13
      at Object.removeCrewMember (src/hooks/useCrew.ts:147:13)
      at Object.<anonymous> (src/__tests__/flows/crewFlow.test.ts:171:32)

    console.error
      react-test-renderer is deprecated. See 
https://react.dev/warnings/react-test-renderer

    [0m [90m 188 |[39m         mockSupabase[33m.[39mrpc [33m=[39m jest[3
3m.[39mfn()[33m.[39mmockResolvedValueOnce(mockSupabaseResponse([]))[33m;[39
m
     [90m 189 |[39m
    [31m[1m>[22m[39m[90m 190 |[39m         [36mconst[39m { result } 
[33m=[39m renderHook(() [33m=>[39m useCrew()[33m,[39m {
     [90m     |[39m                                      [31m[1m^[22m[39m
     [90m 191 |[39m             wrapper[33m:[39m 
[33mMockAuthProvider[39m[33m,[39m
     [90m 192 |[39m         })[33m;[39m
     [90m 193 |[39m[0m

      at Object.process.env.NODE_ENV.exports.create (node_modules/react-test-ren
derer/cjs/react-test-renderer.development.js:14598:17)
      at create 
(node_modules/@testing-library/react-native/src/render-act.ts:15:29)
      at callback (node_modules/@testing-library/react-native/src/act.ts:31:24)
      at process.env.NODE_ENV.exports.act 
(node_modules/react/cjs/react.development.js:789:22)
      at actImplementation 
(node_modules/@testing-library/react-native/src/act.ts:30:25)
      at renderWithAct 
(node_modules/@testing-library/react-native/src/render-act.ts:13:11)
      at renderInternal 
(node_modules/@testing-library/react-native/src/render.tsx:69:33)
      at renderInternal 
(node_modules/@testing-library/react-native/src/render.tsx:44:10)
      at renderHook 
(node_modules/@testing-library/react-native/src/render-hook.tsx:55:58)
      at Object.<anonymous> (src/__tests__/flows/crewFlow.test.ts:190:38)

    console.error
      react-test-renderer is deprecated. See 
https://react.dev/warnings/react-test-renderer

    [0m [90m 202 |[39m         mockSupabase[33m.[39m[36min[39m[33m.[39m
mockResolvedValueOnce(mockSupabaseResponse([]))[33m;[39m
     [90m 203 |[39m
    [31m[1m>[22m[39m[90m 204 |[39m         [36mconst[39m { result } 
[33m=[39m renderHook(() [33m=>[39m useCrew()[33m,[39m {
     [90m     |[39m                                      [31m[1m^[22m[39m
     [90m 205 |[39m             wrapper[33m:[39m 
[33mMockAuthProvider[39m[33m,[39m
     [90m 206 |[39m         })[33m;[39m
     [90m 207 |[39m[0m

      at Object.process.env.NODE_ENV.exports.create (node_modules/react-test-ren
derer/cjs/react-test-renderer.development.js:14598:17)
      at create 
(node_modules/@testing-library/react-native/src/render-act.ts:15:29)
      at callback (node_modules/@testing-library/react-native/src/act.ts:31:24)
      at process.env.NODE_ENV.exports.act 
(node_modules/react/cjs/react.development.js:789:22)
      at actImplementation 
(node_modules/@testing-library/react-native/src/act.ts:30:25)
      at renderWithAct 
(node_modules/@testing-library/react-native/src/render-act.ts:13:11)
      at renderInternal 
(node_modules/@testing-library/react-native/src/render.tsx:69:33)
      at renderInternal 
(node_modules/@testing-library/react-native/src/render.tsx:44:10)
      at renderHook 
(node_modules/@testing-library/react-native/src/render-hook.tsx:55:58)
      at Object.<anonymous> (src/__tests__/flows/crewFlow.test.ts:204:38)

    console.error
      react-test-renderer is deprecated. See 
https://react.dev/warnings/react-test-renderer

    [0m [90m 219 |[39m         mockSupabase[33m.[39mrpc [33m=[39m 
jest[33m.[39mfn()[33m.[39mmockRejectedValueOnce([36mnew[39m 
[33mError[39m([32m'Network error'[39m))[33m;[39m
     [90m 220 |[39m
    [31m[1m>[22m[39m[90m 221 |[39m         [36mconst[39m { result } 
[33m=[39m renderHook(() [33m=>[39m useCrew()[33m,[39m {
     [90m     |[39m                                      [31m[1m^[22m[39m
     [90m 222 |[39m             wrapper[33m:[39m 
[33mMockAuthProvider[39m[33m,[39m
     [90m 223 |[39m         })[33m;[39m
     [90m 224 |[39m[0m

      at Object.process.env.NODE_ENV.exports.create (node_modules/react-test-ren
derer/cjs/react-test-renderer.development.js:14598:17)
      at create 
(node_modules/@testing-library/react-native/src/render-act.ts:15:29)
      at callback (node_modules/@testing-library/react-native/src/act.ts:31:24)
      at process.env.NODE_ENV.exports.act 
(node_modules/react/cjs/react.development.js:789:22)
      at actImplementation 
(node_modules/@testing-library/react-native/src/act.ts:30:25)
      at renderWithAct 
(node_modules/@testing-library/react-native/src/render-act.ts:13:11)
      at renderInternal 
(node_modules/@testing-library/react-native/src/render.tsx:69:33)
      at renderInternal 
(node_modules/@testing-library/react-native/src/render.tsx:44:10)
      at renderHook 
(node_modules/@testing-library/react-native/src/render-hook.tsx:55:58)
      at Object.<anonymous> (src/__tests__/flows/crewFlow.test.ts:221:38)

    console.error
      Error searching users: Error: Network error
          at Object.<anonymous> (C:\Users\jared\Desktop\Coding\Projects\HYBRID\s
rc\__tests__\flows\crewFlow.test.ts:219:60)
          at Promise.finally.completed (C:\Users\jared\Desktop\Coding\Projects\H
YBRID\node_modules\jest-circus\build\jestAdapterInit.js:1557:28)
          at new Promise (<anonymous>)
          at callAsyncCircusFn (C:\Users\jared\Desktop\Coding\Projects\HYBRID\no
de_modules\jest-circus\build\jestAdapterInit.js:1497:10)
          at _callCircusTest (C:\Users\jared\Desktop\Coding\Projects\HYBRID\node
_modules\jest-circus\build\jestAdapterInit.js:1007:40)
          at _runTest (C:\Users\jared\Desktop\Coding\Projects\HYBRID\node_module
s\jest-circus\build\jestAdapterInit.js:947:3)
          at C:\Users\jared\Desktop\Coding\Projects\HYBRID\node_modules\jest-cir
cus\build\jestAdapterInit.js:849:7
          at _runTestsForDescribeBlock (C:\Users\jared\Desktop\Coding\Projects\H
YBRID\node_modules\jest-circus\build\jestAdapterInit.js:862:11)
          at _runTestsForDescribeBlock (C:\Users\jared\Desktop\Coding\Projects\H
YBRID\node_modules\jest-circus\build\jestAdapterInit.js:857:11)
          at run (C:\Users\jared\Desktop\Coding\Projects\HYBRID\node_modules\jes
t-circus\build\jestAdapterInit.js:761:3)
          at runAndTransformResultsToJestFormat (C:\Users\jared\Desktop\Coding\P
rojects\HYBRID\node_modules\jest-circus\build\jestAdapterInit.js:1918:21)
          at jestAdapter (C:\Users\jared\Desktop\Coding\Projects\HYBRID\node_mod
ules\jest-circus\build\runner.js:101:19)
          at runTestInternal (C:\Users\jared\Desktop\Coding\Projects\HYBRID\node
_modules\jest-runner\build\testWorker.js:275:16)
          at runTest (C:\Users\jared\Desktop\Coding\Projects\HYBRID\node_modules
\jest-runner\build\testWorker.js:343:7)
          at Object.worker (C:\Users\jared\Desktop\Coding\Projects\HYBRID\node_m
odules\jest-runner\build\testWorker.js:497:12)

    [0m [90m 163 |[39m             [36mreturn[39m data [33m||[39m 
[][33m;[39m
     [90m 164 |[39m         } [36mcatch[39m (err) {
    [31m[1m>[22m[39m[90m 165 |[39m             
console[33m.[39merror([32m'Error searching users:'[39m[33m,[39m 
err)[33m;[39m
     [90m     |[39m                     [31m[1m^[22m[39m
     [90m 166 |[39m             [36mreturn[39m [][33m;[39m
     [90m 167 |[39m         }
     [90m 168 |[39m     }[33m;[39m[0m

      at Object.searchUsers (src/hooks/useCrew.ts:165:21)
      at Object.<anonymous> (src/__tests__/flows/crewFlow.test.ts:227:25)

PASS src/__tests__/hooks/useCrew.test.ts
  ΓùÅ Console

    console.error
      react-test-renderer is deprecated. See 
https://react.dev/warnings/react-test-renderer

    [0m [90m 42 |[39m             mockSupabase[33m.[39m[36min[39m[33m.[
39mmockResolvedValueOnce(mockSupabaseResponse(mockProfiles))[33m;[39m
     [90m 43 |[39m
    [31m[1m>[22m[39m[90m 44 |[39m             [36mconst[39m { result } 
[33m=[39m renderHook(() [33m=>[39m useCrew()[33m,[39m {
     [90m    |[39m                                          
[31m[1m^[22m[39m
     [90m 45 |[39m                 wrapper[33m:[39m 
[33mMockAuthProvider[39m[33m,[39m
     [90m 46 |[39m             })[33m;[39m
     [90m 47 |[39m[0m

      at Object.process.env.NODE_ENV.exports.create (node_modules/react-test-ren
derer/cjs/react-test-renderer.development.js:14598:17)
      at create 
(node_modules/@testing-library/react-native/src/render-act.ts:15:29)
      at callback (node_modules/@testing-library/react-native/src/act.ts:31:24)
      at process.env.NODE_ENV.exports.act 
(node_modules/react/cjs/react.development.js:789:22)
      at actImplementation 
(node_modules/@testing-library/react-native/src/act.ts:30:25)
      at renderWithAct 
(node_modules/@testing-library/react-native/src/render-act.ts:13:11)
      at renderInternal 
(node_modules/@testing-library/react-native/src/render.tsx:69:33)
      at renderInternal 
(node_modules/@testing-library/react-native/src/render.tsx:44:10)
      at renderHook 
(node_modules/@testing-library/react-native/src/render-hook.tsx:55:58)
      at Object.<anonymous> (src/__tests__/hooks/useCrew.test.ts:44:42)

    console.error
      react-test-renderer is deprecated. See 
https://react.dev/warnings/react-test-renderer

    [0m [90m 73 |[39m             mockSupabase[33m.[39m[36min[39m[33m.[
39mmockResolvedValueOnce(mockSupabaseResponse(outgoingProfile))[33m;[39m
     [90m 74 |[39m
    [31m[1m>[22m[39m[90m 75 |[39m             [36mconst[39m { result } 
[33m=[39m renderHook(() [33m=>[39m useCrew()[33m,[39m {
     [90m    |[39m                                          
[31m[1m^[22m[39m
     [90m 76 |[39m                 wrapper[33m:[39m 
[33mMockAuthProvider[39m[33m,[39m
     [90m 77 |[39m             })[33m;[39m
     [90m 78 |[39m[0m

      at Object.process.env.NODE_ENV.exports.create (node_modules/react-test-ren
derer/cjs/react-test-renderer.development.js:14598:17)
      at create 
(node_modules/@testing-library/react-native/src/render-act.ts:15:29)
      at callback (node_modules/@testing-library/react-native/src/act.ts:31:24)
      at process.env.NODE_ENV.exports.act 
(node_modules/react/cjs/react.development.js:789:22)
      at actImplementation 
(node_modules/@testing-library/react-native/src/act.ts:30:25)
      at renderWithAct 
(node_modules/@testing-library/react-native/src/render-act.ts:13:11)
      at renderInternal 
(node_modules/@testing-library/react-native/src/render.tsx:69:33)
      at renderInternal 
(node_modules/@testing-library/react-native/src/render.tsx:44:10)
      at renderHook 
(node_modules/@testing-library/react-native/src/render-hook.tsx:55:58)
      at Object.<anonymous> (src/__tests__/hooks/useCrew.test.ts:75:42)

    console.error
      react-test-renderer is deprecated. See 
https://react.dev/warnings/react-test-renderer

    [0m [90m 100 |[39m             mockSupabase[33m.[39m[36min[39m[33m.
[39mmockResolvedValueOnce(mockSupabaseResponse([]))[33m;[39m
     [90m 101 |[39m
    [31m[1m>[22m[39m[90m 102 |[39m             [36mconst[39m { result } 
[33m=[39m renderHook(() [33m=>[39m useCrew()[33m,[39m {
     [90m     |[39m                                          
[31m[1m^[22m[39m
     [90m 103 |[39m                 wrapper[33m:[39m 
[33mMockAuthProvider[39m[33m,[39m
     [90m 104 |[39m             })[33m;[39m
     [90m 105 |[39m[0m

      at Object.process.env.NODE_ENV.exports.create (node_modules/react-test-ren
derer/cjs/react-test-renderer.development.js:14598:17)
      at create 
(node_modules/@testing-library/react-native/src/render-act.ts:15:29)
      at callback (node_modules/@testing-library/react-native/src/act.ts:31:24)
      at process.env.NODE_ENV.exports.act 
(node_modules/react/cjs/react.development.js:789:22)
      at actImplementation 
(node_modules/@testing-library/react-native/src/act.ts:30:25)
      at renderWithAct 
(node_modules/@testing-library/react-native/src/render-act.ts:13:11)
      at renderInternal 
(node_modules/@testing-library/react-native/src/render.tsx:69:33)
      at renderInternal 
(node_modules/@testing-library/react-native/src/render.tsx:44:10)
      at renderHook 
(node_modules/@testing-library/react-native/src/render-hook.tsx:55:58)
      at Object.<anonymous> (src/__tests__/hooks/useCrew.test.ts:102:42)

    console.error
      An update to HookContainer inside a test was not wrapped in act(...).
      
      When testing, code that causes React state updates should be wrapped into 
act(...):
      
      act(() => {
        /* fire events that update state */
      });
      /* assert on the output */
      
      This ensures that you're testing the behavior the user would see in the 
browser. Learn more at https://react.dev/link/wrap-tests-with-act

    [0m [90m 22 |[39m     [36mconst[39m loadCrew [33m=[39m 
useCallback([36masync[39m () [33m=>[39m {
     [90m 23 |[39m         [36mif[39m ([33m![39muser) 
[36mreturn[39m[33m;[39m
    [31m[1m>[22m[39m[90m 24 |[39m         
setLoading([36mtrue[39m)[33m;[39m
     [90m    |[39m         [31m[1m^[22m[39m
     [90m 25 |[39m         [36mtry[39m {
     [90m 26 |[39m             [90m// 1. Fetch relationships (raw IDs)[39m
     [90m 27 |[39m             [36mconst[39m { data[33m:[39m 
relationships[33m,[39m error[33m:[39m relError } [33m=[39m 
[36mawait[39m supabase[0m

      at 
node_modules/react-test-renderer/cjs/react-test-renderer.development.js:11801:19
      at runWithFiberInDEV (node_modules/react-test-renderer/cjs/react-test-rend
erer.development.js:1574:13)
      at warnIfUpdatesNotWrappedWithActDEV (node_modules/react-test-renderer/cjs
/react-test-renderer.development.js:11800:9)
      at scheduleUpdateOnFiber (node_modules/react-test-renderer/cjs/react-test-
renderer.development.js:10326:9)
      at dispatchSetStateInternal (node_modules/react-test-renderer/cjs/react-te
st-renderer.development.js:4148:13)
      at dispatchSetState 
(node_modules/react-test-renderer/cjs/react-test-renderer.development.js:4107:7)
      at src/hooks/useCrew.ts:24:9
      at Object.addCrewMember (src/hooks/useCrew.ts:113:19)
      at Object.<anonymous> (src/__tests__/hooks/useCrew.test.ts:108:30)

    console.error
      An update to HookContainer inside a test was not wrapped in act(...).
      
      When testing, code that causes React state updates should be wrapped into 
act(...):
      
      act(() => {
        /* fire events that update state */
      });
      /* assert on the output */
      
      This ensures that you're testing the behavior the user would see in the 
browser. Learn more at https://react.dev/link/wrap-tests-with-act

    [0m [90m 88 |[39m             })[33m;[39m
     [90m 89 |[39m
    [31m[1m>[22m[39m[90m 90 |[39m             
setCrew(confirmed)[33m;[39m
     [90m    |[39m             [31m[1m^[22m[39m
     [90m 91 |[39m             setRequests(incoming)[33m;[39m
     [90m 92 |[39m             setSentRequests(outgoing)[33m;[39m
     [90m 93 |[39m         } [36mcatch[39m (err) {[0m

      at 
node_modules/react-test-renderer/cjs/react-test-renderer.development.js:11801:19
      at runWithFiberInDEV (node_modules/react-test-renderer/cjs/react-test-rend
erer.development.js:1574:13)
      at warnIfUpdatesNotWrappedWithActDEV (node_modules/react-test-renderer/cjs
/react-test-renderer.development.js:11800:9)
      at scheduleUpdateOnFiber (node_modules/react-test-renderer/cjs/react-test-
renderer.development.js:10326:9)
      at dispatchSetStateInternal (node_modules/react-test-renderer/cjs/react-te
st-renderer.development.js:4148:13)
      at dispatchSetState 
(node_modules/react-test-renderer/cjs/react-test-renderer.development.js:4107:7)
      at src/hooks/useCrew.ts:90:13
      at Object.addCrewMember (src/hooks/useCrew.ts:113:13)
      at Object.<anonymous> (src/__tests__/hooks/useCrew.test.ts:108:30)

    console.error
      An update to HookContainer inside a test was not wrapped in act(...).
      
      When testing, code that causes React state updates should be wrapped into 
act(...):
      
      act(() => {
        /* fire events that update state */
      });
      /* assert on the output */
      
      This ensures that you're testing the behavior the user would see in the 
browser. Learn more at https://react.dev/link/wrap-tests-with-act

    [0m [90m 89 |[39m
     [90m 90 |[39m             setCrew(confirmed)[33m;[39m
    [31m[1m>[22m[39m[90m 91 |[39m             
setRequests(incoming)[33m;[39m
     [90m    |[39m             [31m[1m^[22m[39m
     [90m 92 |[39m             setSentRequests(outgoing)[33m;[39m
     [90m 93 |[39m         } [36mcatch[39m (err) {
     [90m 94 |[39m             console[33m.[39merror([32m'Error loading 
crew:'[39m[33m,[39m err)[33m;[39m[0m

      at 
node_modules/react-test-renderer/cjs/react-test-renderer.development.js:11801:19
      at runWithFiberInDEV (node_modules/react-test-renderer/cjs/react-test-rend
erer.development.js:1574:13)
      at warnIfUpdatesNotWrappedWithActDEV (node_modules/react-test-renderer/cjs
/react-test-renderer.development.js:11800:9)
      at scheduleUpdateOnFiber (node_modules/react-test-renderer/cjs/react-test-
renderer.development.js:10326:9)
      at dispatchSetStateInternal (node_modules/react-test-renderer/cjs/react-te
st-renderer.development.js:4148:13)
      at dispatchSetState 
(node_modules/react-test-renderer/cjs/react-test-renderer.development.js:4107:7)
      at src/hooks/useCrew.ts:91:13
      at Object.addCrewMember (src/hooks/useCrew.ts:113:13)
      at Object.<anonymous> (src/__tests__/hooks/useCrew.test.ts:108:30)

    console.error
      An update to HookContainer inside a test was not wrapped in act(...).
      
      When testing, code that causes React state updates should be wrapped into 
act(...):
      
      act(() => {
        /* fire events that update state */
      });
      /* assert on the output */
      
      This ensures that you're testing the behavior the user would see in the 
browser. Learn more at https://react.dev/link/wrap-tests-with-act

    [0m [90m 90 |[39m             setCrew(confirmed)[33m;[39m
     [90m 91 |[39m             setRequests(incoming)[33m;[39m
    [31m[1m>[22m[39m[90m 92 |[39m             
setSentRequests(outgoing)[33m;[39m
     [90m    |[39m             [31m[1m^[22m[39m
     [90m 93 |[39m         } [36mcatch[39m (err) {
     [90m 94 |[39m             console[33m.[39merror([32m'Error loading 
crew:'[39m[33m,[39m err)[33m;[39m
     [90m 95 |[39m         } [36mfinally[39m {[0m

      at 
node_modules/react-test-renderer/cjs/react-test-renderer.development.js:11801:19
      at runWithFiberInDEV (node_modules/react-test-renderer/cjs/react-test-rend
erer.development.js:1574:13)
      at warnIfUpdatesNotWrappedWithActDEV (node_modules/react-test-renderer/cjs
/react-test-renderer.development.js:11800:9)
      at scheduleUpdateOnFiber (node_modules/react-test-renderer/cjs/react-test-
renderer.development.js:10326:9)
      at dispatchSetStateInternal (node_modules/react-test-renderer/cjs/react-te
st-renderer.development.js:4148:13)
      at dispatchSetState 
(node_modules/react-test-renderer/cjs/react-test-renderer.development.js:4107:7)
      at src/hooks/useCrew.ts:92:13
      at Object.addCrewMember (src/hooks/useCrew.ts:113:13)
      at Object.<anonymous> (src/__tests__/hooks/useCrew.test.ts:108:30)

    console.error
      An update to HookContainer inside a test was not wrapped in act(...).
      
      When testing, code that causes React state updates should be wrapped into 
act(...):
      
      act(() => {
        /* fire events that update state */
      });
      /* assert on the output */
      
      This ensures that you're testing the behavior the user would see in the 
browser. Learn more at https://react.dev/link/wrap-tests-with-act

    [0m [90m 94 |[39m             console[33m.[39merror([32m'Error 
loading crew:'[39m[33m,[39m err)[33m;[39m
     [90m 95 |[39m         } [36mfinally[39m {
    [31m[1m>[22m[39m[90m 96 |[39m             
setLoading([36mfalse[39m)[33m;[39m
     [90m    |[39m             [31m[1m^[22m[39m
     [90m 97 |[39m         }
     [90m 98 |[39m     }[33m,[39m [user])[33m;[39m
     [90m 99 |[39m[0m

      at 
node_modules/react-test-renderer/cjs/react-test-renderer.development.js:11801:19
      at runWithFiberInDEV (node_modules/react-test-renderer/cjs/react-test-rend
erer.development.js:1574:13)
      at warnIfUpdatesNotWrappedWithActDEV (node_modules/react-test-renderer/cjs
/react-test-renderer.development.js:11800:9)
      at scheduleUpdateOnFiber (node_modules/react-test-renderer/cjs/react-test-
renderer.development.js:10326:9)
      at dispatchSetStateInternal (node_modules/react-test-renderer/cjs/react-te
st-renderer.development.js:4148:13)
      at dispatchSetState 
(node_modules/react-test-renderer/cjs/react-test-renderer.development.js:4107:7)
      at src/hooks/useCrew.ts:96:13
      at Object.addCrewMember (src/hooks/useCrew.ts:113:13)
      at Object.<anonymous> (src/__tests__/hooks/useCrew.test.ts:108:30)

    console.error
      react-test-renderer is deprecated. See 
https://react.dev/warnings/react-test-renderer

    [0m [90m 120 |[39m             [90m// Skip this test since it requires 
null user handling[39m
     [90m 121 |[39m             [90m// The hook checks for user in 
addCrewMember and returns early[39m
    [31m[1m>[22m[39m[90m 122 |[39m             [36mconst[39m { result } 
[33m=[39m renderHook(() [33m=>[39m useCrew()[33m,[39m {
     [90m     |[39m                                          
[31m[1m^[22m[39m
     [90m 123 |[39m                 wrapper[33m:[39m 
[33mMockAuthProvider[39m[33m,[39m
     [90m 124 |[39m             })[33m;[39m
     [90m 125 |[39m[0m

      at Object.process.env.NODE_ENV.exports.create (node_modules/react-test-ren
derer/cjs/react-test-renderer.development.js:14598:17)
      at create 
(node_modules/@testing-library/react-native/src/render-act.ts:15:29)
      at callback (node_modules/@testing-library/react-native/src/act.ts:31:24)
      at process.env.NODE_ENV.exports.act 
(node_modules/react/cjs/react.development.js:789:22)
      at actImplementation 
(node_modules/@testing-library/react-native/src/act.ts:30:25)
      at renderWithAct 
(node_modules/@testing-library/react-native/src/render-act.ts:13:11)
      at renderInternal 
(node_modules/@testing-library/react-native/src/render.tsx:69:33)
      at renderInternal 
(node_modules/@testing-library/react-native/src/render.tsx:44:10)
      at renderHook 
(node_modules/@testing-library/react-native/src/render-hook.tsx:55:58)
      at Object.<anonymous> (src/__tests__/hooks/useCrew.test.ts:122:42)

    console.error
      react-test-renderer is deprecated. See 
https://react.dev/warnings/react-test-renderer

    [0m [90m 145 |[39m             mockSupabase[33m.[39m[36min[39m[33m.
[39mmockResolvedValueOnce(mockSupabaseResponse([]))[33m;[39m
     [90m 146 |[39m
    [31m[1m>[22m[39m[90m 147 |[39m             [36mconst[39m { result } 
[33m=[39m renderHook(() [33m=>[39m useCrew()[33m,[39m {
     [90m     |[39m                                          
[31m[1m^[22m[39m
     [90m 148 |[39m                 wrapper[33m:[39m 
[33mMockAuthProvider[39m[33m,[39m
     [90m 149 |[39m             })[33m;[39m
     [90m 150 |[39m[0m

      at Object.process.env.NODE_ENV.exports.create (node_modules/react-test-ren
derer/cjs/react-test-renderer.development.js:14598:17)
      at create 
(node_modules/@testing-library/react-native/src/render-act.ts:15:29)
      at callback (node_modules/@testing-library/react-native/src/act.ts:31:24)
      at process.env.NODE_ENV.exports.act 
(node_modules/react/cjs/react.development.js:789:22)
      at actImplementation 
(node_modules/@testing-library/react-native/src/act.ts:30:25)
      at renderWithAct 
(node_modules/@testing-library/react-native/src/render-act.ts:13:11)
      at renderInternal 
(node_modules/@testing-library/react-native/src/render.tsx:69:33)
      at renderInternal 
(node_modules/@testing-library/react-native/src/render.tsx:44:10)
      at renderHook 
(node_modules/@testing-library/react-native/src/render-hook.tsx:55:58)
      at Object.<anonymous> (src/__tests__/hooks/useCrew.test.ts:147:42)

    console.error
      An update to HookContainer inside a test was not wrapped in act(...).
      
      When testing, code that causes React state updates should be wrapped into 
act(...):
      
      act(() => {
        /* fire events that update state */
      });
      /* assert on the output */
      
      This ensures that you're testing the behavior the user would see in the 
browser. Learn more at https://react.dev/link/wrap-tests-with-act

    [0m [90m 22 |[39m     [36mconst[39m loadCrew [33m=[39m 
useCallback([36masync[39m () [33m=>[39m {
     [90m 23 |[39m         [36mif[39m ([33m![39muser) 
[36mreturn[39m[33m;[39m
    [31m[1m>[22m[39m[90m 24 |[39m         
setLoading([36mtrue[39m)[33m;[39m
     [90m    |[39m         [31m[1m^[22m[39m
     [90m 25 |[39m         [36mtry[39m {
     [90m 26 |[39m             [90m// 1. Fetch relationships (raw IDs)[39m
     [90m 27 |[39m             [36mconst[39m { data[33m:[39m 
relationships[33m,[39m error[33m:[39m relError } [33m=[39m 
[36mawait[39m supabase[0m

      at 
node_modules/react-test-renderer/cjs/react-test-renderer.development.js:11801:19
      at runWithFiberInDEV (node_modules/react-test-renderer/cjs/react-test-rend
erer.development.js:1574:13)
      at warnIfUpdatesNotWrappedWithActDEV (node_modules/react-test-renderer/cjs
/react-test-renderer.development.js:11800:9)
      at scheduleUpdateOnFiber (node_modules/react-test-renderer/cjs/react-test-
renderer.development.js:10326:9)
      at dispatchSetStateInternal (node_modules/react-test-renderer/cjs/react-te
st-renderer.development.js:4148:13)
      at dispatchSetState 
(node_modules/react-test-renderer/cjs/react-test-renderer.development.js:4107:7)
      at src/hooks/useCrew.ts:24:9
      at Object.acceptCrewRequest (src/hooks/useCrew.ts:130:19)
      at Object.<anonymous> (src/__tests__/hooks/useCrew.test.ts:153:30)

    console.error
      An update to HookContainer inside a test was not wrapped in act(...).
      
      When testing, code that causes React state updates should be wrapped into 
act(...):
      
      act(() => {
        /* fire events that update state */
      });
      /* assert on the output */
      
      This ensures that you're testing the behavior the user would see in the 
browser. Learn more at https://react.dev/link/wrap-tests-with-act

    [0m [90m 88 |[39m             })[33m;[39m
     [90m 89 |[39m
    [31m[1m>[22m[39m[90m 90 |[39m             
setCrew(confirmed)[33m;[39m
     [90m    |[39m             [31m[1m^[22m[39m
     [90m 91 |[39m             setRequests(incoming)[33m;[39m
     [90m 92 |[39m             setSentRequests(outgoing)[33m;[39m
     [90m 93 |[39m         } [36mcatch[39m (err) {[0m

      at 
node_modules/react-test-renderer/cjs/react-test-renderer.development.js:11801:19
      at runWithFiberInDEV (node_modules/react-test-renderer/cjs/react-test-rend
erer.development.js:1574:13)
      at warnIfUpdatesNotWrappedWithActDEV (node_modules/react-test-renderer/cjs
/react-test-renderer.development.js:11800:9)
      at scheduleUpdateOnFiber (node_modules/react-test-renderer/cjs/react-test-
renderer.development.js:10326:9)
      at dispatchSetStateInternal (node_modules/react-test-renderer/cjs/react-te
st-renderer.development.js:4148:13)
      at dispatchSetState 
(node_modules/react-test-renderer/cjs/react-test-renderer.development.js:4107:7)
      at src/hooks/useCrew.ts:90:13
      at Object.acceptCrewRequest (src/hooks/useCrew.ts:130:13)
      at Object.<anonymous> (src/__tests__/hooks/useCrew.test.ts:153:30)

    console.error
      An update to HookContainer inside a test was not wrapped in act(...).
      
      When testing, code that causes React state updates should be wrapped into 
act(...):
      
      act(() => {
        /* fire events that update state */
      });
      /* assert on the output */
      
      This ensures that you're testing the behavior the user would see in the 
browser. Learn more at https://react.dev/link/wrap-tests-with-act

    [0m [90m 89 |[39m
     [90m 90 |[39m             setCrew(confirmed)[33m;[39m
    [31m[1m>[22m[39m[90m 91 |[39m             
setRequests(incoming)[33m;[39m
     [90m    |[39m             [31m[1m^[22m[39m
     [90m 92 |[39m             setSentRequests(outgoing)[33m;[39m
     [90m 93 |[39m         } [36mcatch[39m (err) {
     [90m 94 |[39m             console[33m.[39merror([32m'Error loading 
crew:'[39m[33m,[39m err)[33m;[39m[0m

      at 
node_modules/react-test-renderer/cjs/react-test-renderer.development.js:11801:19
      at runWithFiberInDEV (node_modules/react-test-renderer/cjs/react-test-rend
erer.development.js:1574:13)
      at warnIfUpdatesNotWrappedWithActDEV (node_modules/react-test-renderer/cjs
/react-test-renderer.development.js:11800:9)
      at scheduleUpdateOnFiber (node_modules/react-test-renderer/cjs/react-test-
renderer.development.js:10326:9)
      at dispatchSetStateInternal (node_modules/react-test-renderer/cjs/react-te
st-renderer.development.js:4148:13)
      at dispatchSetState 
(node_modules/react-test-renderer/cjs/react-test-renderer.development.js:4107:7)
      at src/hooks/useCrew.ts:91:13
      at Object.acceptCrewRequest (src/hooks/useCrew.ts:130:13)
      at Object.<anonymous> (src/__tests__/hooks/useCrew.test.ts:153:30)

    console.error
      An update to HookContainer inside a test was not wrapped in act(...).
      
      When testing, code that causes React state updates should be wrapped into 
act(...):
      
      act(() => {
        /* fire events that update state */
      });
      /* assert on the output */
      
      This ensures that you're testing the behavior the user would see in the 
browser. Learn more at https://react.dev/link/wrap-tests-with-act

    [0m [90m 90 |[39m             setCrew(confirmed)[33m;[39m
     [90m 91 |[39m             setRequests(incoming)[33m;[39m
    [31m[1m>[22m[39m[90m 92 |[39m             
setSentRequests(outgoing)[33m;[39m
     [90m    |[39m             [31m[1m^[22m[39m
     [90m 93 |[39m         } [36mcatch[39m (err) {
     [90m 94 |[39m             console[33m.[39merror([32m'Error loading 
crew:'[39m[33m,[39m err)[33m;[39m
     [90m 95 |[39m         } [36mfinally[39m {[0m

      at 
node_modules/react-test-renderer/cjs/react-test-renderer.development.js:11801:19
      at runWithFiberInDEV (node_modules/react-test-renderer/cjs/react-test-rend
erer.development.js:1574:13)
      at warnIfUpdatesNotWrappedWithActDEV (node_modules/react-test-renderer/cjs
/react-test-renderer.development.js:11800:9)
      at scheduleUpdateOnFiber (node_modules/react-test-renderer/cjs/react-test-
renderer.development.js:10326:9)
      at dispatchSetStateInternal (node_modules/react-test-renderer/cjs/react-te
st-renderer.development.js:4148:13)
      at dispatchSetState 
(node_modules/react-test-renderer/cjs/react-test-renderer.development.js:4107:7)
      at src/hooks/useCrew.ts:92:13
      at Object.acceptCrewRequest (src/hooks/useCrew.ts:130:13)
      at Object.<anonymous> (src/__tests__/hooks/useCrew.test.ts:153:30)

    console.error
      An update to HookContainer inside a test was not wrapped in act(...).
      
      When testing, code that causes React state updates should be wrapped into 
act(...):
      
      act(() => {
        /* fire events that update state */
      });
      /* assert on the output */
      
      This ensures that you're testing the behavior the user would see in the 
browser. Learn more at https://react.dev/link/wrap-tests-with-act

    [0m [90m 94 |[39m             console[33m.[39merror([32m'Error 
loading crew:'[39m[33m,[39m err)[33m;[39m
     [90m 95 |[39m         } [36mfinally[39m {
    [31m[1m>[22m[39m[90m 96 |[39m             
setLoading([36mfalse[39m)[33m;[39m
     [90m    |[39m             [31m[1m^[22m[39m
     [90m 97 |[39m         }
     [90m 98 |[39m     }[33m,[39m [user])[33m;[39m
     [90m 99 |[39m[0m

      at 
node_modules/react-test-renderer/cjs/react-test-renderer.development.js:11801:19
      at runWithFiberInDEV (node_modules/react-test-renderer/cjs/react-test-rend
erer.development.js:1574:13)
      at warnIfUpdatesNotWrappedWithActDEV (node_modules/react-test-renderer/cjs
/react-test-renderer.development.js:11800:9)
      at scheduleUpdateOnFiber (node_modules/react-test-renderer/cjs/react-test-
renderer.development.js:10326:9)
      at dispatchSetStateInternal (node_modules/react-test-renderer/cjs/react-te
st-renderer.development.js:4148:13)
      at dispatchSetState 
(node_modules/react-test-renderer/cjs/react-test-renderer.development.js:4107:7)
      at src/hooks/useCrew.ts:96:13
      at Object.acceptCrewRequest (src/hooks/useCrew.ts:130:13)
      at Object.<anonymous> (src/__tests__/hooks/useCrew.test.ts:153:30)

    console.error
      react-test-renderer is deprecated. See 
https://react.dev/warnings/react-test-renderer

    [0m [90m 172 |[39m             mockSupabase[33m.[39m[36min[39m[33m.
[39mmockResolvedValueOnce(mockSupabaseResponse([]))[33m;[39m
     [90m 173 |[39m
    [31m[1m>[22m[39m[90m 174 |[39m             [36mconst[39m { result } 
[33m=[39m renderHook(() [33m=>[39m useCrew()[33m,[39m {
     [90m     |[39m                                          
[31m[1m^[22m[39m
     [90m 175 |[39m                 wrapper[33m:[39m 
[33mMockAuthProvider[39m[33m,[39m
     [90m 176 |[39m             })[33m;[39m
     [90m 177 |[39m[0m

      at Object.process.env.NODE_ENV.exports.create (node_modules/react-test-ren
derer/cjs/react-test-renderer.development.js:14598:17)
      at create 
(node_modules/@testing-library/react-native/src/render-act.ts:15:29)
      at callback (node_modules/@testing-library/react-native/src/act.ts:31:24)
      at process.env.NODE_ENV.exports.act 
(node_modules/react/cjs/react.development.js:789:22)
      at actImplementation 
(node_modules/@testing-library/react-native/src/act.ts:30:25)
      at renderWithAct 
(node_modules/@testing-library/react-native/src/render-act.ts:13:11)
      at renderInternal 
(node_modules/@testing-library/react-native/src/render.tsx:69:33)
      at renderInternal 
(node_modules/@testing-library/react-native/src/render.tsx:44:10)
      at renderHook 
(node_modules/@testing-library/react-native/src/render-hook.tsx:55:58)
      at Object.<anonymous> (src/__tests__/hooks/useCrew.test.ts:174:42)

    console.error
      An update to HookContainer inside a test was not wrapped in act(...).
      
      When testing, code that causes React state updates should be wrapped into 
act(...):
      
      act(() => {
        /* fire events that update state */
      });
      /* assert on the output */
      
      This ensures that you're testing the behavior the user would see in the 
browser. Learn more at https://react.dev/link/wrap-tests-with-act

    [0m [90m 22 |[39m     [36mconst[39m loadCrew [33m=[39m 
useCallback([36masync[39m () [33m=>[39m {
     [90m 23 |[39m         [36mif[39m ([33m![39muser) 
[36mreturn[39m[33m;[39m
    [31m[1m>[22m[39m[90m 24 |[39m         
setLoading([36mtrue[39m)[33m;[39m
     [90m    |[39m         [31m[1m^[22m[39m
     [90m 25 |[39m         [36mtry[39m {
     [90m 26 |[39m             [90m// 1. Fetch relationships (raw IDs)[39m
     [90m 27 |[39m             [36mconst[39m { data[33m:[39m 
relationships[33m,[39m error[33m:[39m relError } [33m=[39m 
[36mawait[39m supabase[0m

      at 
node_modules/react-test-renderer/cjs/react-test-renderer.development.js:11801:19
      at runWithFiberInDEV (node_modules/react-test-renderer/cjs/react-test-rend
erer.development.js:1574:13)
      at warnIfUpdatesNotWrappedWithActDEV (node_modules/react-test-renderer/cjs
/react-test-renderer.development.js:11800:9)
      at scheduleUpdateOnFiber (node_modules/react-test-renderer/cjs/react-test-
renderer.development.js:10326:9)
      at dispatchSetStateInternal (node_modules/react-test-renderer/cjs/react-te
st-renderer.development.js:4148:13)
      at dispatchSetState 
(node_modules/react-test-renderer/cjs/react-test-renderer.development.js:4107:7)
      at src/hooks/useCrew.ts:24:9
      at Object.removeCrewMember (src/hooks/useCrew.ts:147:19)
      at Object.<anonymous> (src/__tests__/hooks/useCrew.test.ts:180:30)

    console.error
      An update to HookContainer inside a test was not wrapped in act(...).
      
      When testing, code that causes React state updates should be wrapped into 
act(...):
      
      act(() => {
        /* fire events that update state */
      });
      /* assert on the output */
      
      This ensures that you're testing the behavior the user would see in the 
browser. Learn more at https://react.dev/link/wrap-tests-with-act

    [0m [90m 88 |[39m             })[33m;[39m
     [90m 89 |[39m
    [31m[1m>[22m[39m[90m 90 |[39m             
setCrew(confirmed)[33m;[39m
     [90m    |[39m             [31m[1m^[22m[39m
     [90m 91 |[39m             setRequests(incoming)[33m;[39m
     [90m 92 |[39m             setSentRequests(outgoing)[33m;[39m
     [90m 93 |[39m         } [36mcatch[39m (err) {[0m

      at 
node_modules/react-test-renderer/cjs/react-test-renderer.development.js:11801:19
      at runWithFiberInDEV (node_modules/react-test-renderer/cjs/react-test-rend
erer.development.js:1574:13)
      at warnIfUpdatesNotWrappedWithActDEV (node_modules/react-test-renderer/cjs
/react-test-renderer.development.js:11800:9)
      at scheduleUpdateOnFiber (node_modules/react-test-renderer/cjs/react-test-
renderer.development.js:10326:9)
      at dispatchSetStateInternal (node_modules/react-test-renderer/cjs/react-te
st-renderer.development.js:4148:13)
      at dispatchSetState 
(node_modules/react-test-renderer/cjs/react-test-renderer.development.js:4107:7)
      at src/hooks/useCrew.ts:90:13
      at Object.removeCrewMember (src/hooks/useCrew.ts:147:13)
      at Object.<anonymous> (src/__tests__/hooks/useCrew.test.ts:180:30)

    console.error
      An update to HookContainer inside a test was not wrapped in act(...).
      
      When testing, code that causes React state updates should be wrapped into 
act(...):
      
      act(() => {
        /* fire events that update state */
      });
      /* assert on the output */
      
      This ensures that you're testing the behavior the user would see in the 
browser. Learn more at https://react.dev/link/wrap-tests-with-act

    [0m [90m 89 |[39m
     [90m 90 |[39m             setCrew(confirmed)[33m;[39m
    [31m[1m>[22m[39m[90m 91 |[39m             
setRequests(incoming)[33m;[39m
     [90m    |[39m             [31m[1m^[22m[39m
     [90m 92 |[39m             setSentRequests(outgoing)[33m;[39m
     [90m 93 |[39m         } [36mcatch[39m (err) {
     [90m 94 |[39m             console[33m.[39merror([32m'Error loading 
crew:'[39m[33m,[39m err)[33m;[39m[0m

      at 
node_modules/react-test-renderer/cjs/react-test-renderer.development.js:11801:19
      at runWithFiberInDEV (node_modules/react-test-renderer/cjs/react-test-rend
erer.development.js:1574:13)
      at warnIfUpdatesNotWrappedWithActDEV (node_modules/react-test-renderer/cjs
/react-test-renderer.development.js:11800:9)
      at scheduleUpdateOnFiber (node_modules/react-test-renderer/cjs/react-test-
renderer.development.js:10326:9)
      at dispatchSetStateInternal (node_modules/react-test-renderer/cjs/react-te
st-renderer.development.js:4148:13)
      at dispatchSetState 
(node_modules/react-test-renderer/cjs/react-test-renderer.development.js:4107:7)
      at src/hooks/useCrew.ts:91:13
      at Object.removeCrewMember (src/hooks/useCrew.ts:147:13)
      at Object.<anonymous> (src/__tests__/hooks/useCrew.test.ts:180:30)

    console.error
      An update to HookContainer inside a test was not wrapped in act(...).
      
      When testing, code that causes React state updates should be wrapped into 
act(...):
      
      act(() => {
        /* fire events that update state */
      });
      /* assert on the output */
      
      This ensures that you're testing the behavior the user would see in the 
browser. Learn more at https://react.dev/link/wrap-tests-with-act

    [0m [90m 90 |[39m             setCrew(confirmed)[33m;[39m
     [90m 91 |[39m             setRequests(incoming)[33m;[39m
    [31m[1m>[22m[39m[90m 92 |[39m             
setSentRequests(outgoing)[33m;[39m
     [90m    |[39m             [31m[1m^[22m[39m
     [90m 93 |[39m         } [36mcatch[39m (err) {
     [90m 94 |[39m             console[33m.[39merror([32m'Error loading 
crew:'[39m[33m,[39m err)[33m;[39m
     [90m 95 |[39m         } [36mfinally[39m {[0m

      at 
node_modules/react-test-renderer/cjs/react-test-renderer.development.js:11801:19
      at runWithFiberInDEV (node_modules/react-test-renderer/cjs/react-test-rend
erer.development.js:1574:13)
      at warnIfUpdatesNotWrappedWithActDEV (node_modules/react-test-renderer/cjs
/react-test-renderer.development.js:11800:9)
      at scheduleUpdateOnFiber (node_modules/react-test-renderer/cjs/react-test-
renderer.development.js:10326:9)
      at dispatchSetStateInternal (node_modules/react-test-renderer/cjs/react-te
st-renderer.development.js:4148:13)
      at dispatchSetState 
(node_modules/react-test-renderer/cjs/react-test-renderer.development.js:4107:7)
      at src/hooks/useCrew.ts:92:13
      at Object.removeCrewMember (src/hooks/useCrew.ts:147:13)
      at Object.<anonymous> (src/__tests__/hooks/useCrew.test.ts:180:30)

    console.error
      An update to HookContainer inside a test was not wrapped in act(...).
      
      When testing, code that causes React state updates should be wrapped into 
act(...):
      
      act(() => {
        /* fire events that update state */
      });
      /* assert on the output */
      
      This ensures that you're testing the behavior the user would see in the 
browser. Learn more at https://react.dev/link/wrap-tests-with-act

    [0m [90m 94 |[39m             console[33m.[39merror([32m'Error 
loading crew:'[39m[33m,[39m err)[33m;[39m
     [90m 95 |[39m         } [36mfinally[39m {
    [31m[1m>[22m[39m[90m 96 |[39m             
setLoading([36mfalse[39m)[33m;[39m
     [90m    |[39m             [31m[1m^[22m[39m
     [90m 97 |[39m         }
     [90m 98 |[39m     }[33m,[39m [user])[33m;[39m
     [90m 99 |[39m[0m

      at 
node_modules/react-test-renderer/cjs/react-test-renderer.development.js:11801:19
      at runWithFiberInDEV (node_modules/react-test-renderer/cjs/react-test-rend
erer.development.js:1574:13)
      at warnIfUpdatesNotWrappedWithActDEV (node_modules/react-test-renderer/cjs
/react-test-renderer.development.js:11800:9)
      at scheduleUpdateOnFiber (node_modules/react-test-renderer/cjs/react-test-
renderer.development.js:10326:9)
      at dispatchSetStateInternal (node_modules/react-test-renderer/cjs/react-te
st-renderer.development.js:4148:13)
      at dispatchSetState 
(node_modules/react-test-renderer/cjs/react-test-renderer.development.js:4107:7)
      at src/hooks/useCrew.ts:96:13
      at Object.removeCrewMember (src/hooks/useCrew.ts:147:13)
      at Object.<anonymous> (src/__tests__/hooks/useCrew.test.ts:180:30)

    console.error
      react-test-renderer is deprecated. See 
https://react.dev/warnings/react-test-renderer

    [0m [90m 198 |[39m             mockSupabase[33m.[39m[36min[39m[33m.
[39mmockResolvedValueOnce(mockSupabaseResponse([]))[33m;[39m
     [90m 199 |[39m
    [31m[1m>[22m[39m[90m 200 |[39m             [36mconst[39m { result } 
[33m=[39m renderHook(() [33m=>[39m useCrew()[33m,[39m {
     [90m     |[39m                                          
[31m[1m^[22m[39m
     [90m 201 |[39m                 wrapper[33m:[39m 
[33mMockAuthProvider[39m[33m,[39m
     [90m 202 |[39m             })[33m;[39m
     [90m 203 |[39m[0m

      at Object.process.env.NODE_ENV.exports.create (node_modules/react-test-ren
derer/cjs/react-test-renderer.development.js:14598:17)
      at create 
(node_modules/@testing-library/react-native/src/render-act.ts:15:29)
      at callback (node_modules/@testing-library/react-native/src/act.ts:31:24)
      at process.env.NODE_ENV.exports.act 
(node_modules/react/cjs/react.development.js:789:22)
      at actImplementation 
(node_modules/@testing-library/react-native/src/act.ts:30:25)
      at renderWithAct 
(node_modules/@testing-library/react-native/src/render-act.ts:13:11)
      at renderInternal 
(node_modules/@testing-library/react-native/src/render.tsx:69:33)
      at renderInternal 
(node_modules/@testing-library/react-native/src/render.tsx:44:10)
      at renderHook 
(node_modules/@testing-library/react-native/src/render-hook.tsx:55:58)
      at Object.<anonymous> (src/__tests__/hooks/useCrew.test.ts:200:42)

    console.error
      An update to HookContainer inside a test was not wrapped in act(...).
      
      When testing, code that causes React state updates should be wrapped into 
act(...):
      
      act(() => {
        /* fire events that update state */
      });
      /* assert on the output */
      
      This ensures that you're testing the behavior the user would see in the 
browser. Learn more at https://react.dev/link/wrap-tests-with-act

    [0m [90m 22 |[39m     [36mconst[39m loadCrew [33m=[39m 
useCallback([36masync[39m () [33m=>[39m {
     [90m 23 |[39m         [36mif[39m ([33m![39muser) 
[36mreturn[39m[33m;[39m
    [31m[1m>[22m[39m[90m 24 |[39m         
setLoading([36mtrue[39m)[33m;[39m
     [90m    |[39m         [31m[1m^[22m[39m
     [90m 25 |[39m         [36mtry[39m {
     [90m 26 |[39m             [90m// 1. Fetch relationships (raw IDs)[39m
     [90m 27 |[39m             [36mconst[39m { data[33m:[39m 
relationships[33m,[39m error[33m:[39m relError } [33m=[39m 
[36mawait[39m supabase[0m

      at 
node_modules/react-test-renderer/cjs/react-test-renderer.development.js:11801:19
      at runWithFiberInDEV (node_modules/react-test-renderer/cjs/react-test-rend
erer.development.js:1574:13)
      at warnIfUpdatesNotWrappedWithActDEV (node_modules/react-test-renderer/cjs
/react-test-renderer.development.js:11800:9)
      at scheduleUpdateOnFiber (node_modules/react-test-renderer/cjs/react-test-
renderer.development.js:10326:9)
      at dispatchSetStateInternal (node_modules/react-test-renderer/cjs/react-te
st-renderer.development.js:4148:13)
      at dispatchSetState 
(node_modules/react-test-renderer/cjs/react-test-renderer.development.js:4107:7)
      at src/hooks/useCrew.ts:24:9
      at Object.removeCrewMember (src/hooks/useCrew.ts:147:19)
      at Object.<anonymous> (src/__tests__/hooks/useCrew.test.ts:207:30)

    console.error
      An update to HookContainer inside a test was not wrapped in act(...).
      
      When testing, code that causes React state updates should be wrapped into 
act(...):
      
      act(() => {
        /* fire events that update state */
      });
      /* assert on the output */
      
      This ensures that you're testing the behavior the user would see in the 
browser. Learn more at https://react.dev/link/wrap-tests-with-act

    [0m [90m 88 |[39m             })[33m;[39m
     [90m 89 |[39m
    [31m[1m>[22m[39m[90m 90 |[39m             
setCrew(confirmed)[33m;[39m
     [90m    |[39m             [31m[1m^[22m[39m
     [90m 91 |[39m             setRequests(incoming)[33m;[39m
     [90m 92 |[39m             setSentRequests(outgoing)[33m;[39m
     [90m 93 |[39m         } [36mcatch[39m (err) {[0m

      at 
node_modules/react-test-renderer/cjs/react-test-renderer.development.js:11801:19
      at runWithFiberInDEV (node_modules/react-test-renderer/cjs/react-test-rend
erer.development.js:1574:13)
      at warnIfUpdatesNotWrappedWithActDEV (node_modules/react-test-renderer/cjs
/react-test-renderer.development.js:11800:9)
      at scheduleUpdateOnFiber (node_modules/react-test-renderer/cjs/react-test-
renderer.development.js:10326:9)
      at dispatchSetStateInternal (node_modules/react-test-renderer/cjs/react-te
st-renderer.development.js:4148:13)
      at dispatchSetState 
(node_modules/react-test-renderer/cjs/react-test-renderer.development.js:4107:7)
      at src/hooks/useCrew.ts:90:13
      at Object.removeCrewMember (src/hooks/useCrew.ts:147:13)
      at Object.<anonymous> (src/__tests__/hooks/useCrew.test.ts:207:30)

    console.error
      An update to HookContainer inside a test was not wrapped in act(...).
      
      When testing, code that causes React state updates should be wrapped into 
act(...):
      
      act(() => {
        /* fire events that update state */
      });
      /* assert on the output */
      
      This ensures that you're testing the behavior the user would see in the 
browser. Learn more at https://react.dev/link/wrap-tests-with-act

    [0m [90m 89 |[39m
     [90m 90 |[39m             setCrew(confirmed)[33m;[39m
    [31m[1m>[22m[39m[90m 91 |[39m             
setRequests(incoming)[33m;[39m
     [90m    |[39m             [31m[1m^[22m[39m
     [90m 92 |[39m             setSentRequests(outgoing)[33m;[39m
     [90m 93 |[39m         } [36mcatch[39m (err) {
     [90m 94 |[39m             console[33m.[39merror([32m'Error loading 
crew:'[39m[33m,[39m err)[33m;[39m[0m

      at 
node_modules/react-test-renderer/cjs/react-test-renderer.development.js:11801:19
      at runWithFiberInDEV (node_modules/react-test-renderer/cjs/react-test-rend
erer.development.js:1574:13)
      at warnIfUpdatesNotWrappedWithActDEV (node_modules/react-test-renderer/cjs
/react-test-renderer.development.js:11800:9)
      at scheduleUpdateOnFiber (node_modules/react-test-renderer/cjs/react-test-
renderer.development.js:10326:9)
      at dispatchSetStateInternal (node_modules/react-test-renderer/cjs/react-te
st-renderer.development.js:4148:13)
      at dispatchSetState 
(node_modules/react-test-renderer/cjs/react-test-renderer.development.js:4107:7)
      at src/hooks/useCrew.ts:91:13
      at Object.removeCrewMember (src/hooks/useCrew.ts:147:13)
      at Object.<anonymous> (src/__tests__/hooks/useCrew.test.ts:207:30)

    console.error
      An update to HookContainer inside a test was not wrapped in act(...).
      
      When testing, code that causes React state updates should be wrapped into 
act(...):
      
      act(() => {
        /* fire events that update state */
      });
      /* assert on the output */
      
      This ensures that you're testing the behavior the user would see in the 
browser. Learn more at https://react.dev/link/wrap-tests-with-act

    [0m [90m 90 |[39m             setCrew(confirmed)[33m;[39m
     [90m 91 |[39m             setRequests(incoming)[33m;[39m
    [31m[1m>[22m[39m[90m 92 |[39m             
setSentRequests(outgoing)[33m;[39m
     [90m    |[39m             [31m[1m^[22m[39m
     [90m 93 |[39m         } [36mcatch[39m (err) {
     [90m 94 |[39m             console[33m.[39merror([32m'Error loading 
crew:'[39m[33m,[39m err)[33m;[39m
     [90m 95 |[39m         } [36mfinally[39m {[0m

      at 
node_modules/react-test-renderer/cjs/react-test-renderer.development.js:11801:19
      at runWithFiberInDEV (node_modules/react-test-renderer/cjs/react-test-rend
erer.development.js:1574:13)
      at warnIfUpdatesNotWrappedWithActDEV (node_modules/react-test-renderer/cjs
/react-test-renderer.development.js:11800:9)
      at scheduleUpdateOnFiber (node_modules/react-test-renderer/cjs/react-test-
renderer.development.js:10326:9)
      at dispatchSetStateInternal (node_modules/react-test-renderer/cjs/react-te
st-renderer.development.js:4148:13)
      at dispatchSetState 
(node_modules/react-test-renderer/cjs/react-test-renderer.development.js:4107:7)
      at src/hooks/useCrew.ts:92:13
      at Object.removeCrewMember (src/hooks/useCrew.ts:147:13)
      at Object.<anonymous> (src/__tests__/hooks/useCrew.test.ts:207:30)

    console.error
      An update to HookContainer inside a test was not wrapped in act(...).
      
      When testing, code that causes React state updates should be wrapped into 
act(...):
      
      act(() => {
        /* fire events that update state */
      });
      /* assert on the output */
      
      This ensures that you're testing the behavior the user would see in the 
browser. Learn more at https://react.dev/link/wrap-tests-with-act

    [0m [90m 94 |[39m             console[33m.[39merror([32m'Error 
loading crew:'[39m[33m,[39m err)[33m;[39m
     [90m 95 |[39m         } [36mfinally[39m {
    [31m[1m>[22m[39m[90m 96 |[39m             
setLoading([36mfalse[39m)[33m;[39m
     [90m    |[39m             [31m[1m^[22m[39m
     [90m 97 |[39m         }
     [90m 98 |[39m     }[33m,[39m [user])[33m;[39m
     [90m 99 |[39m[0m

      at 
node_modules/react-test-renderer/cjs/react-test-renderer.development.js:11801:19
      at runWithFiberInDEV (node_modules/react-test-renderer/cjs/react-test-rend
erer.development.js:1574:13)
      at warnIfUpdatesNotWrappedWithActDEV (node_modules/react-test-renderer/cjs
/react-test-renderer.development.js:11800:9)
      at scheduleUpdateOnFiber (node_modules/react-test-renderer/cjs/react-test-
renderer.development.js:10326:9)
      at dispatchSetStateInternal (node_modules/react-test-renderer/cjs/react-te
st-renderer.development.js:4148:13)
      at dispatchSetState 
(node_modules/react-test-renderer/cjs/react-test-renderer.development.js:4107:7)
      at src/hooks/useCrew.ts:96:13
      at Object.removeCrewMember (src/hooks/useCrew.ts:147:13)
      at Object.<anonymous> (src/__tests__/hooks/useCrew.test.ts:207:30)

    console.error
      react-test-renderer is deprecated. See 
https://react.dev/warnings/react-test-renderer

    [0m [90m 223 |[39m             mockSupabase[33m.[39m[36min[39m[33m.
[39mmockResolvedValueOnce(mockSupabaseResponse([]))[33m;[39m
     [90m 224 |[39m
    [31m[1m>[22m[39m[90m 225 |[39m             [36mconst[39m { result } 
[33m=[39m renderHook(() [33m=>[39m useCrew()[33m,[39m {
     [90m     |[39m                                          
[31m[1m^[22m[39m
     [90m 226 |[39m                 wrapper[33m:[39m 
[33mMockAuthProvider[39m[33m,[39m
     [90m 227 |[39m             })[33m;[39m
     [90m 228 |[39m[0m

      at Object.process.env.NODE_ENV.exports.create (node_modules/react-test-ren
derer/cjs/react-test-renderer.development.js:14598:17)
      at create 
(node_modules/@testing-library/react-native/src/render-act.ts:15:29)
      at callback (node_modules/@testing-library/react-native/src/act.ts:31:24)
      at process.env.NODE_ENV.exports.act 
(node_modules/react/cjs/react.development.js:789:22)
      at actImplementation 
(node_modules/@testing-library/react-native/src/act.ts:30:25)
      at renderWithAct 
(node_modules/@testing-library/react-native/src/render-act.ts:13:11)
      at renderInternal 
(node_modules/@testing-library/react-native/src/render.tsx:69:33)
      at renderInternal 
(node_modules/@testing-library/react-native/src/render.tsx:44:10)
      at renderHook 
(node_modules/@testing-library/react-native/src/render-hook.tsx:55:58)
      at Object.<anonymous> (src/__tests__/hooks/useCrew.test.ts:225:42)

    console.error
      react-test-renderer is deprecated. See 
https://react.dev/warnings/react-test-renderer

    [0m [90m 239 |[39m             mockSupabase[33m.[39m[36min[39m[33m.
[39mmockResolvedValueOnce(mockSupabaseResponse([]))[33m;[39m
     [90m 240 |[39m
    [31m[1m>[22m[39m[90m 241 |[39m             [36mconst[39m { result } 
[33m=[39m renderHook(() [33m=>[39m useCrew()[33m,[39m {
     [90m     |[39m                                          
[31m[1m^[22m[39m
     [90m 242 |[39m                 wrapper[33m:[39m 
[33mMockAuthProvider[39m[33m,[39m
     [90m 243 |[39m             })[33m;[39m
     [90m 244 |[39m[0m

      at Object.process.env.NODE_ENV.exports.create (node_modules/react-test-ren
derer/cjs/react-test-renderer.development.js:14598:17)
      at create 
(node_modules/@testing-library/react-native/src/render-act.ts:15:29)
      at callback (node_modules/@testing-library/react-native/src/act.ts:31:24)
      at process.env.NODE_ENV.exports.act 
(node_modules/react/cjs/react.development.js:789:22)
      at actImplementation 
(node_modules/@testing-library/react-native/src/act.ts:30:25)
      at renderWithAct 
(node_modules/@testing-library/react-native/src/render-act.ts:13:11)
      at renderInternal 
(node_modules/@testing-library/react-native/src/render.tsx:69:33)
      at renderInternal 
(node_modules/@testing-library/react-native/src/render.tsx:44:10)
      at renderHook 
(node_modules/@testing-library/react-native/src/render-hook.tsx:55:58)
      at Object.<anonymous> (src/__tests__/hooks/useCrew.test.ts:241:42)

    console.error
      react-test-renderer is deprecated. See 
https://react.dev/warnings/react-test-renderer

    [0m [90m 254 |[39m             mockSupabase[33m.[39m[36min[39m[33m.
[39mmockResolvedValueOnce(mockSupabaseResponse([]))[33m;[39m
     [90m 255 |[39m
    [31m[1m>[22m[39m[90m 256 |[39m             [36mconst[39m { result } 
[33m=[39m renderHook(() [33m=>[39m useCrew()[33m,[39m {
     [90m     |[39m                                          
[31m[1m^[22m[39m
     [90m 257 |[39m                 wrapper[33m:[39m 
[33mMockAuthProvider[39m[33m,[39m
     [90m 258 |[39m             })[33m;[39m
     [90m 259 |[39m[0m

      at Object.process.env.NODE_ENV.exports.create (node_modules/react-test-ren
derer/cjs/react-test-renderer.development.js:14598:17)
      at create 
(node_modules/@testing-library/react-native/src/render-act.ts:15:29)
      at callback (node_modules/@testing-library/react-native/src/act.ts:31:24)
      at process.env.NODE_ENV.exports.act 
(node_modules/react/cjs/react.development.js:789:22)
      at actImplementation 
(node_modules/@testing-library/react-native/src/act.ts:30:25)
      at renderWithAct 
(node_modules/@testing-library/react-native/src/render-act.ts:13:11)
      at renderInternal 
(node_modules/@testing-library/react-native/src/render.tsx:69:33)
      at renderInternal 
(node_modules/@testing-library/react-native/src/render.tsx:44:10)
      at renderHook 
(node_modules/@testing-library/react-native/src/render-hook.tsx:55:58)
      at Object.<anonymous> (src/__tests__/hooks/useCrew.test.ts:256:42)

FAIL src/__tests__/hooks/useExercises.test.ts
  ΓùÅ Console

    console.error
      react-test-renderer is deprecated. See 
https://react.dev/warnings/react-test-renderer

    [0m [90m 41 |[39m             mockSupabase[33m.[39morder[33m.[39mmock
ResolvedValueOnce(mockSupabaseResponse(mockExercises))[33m;[39m
     [90m 42 |[39m
    [31m[1m>[22m[39m[90m 43 |[39m             [36mconst[39m { result } 
[33m=[39m renderHook(() [33m=>[39m useExercises()[33m,[39m {
     [90m    |[39m                                          
[31m[1m^[22m[39m
     [90m 44 |[39m                 wrapper[33m:[39m 
[33mMockAuthProvider[39m[33m,[39m
     [90m 45 |[39m             })[33m;[39m
     [90m 46 |[39m[0m

      at Object.process.env.NODE_ENV.exports.create (node_modules/react-test-ren
derer/cjs/react-test-renderer.development.js:14598:17)
      at create 
(node_modules/@testing-library/react-native/src/render-act.ts:15:29)
      at callback (node_modules/@testing-library/react-native/src/act.ts:31:24)
      at process.env.NODE_ENV.exports.act 
(node_modules/react/cjs/react.development.js:789:22)
      at actImplementation 
(node_modules/@testing-library/react-native/src/act.ts:30:25)
      at renderWithAct 
(node_modules/@testing-library/react-native/src/render-act.ts:13:11)
      at renderInternal 
(node_modules/@testing-library/react-native/src/render.tsx:69:33)
      at renderInternal 
(node_modules/@testing-library/react-native/src/render.tsx:44:10)
      at renderHook 
(node_modules/@testing-library/react-native/src/render-hook.tsx:55:58)
      at Object.<anonymous> (src/__tests__/hooks/useExercises.test.ts:43:42)

    console.error
      react-test-renderer is deprecated. See 
https://react.dev/warnings/react-test-renderer

    [0m [90m 66 |[39m             })[33m;[39m
     [90m 67 |[39m
    [31m[1m>[22m[39m[90m 68 |[39m             [36mconst[39m { result } 
[33m=[39m renderHook(() [33m=>[39m useExercises()[33m,[39m {
     [90m    |[39m                                          
[31m[1m^[22m[39m
     [90m 69 |[39m                 wrapper[33m:[39m 
[33mMockAuthProvider[39m[33m,[39m
     [90m 70 |[39m             })[33m;[39m
     [90m 71 |[39m[0m

      at Object.process.env.NODE_ENV.exports.create (node_modules/react-test-ren
derer/cjs/react-test-renderer.development.js:14598:17)
      at create 
(node_modules/@testing-library/react-native/src/render-act.ts:15:29)
      at callback (node_modules/@testing-library/react-native/src/act.ts:31:24)
      at process.env.NODE_ENV.exports.act 
(node_modules/react/cjs/react.development.js:789:22)
      at actImplementation 
(node_modules/@testing-library/react-native/src/act.ts:30:25)
      at renderWithAct 
(node_modules/@testing-library/react-native/src/render-act.ts:13:11)
      at renderInternal 
(node_modules/@testing-library/react-native/src/render.tsx:69:33)
      at renderInternal 
(node_modules/@testing-library/react-native/src/render.tsx:44:10)
      at renderHook 
(node_modules/@testing-library/react-native/src/render-hook.tsx:55:58)
      at Object.<anonymous> (src/__tests__/hooks/useExercises.test.ts:68:42)

    console.error
      react-test-renderer is deprecated. See 
https://react.dev/warnings/react-test-renderer

    [0m [90m 81 |[39m             mockSupabase[33m.[39morder[33m.[39mmock
ResolvedValueOnce(mockSupabaseError([32m'Network error'[39m))[33m;[39m
     [90m 82 |[39m
    [31m[1m>[22m[39m[90m 83 |[39m             [36mconst[39m { result } 
[33m=[39m renderHook(() [33m=>[39m useExercises()[33m,[39m {
     [90m    |[39m                                          
[31m[1m^[22m[39m
     [90m 84 |[39m                 wrapper[33m:[39m 
[33mMockAuthProvider[39m[33m,[39m
     [90m 85 |[39m             })[33m;[39m
     [90m 86 |[39m[0m

      at Object.process.env.NODE_ENV.exports.create (node_modules/react-test-ren
derer/cjs/react-test-renderer.development.js:14598:17)
      at create 
(node_modules/@testing-library/react-native/src/render-act.ts:15:29)
      at callback (node_modules/@testing-library/react-native/src/act.ts:31:24)
      at process.env.NODE_ENV.exports.act 
(node_modules/react/cjs/react.development.js:789:22)
      at actImplementation 
(node_modules/@testing-library/react-native/src/act.ts:30:25)
      at renderWithAct 
(node_modules/@testing-library/react-native/src/render-act.ts:13:11)
      at renderInternal 
(node_modules/@testing-library/react-native/src/render.tsx:69:33)
      at renderInternal 
(node_modules/@testing-library/react-native/src/render.tsx:44:10)
      at renderHook 
(node_modules/@testing-library/react-native/src/render-hook.tsx:55:58)
      at Object.<anonymous> (src/__tests__/hooks/useExercises.test.ts:83:42)

    console.error
      Error fetching exercises: { message: 'Network error', code: 'ERROR', 
details: '', hint: '' }

    [0m [90m 78 |[39m             }
     [90m 79 |[39m         } [36mcatch[39m (err[33m:[39m any) {
    [31m[1m>[22m[39m[90m 80 |[39m             
console[33m.[39merror([32m'Error fetching exercises:'[39m[33m,[39m 
err)[33m;[39m
     [90m    |[39m                     [31m[1m^[22m[39m
     [90m 81 |[39m             setError(err[33m.[39mmessage)[33m;[39m
     [90m 82 |[39m         } [36mfinally[39m {
     [90m 83 |[39m             setLoading([36mfalse[39m)[33m;[39m[0m

      at src/hooks/useExercises.ts:80:21

    console.error
      react-test-renderer is deprecated. See 
https://react.dev/warnings/react-test-renderer

    [0m [90m 108 |[39m             mockSupabase[33m.[39msingle[33m.[39mmo
ckResolvedValueOnce(mockSupabaseResponse(newExercise))[33m;[39m
     [90m 109 |[39m
    [31m[1m>[22m[39m[90m 110 |[39m             [36mconst[39m { result } 
[33m=[39m renderHook(() [33m=>[39m useExercises()[33m,[39m {
     [90m     |[39m                                          
[31m[1m^[22m[39m
     [90m 111 |[39m                 wrapper[33m:[39m 
[33mMockAuthProvider[39m[33m,[39m
     [90m 112 |[39m             })[33m;[39m
     [90m 113 |[39m[0m

      at Object.process.env.NODE_ENV.exports.create (node_modules/react-test-ren
derer/cjs/react-test-renderer.development.js:14598:17)
      at create 
(node_modules/@testing-library/react-native/src/render-act.ts:15:29)
      at callback (node_modules/@testing-library/react-native/src/act.ts:31:24)
      at process.env.NODE_ENV.exports.act 
(node_modules/react/cjs/react.development.js:789:22)
      at actImplementation 
(node_modules/@testing-library/react-native/src/act.ts:30:25)
      at renderWithAct 
(node_modules/@testing-library/react-native/src/render-act.ts:13:11)
      at renderInternal 
(node_modules/@testing-library/react-native/src/render.tsx:69:33)
      at renderInternal 
(node_modules/@testing-library/react-native/src/render.tsx:44:10)
      at renderHook 
(node_modules/@testing-library/react-native/src/render-hook.tsx:55:58)
      at Object.<anonymous> (src/__tests__/hooks/useExercises.test.ts:110:42)

    console.error
      An update to HookContainer inside a test was not wrapped in act(...).
      
      When testing, code that causes React state updates should be wrapped into 
act(...):
      
      act(() => {
        /* fire events that update state */
      });
      /* assert on the output */
      
      This ensures that you're testing the behavior the user would see in the 
browser. Learn more at https://react.dev/link/wrap-tests-with-act

    [0m [90m 120 |[39m
     [90m 121 |[39m             [36mconst[39m updatedExercises [33m=[39m 
[[33m...[39mexercises[33m,[39m newExercise][33m.[39msort((a[33m,[39m b) 
[33m=>[39m 
a[33m.[39mname[33m.[39mlocaleCompare(b[33m.[39mname))[33m;[39m
    [31m[1m>[22m[39m[90m 122 |[39m             
setExercises(updatedExercises)[33m;[39m
     [90m     |[39m             [31m[1m^[22m[39m
     [90m 123 |[39m
     [90m 124 |[39m             [90m// Update cache[39m
     [90m 125 |[39m             [36mawait[39m [33mAsyncStorage[39m[33m.[
39msetItem([33mEXERCISES_CACHE_KEY[39m[33m,[39m 
[33mJSON[39m[33m.[39mstringify(updatedExercises))[33m;[39m[0m

      at 
node_modules/react-test-renderer/cjs/react-test-renderer.development.js:11801:19
      at runWithFiberInDEV (node_modules/react-test-renderer/cjs/react-test-rend
erer.development.js:1574:13)
      at warnIfUpdatesNotWrappedWithActDEV (node_modules/react-test-renderer/cjs
/react-test-renderer.development.js:11800:9)
      at scheduleUpdateOnFiber (node_modules/react-test-renderer/cjs/react-test-
renderer.development.js:10326:9)
      at dispatchSetStateInternal (node_modules/react-test-renderer/cjs/react-te
st-renderer.development.js:4148:13)
      at dispatchSetState 
(node_modules/react-test-renderer/cjs/react-test-renderer.development.js:4107:7)
      at Object.createExercise (src/hooks/useExercises.ts:122:13)
      at Object.<anonymous> (src/__tests__/hooks/useExercises.test.ts:116:30)

    console.error
      react-test-renderer is deprecated. See 
https://react.dev/warnings/react-test-renderer

    [0m [90m 133 |[39m             mockSupabase[33m.[39msingle[33m.[39mmo
ckResolvedValueOnce(mockSupabaseError([32m'Name already 
exists'[39m))[33m;[39m
     [90m 134 |[39m
    [31m[1m>[22m[39m[90m 135 |[39m             [36mconst[39m { result } 
[33m=[39m renderHook(() [33m=>[39m useExercises()[33m,[39m {
     [90m     |[39m                                          
[31m[1m^[22m[39m
     [90m 136 |[39m                 wrapper[33m:[39m 
[33mMockAuthProvider[39m[33m,[39m
     [90m 137 |[39m             })[33m;[39m
     [90m 138 |[39m[0m

      at Object.process.env.NODE_ENV.exports.create (node_modules/react-test-ren
derer/cjs/react-test-renderer.development.js:14598:17)
      at create 
(node_modules/@testing-library/react-native/src/render-act.ts:15:29)
      at callback (node_modules/@testing-library/react-native/src/act.ts:31:24)
      at process.env.NODE_ENV.exports.act 
(node_modules/react/cjs/react.development.js:789:22)
      at actImplementation 
(node_modules/@testing-library/react-native/src/act.ts:30:25)
      at renderWithAct 
(node_modules/@testing-library/react-native/src/render-act.ts:13:11)
      at renderInternal 
(node_modules/@testing-library/react-native/src/render.tsx:69:33)
      at renderInternal 
(node_modules/@testing-library/react-native/src/render.tsx:44:10)
      at renderHook 
(node_modules/@testing-library/react-native/src/render-hook.tsx:55:58)
      at Object.<anonymous> (src/__tests__/hooks/useExercises.test.ts:135:42)

    console.error
      Error creating exercise: {
        message: 'Name already exists',
        code: 'ERROR',
        details: '',
        hint: ''
      }

    [0m [90m 128 |[39m             [36mreturn[39m { data[33m:[39m 
newExercise[33m,[39m error[33m:[39m [36mnull[39m }[33m;[39m
     [90m 129 |[39m         } [36mcatch[39m (err[33m:[39m any) {
    [31m[1m>[22m[39m[90m 130 |[39m             
console[33m.[39merror([32m'Error creating exercise:'[39m[33m,[39m 
err)[33m;[39m
     [90m     |[39m                     [31m[1m^[22m[39m
     [90m 131 |[39m             [36mreturn[39m { data[33m:[39m 
[36mnull[39m[33m,[39m error[33m:[39m err[33m.[39mmessage }[33m;[39m
     [90m 132 |[39m         }
     [90m 133 |[39m     }[33m;[39m[0m

      at Object.createExercise (src/hooks/useExercises.ts:130:21)
      at Object.<anonymous> (src/__tests__/hooks/useExercises.test.ts:141:30)

    console.error
      react-test-renderer is deprecated. See 
https://react.dev/warnings/react-test-renderer

    [0m [90m 155 |[39m             mockSupabase[33m.[39msingle[33m.[39mmo
ckResolvedValueOnce(mockSupabaseResponse(updatedExercise))[33m;[39m
     [90m 156 |[39m
    [31m[1m>[22m[39m[90m 157 |[39m             [36mconst[39m { result } 
[33m=[39m renderHook(() [33m=>[39m useExercises()[33m,[39m {
     [90m     |[39m                                          
[31m[1m^[22m[39m
     [90m 158 |[39m                 wrapper[33m:[39m 
[33mMockAuthProvider[39m[33m,[39m
     [90m 159 |[39m             })[33m;[39m
     [90m 160 |[39m[0m

      at Object.process.env.NODE_ENV.exports.create (node_modules/react-test-ren
derer/cjs/react-test-renderer.development.js:14598:17)
      at create 
(node_modules/@testing-library/react-native/src/render-act.ts:15:29)
      at callback (node_modules/@testing-library/react-native/src/act.ts:31:24)
      at process.env.NODE_ENV.exports.act 
(node_modules/react/cjs/react.development.js:789:22)
      at actImplementation 
(node_modules/@testing-library/react-native/src/act.ts:30:25)
      at renderWithAct 
(node_modules/@testing-library/react-native/src/render-act.ts:13:11)
      at renderInternal 
(node_modules/@testing-library/react-native/src/render.tsx:69:33)
      at renderInternal 
(node_modules/@testing-library/react-native/src/render.tsx:44:10)
      at renderHook 
(node_modules/@testing-library/react-native/src/render-hook.tsx:55:58)
      at Object.<anonymous> (src/__tests__/hooks/useExercises.test.ts:157:42)

    console.error
      An update to HookContainer inside a test was not wrapped in act(...).
      
      When testing, code that causes React state updates should be wrapped into 
act(...):
      
      act(() => {
        /* fire events that update state */
      });
      /* assert on the output */
      
      This ensures that you're testing the behavior the user would see in the 
browser. Learn more at https://react.dev/link/wrap-tests-with-act

    [0m [90m 145 |[39m
     [90m 146 |[39m             [36mconst[39m updatedExercises [33m=[39m 
exercises[33m.[39mmap(ex [33m=>[39m ex[33m.[39mid [33m===[39m id 
[33m?[39m updated [33m:[39m ex)[33m;[39m
    [31m[1m>[22m[39m[90m 147 |[39m             
setExercises(updatedExercises)[33m;[39m
     [90m     |[39m             [31m[1m^[22m[39m
     [90m 148 |[39m
     [90m 149 |[39m             [90m// Update cache[39m
     [90m 150 |[39m             [36mawait[39m [33mAsyncStorage[39m[33m.[
39msetItem([33mEXERCISES_CACHE_KEY[39m[33m,[39m 
[33mJSON[39m[33m.[39mstringify(updatedExercises))[33m;[39m[0m

      at 
node_modules/react-test-renderer/cjs/react-test-renderer.development.js:11801:19
      at runWithFiberInDEV (node_modules/react-test-renderer/cjs/react-test-rend
erer.development.js:1574:13)
      at warnIfUpdatesNotWrappedWithActDEV (node_modules/react-test-renderer/cjs
/react-test-renderer.development.js:11800:9)
      at scheduleUpdateOnFiber (node_modules/react-test-renderer/cjs/react-test-
renderer.development.js:10326:9)
      at dispatchSetStateInternal (node_modules/react-test-renderer/cjs/react-te
st-renderer.development.js:4148:13)
      at dispatchSetState 
(node_modules/react-test-renderer/cjs/react-test-renderer.development.js:4107:7)
      at Object.updateExercise (src/hooks/useExercises.ts:147:13)
      at Object.<anonymous> (src/__tests__/hooks/useExercises.test.ts:163:30)

    console.error
      react-test-renderer is deprecated. See 
https://react.dev/warnings/react-test-renderer

    [0m [90m 173 |[39m             mockSupabase[33m.[39meq[33m.[39mmockRe
solvedValueOnce(mockSupabaseResponse([36mnull[39m))[33m;[39m
     [90m 174 |[39m
    [31m[1m>[22m[39m[90m 175 |[39m             [36mconst[39m { result } 
[33m=[39m renderHook(() [33m=>[39m useExercises()[33m,[39m {
     [90m     |[39m                                          
[31m[1m^[22m[39m
     [90m 176 |[39m                 wrapper[33m:[39m 
[33mMockAuthProvider[39m[33m,[39m
     [90m 177 |[39m             })[33m;[39m
     [90m 178 |[39m[0m

      at Object.process.env.NODE_ENV.exports.create (node_modules/react-test-ren
derer/cjs/react-test-renderer.development.js:14598:17)
      at create 
(node_modules/@testing-library/react-native/src/render-act.ts:15:29)
      at callback (node_modules/@testing-library/react-native/src/act.ts:31:24)
      at process.env.NODE_ENV.exports.act 
(node_modules/react/cjs/react.development.js:789:22)
      at actImplementation 
(node_modules/@testing-library/react-native/src/act.ts:30:25)
      at renderWithAct 
(node_modules/@testing-library/react-native/src/render-act.ts:13:11)
      at renderInternal 
(node_modules/@testing-library/react-native/src/render.tsx:69:33)
      at renderInternal 
(node_modules/@testing-library/react-native/src/render.tsx:44:10)
      at renderHook 
(node_modules/@testing-library/react-native/src/render-hook.tsx:55:58)
      at Object.<anonymous> (src/__tests__/hooks/useExercises.test.ts:175:42)

    console.error
      An update to HookContainer inside a test was not wrapped in act(...).
      
      When testing, code that causes React state updates should be wrapped into 
act(...):
      
      act(() => {
        /* fire events that update state */
      });
      /* assert on the output */
      
      This ensures that you're testing the behavior the user would see in the 
browser. Learn more at https://react.dev/link/wrap-tests-with-act

    [0m [90m 167 |[39m
     [90m 168 |[39m             [36mconst[39m updatedExercises [33m=[39m 
exercises[33m.[39mfilter(ex [33m=>[39m ex[33m.[39mid [33m!==[39m 
id)[33m;[39m
    [31m[1m>[22m[39m[90m 169 |[39m             
setExercises(updatedExercises)[33m;[39m
     [90m     |[39m             [31m[1m^[22m[39m
     [90m 170 |[39m
     [90m 171 |[39m             [90m// Update cache[39m
     [90m 172 |[39m             [36mawait[39m [33mAsyncStorage[39m[33m.[
39msetItem([33mEXERCISES_CACHE_KEY[39m[33m,[39m 
[33mJSON[39m[33m.[39mstringify(updatedExercises))[33m;[39m[0m

      at 
node_modules/react-test-renderer/cjs/react-test-renderer.development.js:11801:19
      at runWithFiberInDEV (node_modules/react-test-renderer/cjs/react-test-rend
erer.development.js:1574:13)
      at warnIfUpdatesNotWrappedWithActDEV (node_modules/react-test-renderer/cjs
/react-test-renderer.development.js:11800:9)
      at scheduleUpdateOnFiber (node_modules/react-test-renderer/cjs/react-test-
renderer.development.js:10326:9)
      at dispatchSetStateInternal (node_modules/react-test-renderer/cjs/react-te
st-renderer.development.js:4148:13)
      at dispatchSetState 
(node_modules/react-test-renderer/cjs/react-test-renderer.development.js:4107:7)
      at Object.deleteExercise (src/hooks/useExercises.ts:169:13)
      at Object.<anonymous> (src/__tests__/hooks/useExercises.test.ts:181:30)

    console.error
      react-test-renderer is deprecated. See 
https://react.dev/warnings/react-test-renderer

    [0m [90m 190 |[39m             mockSupabase[33m.[39morder[33m.[39mmoc
kResolvedValueOnce(mockSupabaseResponse(mockExercises))[33m;[39m
     [90m 191 |[39m
    [31m[1m>[22m[39m[90m 192 |[39m             [36mconst[39m { result } 
[33m=[39m renderHook(() [33m=>[39m useExercises()[33m,[39m {
     [90m     |[39m                                          
[31m[1m^[22m[39m
     [90m 193 |[39m                 wrapper[33m:[39m 
[33mMockAuthProvider[39m[33m,[39m
     [90m 194 |[39m             })[33m;[39m
     [90m 195 |[39m[0m

      at Object.process.env.NODE_ENV.exports.create (node_modules/react-test-ren
derer/cjs/react-test-renderer.development.js:14598:17)
      at create 
(node_modules/@testing-library/react-native/src/render-act.ts:15:29)
      at callback (node_modules/@testing-library/react-native/src/act.ts:31:24)
      at process.env.NODE_ENV.exports.act 
(node_modules/react/cjs/react.development.js:789:22)
      at actImplementation 
(node_modules/@testing-library/react-native/src/act.ts:30:25)
      at renderWithAct 
(node_modules/@testing-library/react-native/src/render-act.ts:13:11)
      at renderInternal 
(node_modules/@testing-library/react-native/src/render.tsx:69:33)
      at renderInternal 
(node_modules/@testing-library/react-native/src/render.tsx:44:10)
      at renderHook 
(node_modules/@testing-library/react-native/src/render-hook.tsx:55:58)
      at Object.<anonymous> (src/__tests__/hooks/useExercises.test.ts:192:42)

    console.error
      react-test-renderer is deprecated. See 
https://react.dev/warnings/react-test-renderer

    [0m [90m 205 |[39m             mockSupabase[33m.[39morder[33m.[39mmoc
kResolvedValueOnce(mockSupabaseResponse(mockExercises))[33m;[39m
     [90m 206 |[39m
    [31m[1m>[22m[39m[90m 207 |[39m             [36mconst[39m { result } 
[33m=[39m renderHook(() [33m=>[39m useExercises()[33m,[39m {
     [90m     |[39m                                          
[31m[1m^[22m[39m
     [90m 208 |[39m                 wrapper[33m:[39m 
[33mMockAuthProvider[39m[33m,[39m
     [90m 209 |[39m             })[33m;[39m
     [90m 210 |[39m[0m

      at Object.process.env.NODE_ENV.exports.create (node_modules/react-test-ren
derer/cjs/react-test-renderer.development.js:14598:17)
      at create 
(node_modules/@testing-library/react-native/src/render-act.ts:15:29)
      at callback (node_modules/@testing-library/react-native/src/act.ts:31:24)
      at process.env.NODE_ENV.exports.act 
(node_modules/react/cjs/react.development.js:789:22)
      at actImplementation 
(node_modules/@testing-library/react-native/src/act.ts:30:25)
      at renderWithAct 
(node_modules/@testing-library/react-native/src/render-act.ts:13:11)
      at renderInternal 
(node_modules/@testing-library/react-native/src/render.tsx:69:33)
      at renderInternal 
(node_modules/@testing-library/react-native/src/render.tsx:44:10)
      at renderHook 
(node_modules/@testing-library/react-native/src/render-hook.tsx:55:58)
      at Object.<anonymous> (src/__tests__/hooks/useExercises.test.ts:207:42)

    console.error
      react-test-renderer is deprecated. See 
https://react.dev/warnings/react-test-renderer

    [0m [90m 221 |[39m             mockSupabase[33m.[39morder[33m.[39mmoc
kResolvedValueOnce(mockSupabaseResponse(mockExercises))[33m;[39m
     [90m 222 |[39m
    [31m[1m>[22m[39m[90m 223 |[39m             [36mconst[39m { result } 
[33m=[39m renderHook(() [33m=>[39m useExercises()[33m,[39m {
     [90m     |[39m                                          
[31m[1m^[22m[39m
     [90m 224 |[39m                 wrapper[33m:[39m 
[33mMockAuthProvider[39m[33m,[39m
     [90m 225 |[39m             })[33m;[39m
     [90m 226 |[39m[0m

      at Object.process.env.NODE_ENV.exports.create (node_modules/react-test-ren
derer/cjs/react-test-renderer.development.js:14598:17)
      at create 
(node_modules/@testing-library/react-native/src/render-act.ts:15:29)
      at callback (node_modules/@testing-library/react-native/src/act.ts:31:24)
      at process.env.NODE_ENV.exports.act 
(node_modules/react/cjs/react.development.js:789:22)
      at actImplementation 
(node_modules/@testing-library/react-native/src/act.ts:30:25)
      at renderWithAct 
(node_modules/@testing-library/react-native/src/render-act.ts:13:11)
      at renderInternal 
(node_modules/@testing-library/react-native/src/render.tsx:69:33)
      at renderInternal 
(node_modules/@testing-library/react-native/src/render.tsx:44:10)
      at renderHook 
(node_modules/@testing-library/react-native/src/render-hook.tsx:55:58)
      at Object.<anonymous> (src/__tests__/hooks/useExercises.test.ts:223:42)

    console.error
      react-test-renderer is deprecated. See 
https://react.dev/warnings/react-test-renderer

    [0m [90m 238 |[39m             mockSupabase[33m.[39morder[33m.[39mmoc
kResolvedValueOnce(mockSupabaseResponse(mockExercises))[33m;[39m
     [90m 239 |[39m
    [31m[1m>[22m[39m[90m 240 |[39m             [36mconst[39m { result } 
[33m=[39m renderHook(() [33m=>[39m useExercises()[33m,[39m {
     [90m     |[39m                                          
[31m[1m^[22m[39m
     [90m 241 |[39m                 wrapper[33m:[39m 
[33mMockAuthProvider[39m[33m,[39m
     [90m 242 |[39m             })[33m;[39m
     [90m 243 |[39m[0m

      at Object.process.env.NODE_ENV.exports.create (node_modules/react-test-ren
derer/cjs/react-test-renderer.development.js:14598:17)
      at create 
(node_modules/@testing-library/react-native/src/render-act.ts:15:29)
      at callback (node_modules/@testing-library/react-native/src/act.ts:31:24)
      at process.env.NODE_ENV.exports.act 
(node_modules/react/cjs/react.development.js:789:22)
      at actImplementation 
(node_modules/@testing-library/react-native/src/act.ts:30:25)
      at renderWithAct 
(node_modules/@testing-library/react-native/src/render-act.ts:13:11)
      at renderInternal 
(node_modules/@testing-library/react-native/src/render.tsx:69:33)
      at renderInternal 
(node_modules/@testing-library/react-native/src/render.tsx:44:10)
      at renderHook 
(node_modules/@testing-library/react-native/src/render-hook.tsx:55:58)
      at Object.<anonymous> (src/__tests__/hooks/useExercises.test.ts:240:42)

    console.error
      react-test-renderer is deprecated. See 
https://react.dev/warnings/react-test-renderer

    [0m [90m 259 |[39m             mockSupabase[33m.[39msingle[33m.[39mmo
ckResolvedValueOnce(mockSupabaseResponse(mockExercises[[35m0[39m]))[33m;[39m
     [90m 260 |[39m
    [31m[1m>[22m[39m[90m 261 |[39m             [36mconst[39m { result } 
[33m=[39m renderHook(() [33m=>[39m useExercises()[33m,[39m {
     [90m     |[39m                                          
[31m[1m^[22m[39m
     [90m 262 |[39m                 wrapper[33m:[39m 
[33mMockAuthProvider[39m[33m,[39m
     [90m 263 |[39m             })[33m;[39m
     [90m 264 |[39m[0m

      at Object.process.env.NODE_ENV.exports.create (node_modules/react-test-ren
derer/cjs/react-test-renderer.development.js:14598:17)
      at create 
(node_modules/@testing-library/react-native/src/render-act.ts:15:29)
      at callback (node_modules/@testing-library/react-native/src/act.ts:31:24)
      at process.env.NODE_ENV.exports.act 
(node_modules/react/cjs/react.development.js:789:22)
      at actImplementation 
(node_modules/@testing-library/react-native/src/act.ts:30:25)
      at renderWithAct 
(node_modules/@testing-library/react-native/src/render-act.ts:13:11)
      at renderInternal 
(node_modules/@testing-library/react-native/src/render.tsx:69:33)
      at renderInternal 
(node_modules/@testing-library/react-native/src/render.tsx:44:10)
      at renderHook 
(node_modules/@testing-library/react-native/src/render-hook.tsx:55:58)
      at Object.<anonymous> (src/__tests__/hooks/useExercises.test.ts:261:42)

    console.error
      react-test-renderer is deprecated. See 
https://react.dev/warnings/react-test-renderer

    [0m [90m 275 |[39m             mockSupabase[33m.[39morder[33m.[39mmoc
kResolvedValueOnce(mockSupabaseResponse(mockExercises))[33m;[39m
     [90m 276 |[39m
    [31m[1m>[22m[39m[90m 277 |[39m             [36mconst[39m { result } 
[33m=[39m renderHook(() [33m=>[39m useExercises()[33m,[39m {
     [90m     |[39m                                          
[31m[1m^[22m[39m
     [90m 278 |[39m                 wrapper[33m:[39m 
[33mMockAuthProvider[39m[33m,[39m
     [90m 279 |[39m             })[33m;[39m
     [90m 280 |[39m[0m

      at Object.process.env.NODE_ENV.exports.create (node_modules/react-test-ren
derer/cjs/react-test-renderer.development.js:14598:17)
      at create 
(node_modules/@testing-library/react-native/src/render-act.ts:15:29)
      at callback (node_modules/@testing-library/react-native/src/act.ts:31:24)
      at process.env.NODE_ENV.exports.act 
(node_modules/react/cjs/react.development.js:789:22)
      at actImplementation 
(node_modules/@testing-library/react-native/src/act.ts:30:25)
      at renderWithAct 
(node_modules/@testing-library/react-native/src/render-act.ts:13:11)
      at renderInternal 
(node_modules/@testing-library/react-native/src/render.tsx:69:33)
      at renderInternal 
(node_modules/@testing-library/react-native/src/render.tsx:44:10)
      at renderHook 
(node_modules/@testing-library/react-native/src/render-hook.tsx:55:58)
      at Object.<anonymous> (src/__tests__/hooks/useExercises.test.ts:277:42)

  ΓùÅ useExercises ΓÇ║ fetching exercises ΓÇ║ loads exercises from Supabase on 
mount

    expect(received).toHaveLength(expected)

    Expected length: 5
    Received length: 0
    Received array:  []

    [0m [90m 52 |[39m             })[33m;[39m
     [90m 53 |[39m
    [31m[1m>[22m[39m[90m 54 |[39m             expect(result[33m.[39mcurr
ent[33m.[39mexercises)[33m.[39mtoHaveLength([35m5[39m)[33m;[39m
     [90m    |[39m                                              
[31m[1m^[22m[39m
     [90m 55 |[39m             expect(result[33m.[39mcurrent[33m.[39mexerc
ises[[35m0[39m][33m.[39mname)[33m.[39mtoBe([32m'Bench 
Press'[39m)[33m;[39m
     [90m 56 |[39m         })[33m;[39m
     [90m 57 |[39m[0m

      at Object.<anonymous> (src/__tests__/hooks/useExercises.test.ts:54:46)

  ΓùÅ useExercises ΓÇ║ fetching exercises ΓÇ║ loads exercises from cache when 
available

    expect(received).toHaveLength(expected)

    Expected length: 5
    Received length: 0
    Received array:  []

    [0m [90m 75 |[39m
     [90m 76 |[39m             [90m// Should have loaded from cache[39m
    [31m[1m>[22m[39m[90m 77 |[39m             expect(result[33m.[39mcurr
ent[33m.[39mexercises)[33m.[39mtoHaveLength([35m5[39m)[33m;[39m
     [90m    |[39m                                              
[31m[1m^[22m[39m
     [90m 78 |[39m         })[33m;[39m
     [90m 79 |[39m
     [90m 80 |[39m         it([32m'handles fetch errors 
gracefully'[39m[33m,[39m [36masync[39m () [33m=>[39m {[0m

      at Object.<anonymous> (src/__tests__/hooks/useExercises.test.ts:77:46)

  ΓùÅ useExercises ΓÇ║ searchExercises ΓÇ║ filters exercises by search query

    expect(received).toHaveLength(expected)

    Expected length: 2
    Received length: 0
    Received array:  []

    [0m [90m 198 |[39m             [36mconst[39m filtered [33m=[39m 
result[33m.[39mcurrent[33m.[39msearchExercises([32m'press'[39m)[33m;[39m
     [90m 199 |[39m
    [31m[1m>[22m[39m[90m 200 |[39m             
expect(filtered)[33m.[39mtoHaveLength([35m2[39m)[33m;[39m [90m// Bench 
Press, Shoulder Press[39m
     [90m     |[39m                              [31m[1m^[22m[39m
     [90m 201 |[39m             expect(filtered[33m.[39mevery(e 
[33m=>[39m e[33m.[39mname[33m.[39mtoLowerCase()[33m.[39mincludes([32m'p
ress'[39m)))[33m.[39mtoBe([36mtrue[39m)[33m;[39m
     [90m 202 |[39m         })[33m;[39m
     [90m 203 |[39m[0m

      at Object.<anonymous> (src/__tests__/hooks/useExercises.test.ts:200:30)

  ΓùÅ useExercises ΓÇ║ searchExercises ΓÇ║ returns all exercises for empty query

    expect(received).toHaveLength(expected)

    Expected length: 5
    Received length: 0
    Received array:  []

    [0m [90m 213 |[39m             [36mconst[39m filtered [33m=[39m 
result[33m.[39mcurrent[33m.[39msearchExercises([32m''[39m)[33m;[39m
     [90m 214 |[39m
    [31m[1m>[22m[39m[90m 215 |[39m             
expect(filtered)[33m.[39mtoHaveLength([35m5[39m)[33m;[39m
     [90m     |[39m                              [31m[1m^[22m[39m
     [90m 216 |[39m         })[33m;[39m
     [90m 217 |[39m     })[33m;[39m
     [90m 218 |[39m[0m

      at Object.<anonymous> (src/__tests__/hooks/useExercises.test.ts:215:30)

  ΓùÅ useExercises ΓÇ║ getExercisesByMuscleGroup ΓÇ║ filters exercises by 
muscle group

    expect(received).toHaveLength(expected)

    Expected length: 1
    Received length: 0
    Received array:  []

    [0m [90m 229 |[39m             [36mconst[39m chestExercises 
[33m=[39m result[33m.[39mcurrent[33m.[39mgetExercisesByMuscleGroup([32m'C
hest'[39m)[33m;[39m
     [90m 230 |[39m
    [31m[1m>[22m[39m[90m 231 |[39m             
expect(chestExercises)[33m.[39mtoHaveLength([35m1[39m)[33m;[39m
     [90m     |[39m                                    [31m[1m^[22m[39m
     [90m 232 |[39m             
expect(chestExercises[[35m0[39m][33m.[39mname)[33m.[39mtoBe([32m'Bench 
Press'[39m)[33m;[39m
     [90m 233 |[39m         })[33m;[39m
     [90m 234 |[39m     })[33m;[39m[0m

      at Object.<anonymous> (src/__tests__/hooks/useExercises.test.ts:231:36)

  ΓùÅ useExercises ΓÇ║ getMuscleGroups ΓÇ║ returns unique muscle groups

    expect(received).toContain(expected) // indexOf

    Expected value: "Chest"
    Received array: []

    [0m [90m 246 |[39m             [36mconst[39m muscleGroups [33m=[39m 
result[33m.[39mcurrent[33m.[39mgetMuscleGroups()[33m;[39m
     [90m 247 |[39m
    [31m[1m>[22m[39m[90m 248 |[39m             
expect(muscleGroups)[33m.[39mtoContain([32m'Chest'[39m)[33m;[39m
     [90m     |[39m                                  [31m[1m^[22m[39m
     [90m 249 |[39m             
expect(muscleGroups)[33m.[39mtoContain([32m'Legs'[39m)[33m;[39m
     [90m 250 |[39m             
expect(muscleGroups)[33m.[39mtoContain([32m'Back'[39m)[33m;[39m
     [90m 251 |[39m             
expect(muscleGroups)[33m.[39mtoContain([32m'Shoulders'[39m)[33m;[39m[0m

      at Object.<anonymous> (src/__tests__/hooks/useExercises.test.ts:248:34)

  ΓùÅ useExercises ΓÇ║ getExerciseById ΓÇ║ returns a single exercise by ID

    expect(received).toBe(expected) // Object.is equality

    Expected: "Bench Press"
    Received: undefined

    [0m [90m 267 |[39m             [36mconst[39m exercise [33m=[39m 
[36mawait[39m 
result[33m.[39mcurrent[33m.[39mgetExerciseById([32m'ex-1'[39m)[33m;[39m
     [90m 268 |[39m
    [31m[1m>[22m[39m[90m 269 |[39m             
expect(exercise[33m?[39m[33m.[39mname)[33m.[39mtoBe([32m'Bench 
Press'[39m)[33m;[39m
     [90m     |[39m                                    [31m[1m^[22m[39m
     [90m 270 |[39m         })[33m;[39m
     [90m 271 |[39m     })[33m;[39m
     [90m 272 |[39m[0m

      at Object.<anonymous> (src/__tests__/hooks/useExercises.test.ts:269:36)

FAIL src/__tests__/hooks/useAthleteProfile.test.ts
  ΓùÅ Console

    console.error
      react-test-renderer is deprecated. See 
https://react.dev/warnings/react-test-renderer

    [0m [90m 44 |[39m             mockSupabase[33m.[39msingle[33m.[39mmoc
kResolvedValueOnce(mockSupabaseResponse(mockProfile))[33m;[39m
     [90m 45 |[39m
    [31m[1m>[22m[39m[90m 46 |[39m             [36mconst[39m { result } 
[33m=[39m renderHook(() [33m=>[39m useAthleteProfile()[33m,[39m {
     [90m    |[39m                                          
[31m[1m^[22m[39m
     [90m 47 |[39m                 wrapper[33m:[39m 
[33mMockAuthProvider[39m[33m,[39m
     [90m 48 |[39m             })[33m;[39m
     [90m 49 |[39m[0m

      at Object.process.env.NODE_ENV.exports.create (node_modules/react-test-ren
derer/cjs/react-test-renderer.development.js:14598:17)
      at create 
(node_modules/@testing-library/react-native/src/render-act.ts:15:29)
      at callback (node_modules/@testing-library/react-native/src/act.ts:31:24)
      at process.env.NODE_ENV.exports.act 
(node_modules/react/cjs/react.development.js:789:22)
      at actImplementation 
(node_modules/@testing-library/react-native/src/act.ts:30:25)
      at renderWithAct 
(node_modules/@testing-library/react-native/src/render-act.ts:13:11)
      at renderInternal 
(node_modules/@testing-library/react-native/src/render.tsx:69:33)
      at renderInternal 
(node_modules/@testing-library/react-native/src/render.tsx:44:10)
      at renderHook 
(node_modules/@testing-library/react-native/src/render-hook.tsx:55:58)
      at Object.<anonymous> 
(src/__tests__/hooks/useAthleteProfile.test.ts:46:42)

    console.error
      react-test-renderer is deprecated. See 
https://react.dev/warnings/react-test-renderer

    [0m [90m 67 |[39m             mockSupabase[33m.[39msingle[33m.[39mmoc
kResolvedValueOnce(mockSupabaseResponse(mockProfile))[33m;[39m
     [90m 68 |[39m
    [31m[1m>[22m[39m[90m 69 |[39m             [36mconst[39m { result } 
[33m=[39m renderHook(() [33m=>[39m useAthleteProfile()[33m,[39m {
     [90m    |[39m                                          
[31m[1m^[22m[39m
     [90m 70 |[39m                 wrapper[33m:[39m 
[33mMockAuthProvider[39m[33m,[39m
     [90m 71 |[39m             })[33m;[39m
     [90m 72 |[39m[0m

      at Object.process.env.NODE_ENV.exports.create (node_modules/react-test-ren
derer/cjs/react-test-renderer.development.js:14598:17)
      at create 
(node_modules/@testing-library/react-native/src/render-act.ts:15:29)
      at callback (node_modules/@testing-library/react-native/src/act.ts:31:24)
      at process.env.NODE_ENV.exports.act 
(node_modules/react/cjs/react.development.js:789:22)
      at actImplementation 
(node_modules/@testing-library/react-native/src/act.ts:30:25)
      at renderWithAct 
(node_modules/@testing-library/react-native/src/render-act.ts:13:11)
      at renderInternal 
(node_modules/@testing-library/react-native/src/render.tsx:69:33)
      at renderInternal 
(node_modules/@testing-library/react-native/src/render.tsx:44:10)
      at renderHook 
(node_modules/@testing-library/react-native/src/render-hook.tsx:55:58)
      at Object.<anonymous> 
(src/__tests__/hooks/useAthleteProfile.test.ts:69:42)

    console.error
      react-test-renderer is deprecated. See 
https://react.dev/warnings/react-test-renderer

    [0m [90m 86 |[39m             })[33m;[39m
     [90m 87 |[39m
    [31m[1m>[22m[39m[90m 88 |[39m             [36mconst[39m { result } 
[33m=[39m renderHook(() [33m=>[39m useAthleteProfile()[33m,[39m {
     [90m    |[39m                                          
[31m[1m^[22m[39m
     [90m 89 |[39m                 wrapper[33m:[39m 
[33mMockAuthProvider[39m[33m,[39m
     [90m 90 |[39m             })[33m;[39m
     [90m 91 |[39m[0m

      at Object.process.env.NODE_ENV.exports.create (node_modules/react-test-ren
derer/cjs/react-test-renderer.development.js:14598:17)
      at create 
(node_modules/@testing-library/react-native/src/render-act.ts:15:29)
      at callback (node_modules/@testing-library/react-native/src/act.ts:31:24)
      at process.env.NODE_ENV.exports.act 
(node_modules/react/cjs/react.development.js:789:22)
      at actImplementation 
(node_modules/@testing-library/react-native/src/act.ts:30:25)
      at renderWithAct 
(node_modules/@testing-library/react-native/src/render-act.ts:13:11)
      at renderInternal 
(node_modules/@testing-library/react-native/src/render.tsx:69:33)
      at renderInternal 
(node_modules/@testing-library/react-native/src/render.tsx:44:10)
      at renderHook 
(node_modules/@testing-library/react-native/src/render-hook.tsx:55:58)
      at Object.<anonymous> 
(src/__tests__/hooks/useAthleteProfile.test.ts:88:42)

    console.error
      react-test-renderer is deprecated. See 
https://react.dev/warnings/react-test-renderer

    [0m [90m 101 |[39m             mockSupabase[33m.[39msingle[33m.[39mmo
ckResolvedValueOnce(mockSupabaseError([32m'Network error'[39m))[33m;[39m
     [90m 102 |[39m
    [31m[1m>[22m[39m[90m 103 |[39m             [36mconst[39m { result } 
[33m=[39m renderHook(() [33m=>[39m useAthleteProfile()[33m,[39m {
     [90m     |[39m                                          
[31m[1m^[22m[39m
     [90m 104 |[39m                 wrapper[33m:[39m 
[33mMockAuthProvider[39m[33m,[39m
     [90m 105 |[39m             })[33m;[39m
     [90m 106 |[39m[0m

      at Object.process.env.NODE_ENV.exports.create (node_modules/react-test-ren
derer/cjs/react-test-renderer.development.js:14598:17)
      at create 
(node_modules/@testing-library/react-native/src/render-act.ts:15:29)
      at callback (node_modules/@testing-library/react-native/src/act.ts:31:24)
      at process.env.NODE_ENV.exports.act 
(node_modules/react/cjs/react.development.js:789:22)
      at actImplementation 
(node_modules/@testing-library/react-native/src/act.ts:30:25)
      at renderWithAct 
(node_modules/@testing-library/react-native/src/render-act.ts:13:11)
      at renderInternal 
(node_modules/@testing-library/react-native/src/render.tsx:69:33)
      at renderInternal 
(node_modules/@testing-library/react-native/src/render.tsx:44:10)
      at renderHook 
(node_modules/@testing-library/react-native/src/render-hook.tsx:55:58)
      at Object.<anonymous> 
(src/__tests__/hooks/useAthleteProfile.test.ts:103:42)

    console.error
      Error fetching profile: { message: 'Network error', code: 'ERROR', 
details: '', hint: '' }

    [0m [90m 73 |[39m             }
     [90m 74 |[39m         } [36mcatch[39m (err[33m:[39m any) {
    [31m[1m>[22m[39m[90m 75 |[39m             
console[33m.[39merror([32m'Error fetching profile:'[39m[33m,[39m 
err)[33m;[39m
     [90m    |[39m                     [31m[1m^[22m[39m
     [90m 76 |[39m             setError(err[33m.[39mmessage)[33m;[39m
     [90m 77 |[39m         } [36mfinally[39m {
     [90m 78 |[39m             setLoading([36mfalse[39m)[33m;[39m[0m

      at src/hooks/useAthleteProfile.ts:75:21

    console.error
      react-test-renderer is deprecated. See 
https://react.dev/warnings/react-test-renderer

    [0m [90m 120 |[39m             mockSupabase[33m.[39msingle[33m.[39mmo
ckResolvedValueOnce(mockSupabaseResponse(updatedProfile))[33m;[39m
     [90m 121 |[39m
    [31m[1m>[22m[39m[90m 122 |[39m             [36mconst[39m { result } 
[33m=[39m renderHook(() [33m=>[39m useAthleteProfile()[33m,[39m {
     [90m     |[39m                                          
[31m[1m^[22m[39m
     [90m 123 |[39m                 wrapper[33m:[39m 
[33mMockAuthProvider[39m[33m,[39m
     [90m 124 |[39m             })[33m;[39m
     [90m 125 |[39m[0m

      at Object.process.env.NODE_ENV.exports.create (node_modules/react-test-ren
derer/cjs/react-test-renderer.development.js:14598:17)
      at create 
(node_modules/@testing-library/react-native/src/render-act.ts:15:29)
      at callback (node_modules/@testing-library/react-native/src/act.ts:31:24)
      at process.env.NODE_ENV.exports.act 
(node_modules/react/cjs/react.development.js:789:22)
      at actImplementation 
(node_modules/@testing-library/react-native/src/act.ts:30:25)
      at renderWithAct 
(node_modules/@testing-library/react-native/src/render-act.ts:13:11)
      at renderInternal 
(node_modules/@testing-library/react-native/src/render.tsx:69:33)
      at renderInternal 
(node_modules/@testing-library/react-native/src/render.tsx:44:10)
      at renderHook 
(node_modules/@testing-library/react-native/src/render-hook.tsx:55:58)
      at Object.<anonymous> 
(src/__tests__/hooks/useAthleteProfile.test.ts:122:42)

    console.error
      An update to HookContainer inside a test was not wrapped in act(...).
      
      When testing, code that causes React state updates should be wrapped into 
act(...):
      
      act(() => {
        /* fire events that update state */
      });
      /* assert on the output */
      
      This ensures that you're testing the behavior the user would see in the 
browser. Learn more at https://react.dev/link/wrap-tests-with-act

    [0m [90m  98 |[39m             [36mif[39m (updateError) 
[36mthrow[39m updateError[33m;[39m
     [90m  99 |[39m
    [31m[1m>[22m[39m[90m 100 |[39m             setProfile(data)[33m;[39m
     [90m     |[39m             [31m[1m^[22m[39m
     [90m 101 |[39m
     [90m 102 |[39m             [90m// Update cache[39m
     [90m 103 |[39m             [36mif[39m (data) {[0m

      at 
node_modules/react-test-renderer/cjs/react-test-renderer.development.js:11801:19
      at runWithFiberInDEV (node_modules/react-test-renderer/cjs/react-test-rend
erer.development.js:1574:13)
      at warnIfUpdatesNotWrappedWithActDEV (node_modules/react-test-renderer/cjs
/react-test-renderer.development.js:11800:9)
      at scheduleUpdateOnFiber (node_modules/react-test-renderer/cjs/react-test-
renderer.development.js:10326:9)
      at dispatchSetStateInternal (node_modules/react-test-renderer/cjs/react-te
st-renderer.development.js:4148:13)
      at dispatchSetState 
(node_modules/react-test-renderer/cjs/react-test-renderer.development.js:4107:7)
      at Object.updateProfile (src/hooks/useAthleteProfile.ts:100:13)
      at Object.<anonymous> 
(src/__tests__/hooks/useAthleteProfile.test.ts:128:30)

    console.error
      react-test-renderer is deprecated. See 
https://react.dev/warnings/react-test-renderer

    [0m [90m 145 |[39m             mockSupabase[33m.[39msingle[33m.[39mmo
ckResolvedValueOnce(mockSupabaseResponse(updatedProfile))[33m;[39m
     [90m 146 |[39m
    [31m[1m>[22m[39m[90m 147 |[39m             [36mconst[39m { result } 
[33m=[39m renderHook(() [33m=>[39m useAthleteProfile()[33m,[39m {
     [90m     |[39m                                          
[31m[1m^[22m[39m
     [90m 148 |[39m                 wrapper[33m:[39m 
[33mMockAuthProvider[39m[33m,[39m
     [90m 149 |[39m             })[33m;[39m
     [90m 150 |[39m[0m

      at Object.process.env.NODE_ENV.exports.create (node_modules/react-test-ren
derer/cjs/react-test-renderer.development.js:14598:17)
      at create 
(node_modules/@testing-library/react-native/src/render-act.ts:15:29)
      at callback (node_modules/@testing-library/react-native/src/act.ts:31:24)
      at process.env.NODE_ENV.exports.act 
(node_modules/react/cjs/react.development.js:789:22)
      at actImplementation 
(node_modules/@testing-library/react-native/src/act.ts:30:25)
      at renderWithAct 
(node_modules/@testing-library/react-native/src/render-act.ts:13:11)
      at renderInternal 
(node_modules/@testing-library/react-native/src/render.tsx:69:33)
      at renderInternal 
(node_modules/@testing-library/react-native/src/render.tsx:44:10)
      at renderHook 
(node_modules/@testing-library/react-native/src/render-hook.tsx:55:58)
      at Object.<anonymous> 
(src/__tests__/hooks/useAthleteProfile.test.ts:147:42)

    console.error
      An update to HookContainer inside a test was not wrapped in act(...).
      
      When testing, code that causes React state updates should be wrapped into 
act(...):
      
      act(() => {
        /* fire events that update state */
      });
      /* assert on the output */
      
      This ensures that you're testing the behavior the user would see in the 
browser. Learn more at https://react.dev/link/wrap-tests-with-act

    [0m [90m  98 |[39m             [36mif[39m (updateError) 
[36mthrow[39m updateError[33m;[39m
     [90m  99 |[39m
    [31m[1m>[22m[39m[90m 100 |[39m             setProfile(data)[33m;[39m
     [90m     |[39m             [31m[1m^[22m[39m
     [90m 101 |[39m
     [90m 102 |[39m             [90m// Update cache[39m
     [90m 103 |[39m             [36mif[39m (data) {[0m

      at 
node_modules/react-test-renderer/cjs/react-test-renderer.development.js:11801:19
      at runWithFiberInDEV (node_modules/react-test-renderer/cjs/react-test-rend
erer.development.js:1574:13)
      at warnIfUpdatesNotWrappedWithActDEV (node_modules/react-test-renderer/cjs
/react-test-renderer.development.js:11800:9)
      at scheduleUpdateOnFiber (node_modules/react-test-renderer/cjs/react-test-
renderer.development.js:10326:9)
      at dispatchSetStateInternal (node_modules/react-test-renderer/cjs/react-te
st-renderer.development.js:4148:13)
      at dispatchSetState 
(node_modules/react-test-renderer/cjs/react-test-renderer.development.js:4107:7)
      at Object.updateProfile (src/hooks/useAthleteProfile.ts:100:13)
      at Object.<anonymous> 
(src/__tests__/hooks/useAthleteProfile.test.ts:153:30)

    console.error
      react-test-renderer is deprecated. See 
https://react.dev/warnings/react-test-renderer

    [0m [90m 162 |[39m             }[33m;[39m
     [90m 163 |[39m
    [31m[1m>[22m[39m[90m 164 |[39m             [36mconst[39m { result } 
[33m=[39m renderHook(() [33m=>[39m useAthleteProfile()[33m,[39m {
     [90m     |[39m                                          
[31m[1m^[22m[39m
     [90m 165 |[39m                 wrapper[33m:[39m 
[33mNullUserWrapper[39m[33m,[39m
     [90m 166 |[39m             })[33m;[39m
     [90m 167 |[39m[0m

      at Object.process.env.NODE_ENV.exports.create (node_modules/react-test-ren
derer/cjs/react-test-renderer.development.js:14598:17)
      at create 
(node_modules/@testing-library/react-native/src/render-act.ts:15:29)
      at callback (node_modules/@testing-library/react-native/src/act.ts:31:24)
      at process.env.NODE_ENV.exports.act 
(node_modules/react/cjs/react.development.js:789:22)
      at actImplementation 
(node_modules/@testing-library/react-native/src/act.ts:30:25)
      at renderWithAct 
(node_modules/@testing-library/react-native/src/render-act.ts:13:11)
      at renderInternal 
(node_modules/@testing-library/react-native/src/render.tsx:69:33)
      at renderInternal 
(node_modules/@testing-library/react-native/src/render.tsx:44:10)
      at renderHook 
(node_modules/@testing-library/react-native/src/render-hook.tsx:55:58)
      at Object.<anonymous> 
(src/__tests__/hooks/useAthleteProfile.test.ts:164:42)

    console.error
      react-test-renderer is deprecated. See 
https://react.dev/warnings/react-test-renderer

    [0m [90m 179 |[39m                 mockSupabase[33m.[39msingle[33m.[3
9mmockResolvedValueOnce(mockSupabaseResponse(mockProfile))[33m;[39m
     [90m 180 |[39m
    [31m[1m>[22m[39m[90m 181 |[39m                 [36mconst[39m { 
result } [33m=[39m renderHook(() [33m=>[39m useAthleteProfile()[33m,[39m {
     [90m     |[39m                                              
[31m[1m^[22m[39m
     [90m 182 |[39m                     wrapper[33m:[39m 
[33mMockAuthProvider[39m[33m,[39m
     [90m 183 |[39m                 })[33m;[39m
     [90m 184 |[39m[0m

      at Object.process.env.NODE_ENV.exports.create (node_modules/react-test-ren
derer/cjs/react-test-renderer.development.js:14598:17)
      at create 
(node_modules/@testing-library/react-native/src/render-act.ts:15:29)
      at callback (node_modules/@testing-library/react-native/src/act.ts:31:24)
      at process.env.NODE_ENV.exports.act 
(node_modules/react/cjs/react.development.js:789:22)
      at actImplementation 
(node_modules/@testing-library/react-native/src/act.ts:30:25)
      at renderWithAct 
(node_modules/@testing-library/react-native/src/render-act.ts:13:11)
      at renderInternal 
(node_modules/@testing-library/react-native/src/render.tsx:69:33)
      at renderInternal 
(node_modules/@testing-library/react-native/src/render.tsx:44:10)
      at renderHook 
(node_modules/@testing-library/react-native/src/render-hook.tsx:55:58)
      at Object.<anonymous> 
(src/__tests__/hooks/useAthleteProfile.test.ts:181:46)

    console.error
      react-test-renderer is deprecated. See 
https://react.dev/warnings/react-test-renderer

    [0m [90m 192 |[39m                 mockSupabase[33m.[39msingle[33m.[3
9mmockResolvedValueOnce(mockSupabaseResponse(mockProfile))[33m;[39m
     [90m 193 |[39m
    [31m[1m>[22m[39m[90m 194 |[39m                 [36mconst[39m { 
result } [33m=[39m renderHook(() [33m=>[39m useAthleteProfile()[33m,[39m {
     [90m     |[39m                                              
[31m[1m^[22m[39m
     [90m 195 |[39m                     wrapper[33m:[39m 
[33mMockAuthProvider[39m[33m,[39m
     [90m 196 |[39m                 })[33m;[39m
     [90m 197 |[39m[0m

      at Object.process.env.NODE_ENV.exports.create (node_modules/react-test-ren
derer/cjs/react-test-renderer.development.js:14598:17)
      at create 
(node_modules/@testing-library/react-native/src/render-act.ts:15:29)
      at callback (node_modules/@testing-library/react-native/src/act.ts:31:24)
      at process.env.NODE_ENV.exports.act 
(node_modules/react/cjs/react.development.js:789:22)
      at actImplementation 
(node_modules/@testing-library/react-native/src/act.ts:30:25)
      at renderWithAct 
(node_modules/@testing-library/react-native/src/render-act.ts:13:11)
      at renderInternal 
(node_modules/@testing-library/react-native/src/render.tsx:69:33)
      at renderInternal 
(node_modules/@testing-library/react-native/src/render.tsx:44:10)
      at renderHook 
(node_modules/@testing-library/react-native/src/render-hook.tsx:55:58)
      at Object.<anonymous> 
(src/__tests__/hooks/useAthleteProfile.test.ts:194:46)

    console.error
      react-test-renderer is deprecated. See 
https://react.dev/warnings/react-test-renderer

    [0m [90m 205 |[39m                 mockSupabase[33m.[39msingle[33m.[3
9mmockResolvedValueOnce(mockSupabaseResponse(profileNoBadges))[33m;[39m
     [90m 206 |[39m
    [31m[1m>[22m[39m[90m 207 |[39m                 [36mconst[39m { 
result } [33m=[39m renderHook(() [33m=>[39m useAthleteProfile()[33m,[39m {
     [90m     |[39m                                              
[31m[1m^[22m[39m
     [90m 208 |[39m                     wrapper[33m:[39m 
[33mMockAuthProvider[39m[33m,[39m
     [90m 209 |[39m                 })[33m;[39m
     [90m 210 |[39m[0m

      at Object.process.env.NODE_ENV.exports.create (node_modules/react-test-ren
derer/cjs/react-test-renderer.development.js:14598:17)
      at create 
(node_modules/@testing-library/react-native/src/render-act.ts:15:29)
      at callback (node_modules/@testing-library/react-native/src/act.ts:31:24)
      at process.env.NODE_ENV.exports.act 
(node_modules/react/cjs/react.development.js:789:22)
      at actImplementation 
(node_modules/@testing-library/react-native/src/act.ts:30:25)
      at renderWithAct 
(node_modules/@testing-library/react-native/src/render-act.ts:13:11)
      at renderInternal 
(node_modules/@testing-library/react-native/src/render.tsx:69:33)
      at renderInternal 
(node_modules/@testing-library/react-native/src/render.tsx:44:10)
      at renderHook 
(node_modules/@testing-library/react-native/src/render-hook.tsx:55:58)
      at Object.<anonymous> 
(src/__tests__/hooks/useAthleteProfile.test.ts:207:46)

    console.error
      react-test-renderer is deprecated. See 
https://react.dev/warnings/react-test-renderer

    [0m [90m 225 |[39m                 mockSupabase[33m.[39msingle[33m.[3
9mmockResolvedValueOnce(mockSupabaseResponse(updatedProfile))[33m;[39m
     [90m 226 |[39m
    [31m[1m>[22m[39m[90m 227 |[39m                 [36mconst[39m { 
result } [33m=[39m renderHook(() [33m=>[39m useAthleteProfile()[33m,[39m {
     [90m     |[39m                                              
[31m[1m^[22m[39m
     [90m 228 |[39m                     wrapper[33m:[39m 
[33mMockAuthProvider[39m[33m,[39m
     [90m 229 |[39m                 })[33m;[39m
     [90m 230 |[39m[0m

      at Object.process.env.NODE_ENV.exports.create (node_modules/react-test-ren
derer/cjs/react-test-renderer.development.js:14598:17)
      at create 
(node_modules/@testing-library/react-native/src/render-act.ts:15:29)
      at callback (node_modules/@testing-library/react-native/src/act.ts:31:24)
      at process.env.NODE_ENV.exports.act 
(node_modules/react/cjs/react.development.js:789:22)
      at actImplementation 
(node_modules/@testing-library/react-native/src/act.ts:30:25)
      at renderWithAct 
(node_modules/@testing-library/react-native/src/render-act.ts:13:11)
      at renderInternal 
(node_modules/@testing-library/react-native/src/render.tsx:69:33)
      at renderInternal 
(node_modules/@testing-library/react-native/src/render.tsx:44:10)
      at renderHook 
(node_modules/@testing-library/react-native/src/render-hook.tsx:55:58)
      at Object.<anonymous> 
(src/__tests__/hooks/useAthleteProfile.test.ts:227:46)

    console.error
      An update to HookContainer inside a test was not wrapped in act(...).
      
      When testing, code that causes React state updates should be wrapped into 
act(...):
      
      act(() => {
        /* fire events that update state */
      });
      /* assert on the output */
      
      This ensures that you're testing the behavior the user would see in the 
browser. Learn more at https://react.dev/link/wrap-tests-with-act

    [0m [90m 138 |[39m
     [90m 139 |[39m             [36mconst[39m updatedProfile [33m=[39m { 
[33m...[39mprofile[33m,[39m badges[33m:[39m newBadges }[33m;[39m
    [31m[1m>[22m[39m[90m 140 |[39m             setProfile(updatedProfile 
[36mas[39m [33mAthleteProfile[39m)[33m;[39m
     [90m     |[39m             [31m[1m^[22m[39m
     [90m 141 |[39m
     [90m 142 |[39m             [90m// Update cache[39m
     [90m 143 |[39m             [36mawait[39m 
[33mAsyncStorage[39m[33m.[39msetItem([33mPROFILE_CACHE_KEY[39m[33m,[39m 
[33mJSON[39m[33m.[39mstringify(updatedProfile))[33m;[39m[0m

      at 
node_modules/react-test-renderer/cjs/react-test-renderer.development.js:11801:19
      at runWithFiberInDEV (node_modules/react-test-renderer/cjs/react-test-rend
erer.development.js:1574:13)
      at warnIfUpdatesNotWrappedWithActDEV (node_modules/react-test-renderer/cjs
/react-test-renderer.development.js:11800:9)
      at scheduleUpdateOnFiber (node_modules/react-test-renderer/cjs/react-test-
renderer.development.js:10326:9)
      at dispatchSetStateInternal (node_modules/react-test-renderer/cjs/react-te
st-renderer.development.js:4148:13)
      at dispatchSetState 
(node_modules/react-test-renderer/cjs/react-test-renderer.development.js:4107:7)
      at Object.addBadge (src/hooks/useAthleteProfile.ts:140:13)
      at Object.<anonymous> 
(src/__tests__/hooks/useAthleteProfile.test.ts:233:34)

    console.error
      react-test-renderer is deprecated. See 
https://react.dev/warnings/react-test-renderer

    [0m [90m 245 |[39m                 mockSupabase[33m.[39msingle[33m.[3
9mmockResolvedValueOnce(mockSupabaseResponse(mockProfile))[33m;[39m
     [90m 246 |[39m
    [31m[1m>[22m[39m[90m 247 |[39m                 [36mconst[39m { 
result } [33m=[39m renderHook(() [33m=>[39m useAthleteProfile()[33m,[39m {
     [90m     |[39m                                              
[31m[1m^[22m[39m
     [90m 248 |[39m                     wrapper[33m:[39m 
[33mMockAuthProvider[39m[33m,[39m
     [90m 249 |[39m                 })[33m;[39m
     [90m 250 |[39m[0m

      at Object.process.env.NODE_ENV.exports.create (node_modules/react-test-ren
derer/cjs/react-test-renderer.development.js:14598:17)
      at create 
(node_modules/@testing-library/react-native/src/render-act.ts:15:29)
      at callback (node_modules/@testing-library/react-native/src/act.ts:31:24)
      at process.env.NODE_ENV.exports.act 
(node_modules/react/cjs/react.development.js:789:22)
      at actImplementation 
(node_modules/@testing-library/react-native/src/act.ts:30:25)
      at renderWithAct 
(node_modules/@testing-library/react-native/src/render-act.ts:13:11)
      at renderInternal 
(node_modules/@testing-library/react-native/src/render.tsx:69:33)
      at renderInternal 
(node_modules/@testing-library/react-native/src/render.tsx:44:10)
      at renderHook 
(node_modules/@testing-library/react-native/src/render-hook.tsx:55:58)
      at Object.<anonymous> 
(src/__tests__/hooks/useAthleteProfile.test.ts:247:46)

    console.error
      react-test-renderer is deprecated. See 
https://react.dev/warnings/react-test-renderer

    [0m [90m 263 |[39m                 mockSupabase[33m.[39msingle[33m.[3
9mmockResolvedValueOnce(mockSupabaseResponse(updatedProfile))[33m;[39m
     [90m 264 |[39m
    [31m[1m>[22m[39m[90m 265 |[39m                 [36mconst[39m { 
result } [33m=[39m renderHook(() [33m=>[39m useAthleteProfile()[33m,[39m {
     [90m     |[39m                                              
[31m[1m^[22m[39m
     [90m 266 |[39m                     wrapper[33m:[39m 
[33mMockAuthProvider[39m[33m,[39m
     [90m 267 |[39m                 })[33m;[39m
     [90m 268 |[39m[0m

      at Object.process.env.NODE_ENV.exports.create (node_modules/react-test-ren
derer/cjs/react-test-renderer.development.js:14598:17)
      at create 
(node_modules/@testing-library/react-native/src/render-act.ts:15:29)
      at callback (node_modules/@testing-library/react-native/src/act.ts:31:24)
      at process.env.NODE_ENV.exports.act 
(node_modules/react/cjs/react.development.js:789:22)
      at actImplementation 
(node_modules/@testing-library/react-native/src/act.ts:30:25)
      at renderWithAct 
(node_modules/@testing-library/react-native/src/render-act.ts:13:11)
      at renderInternal 
(node_modules/@testing-library/react-native/src/render.tsx:69:33)
      at renderInternal 
(node_modules/@testing-library/react-native/src/render.tsx:44:10)
      at renderHook 
(node_modules/@testing-library/react-native/src/render-hook.tsx:55:58)
      at Object.<anonymous> 
(src/__tests__/hooks/useAthleteProfile.test.ts:265:46)

    console.error
      An update to HookContainer inside a test was not wrapped in act(...).
      
      When testing, code that causes React state updates should be wrapped into 
act(...):
      
      act(() => {
        /* fire events that update state */
      });
      /* assert on the output */
      
      This ensures that you're testing the behavior the user would see in the 
browser. Learn more at https://react.dev/link/wrap-tests-with-act

    [0m [90m 138 |[39m
     [90m 139 |[39m             [36mconst[39m updatedProfile [33m=[39m { 
[33m...[39mprofile[33m,[39m badges[33m:[39m newBadges }[33m;[39m
    [31m[1m>[22m[39m[90m 140 |[39m             setProfile(updatedProfile 
[36mas[39m [33mAthleteProfile[39m)[33m;[39m
     [90m     |[39m             [31m[1m^[22m[39m
     [90m 141 |[39m
     [90m 142 |[39m             [90m// Update cache[39m
     [90m 143 |[39m             [36mawait[39m 
[33mAsyncStorage[39m[33m.[39msetItem([33mPROFILE_CACHE_KEY[39m[33m,[39m 
[33mJSON[39m[33m.[39mstringify(updatedProfile))[33m;[39m[0m

      at 
node_modules/react-test-renderer/cjs/react-test-renderer.development.js:11801:19
      at runWithFiberInDEV (node_modules/react-test-renderer/cjs/react-test-rend
erer.development.js:1574:13)
      at warnIfUpdatesNotWrappedWithActDEV (node_modules/react-test-renderer/cjs
/react-test-renderer.development.js:11800:9)
      at scheduleUpdateOnFiber (node_modules/react-test-renderer/cjs/react-test-
renderer.development.js:10326:9)
      at dispatchSetStateInternal (node_modules/react-test-renderer/cjs/react-te
st-renderer.development.js:4148:13)
      at dispatchSetState 
(node_modules/react-test-renderer/cjs/react-test-renderer.development.js:4107:7)
      at Object.addBadge (src/hooks/useAthleteProfile.ts:140:13)
      at Object.<anonymous> 
(src/__tests__/hooks/useAthleteProfile.test.ts:271:34)

    console.error
      react-test-renderer is deprecated. See 
https://react.dev/warnings/react-test-renderer

    [0m [90m 285 |[39m                 mockSupabase[33m.[39msingle[33m.[3
9mmockResolvedValueOnce(mockSupabaseResponse(updatedProfile))[33m;[39m
     [90m 286 |[39m
    [31m[1m>[22m[39m[90m 287 |[39m                 [36mconst[39m { 
result } [33m=[39m renderHook(() [33m=>[39m useAthleteProfile()[33m,[39m {
     [90m     |[39m                                              
[31m[1m^[22m[39m
     [90m 288 |[39m                     wrapper[33m:[39m 
[33mMockAuthProvider[39m[33m,[39m
     [90m 289 |[39m                 })[33m;[39m
     [90m 290 |[39m[0m

      at Object.process.env.NODE_ENV.exports.create (node_modules/react-test-ren
derer/cjs/react-test-renderer.development.js:14598:17)
      at create 
(node_modules/@testing-library/react-native/src/render-act.ts:15:29)
      at callback (node_modules/@testing-library/react-native/src/act.ts:31:24)
      at process.env.NODE_ENV.exports.act 
(node_modules/react/cjs/react.development.js:789:22)
      at actImplementation 
(node_modules/@testing-library/react-native/src/act.ts:30:25)
      at renderWithAct 
(node_modules/@testing-library/react-native/src/render-act.ts:13:11)
      at renderInternal 
(node_modules/@testing-library/react-native/src/render.tsx:69:33)
      at renderInternal 
(node_modules/@testing-library/react-native/src/render.tsx:44:10)
      at renderHook 
(node_modules/@testing-library/react-native/src/render-hook.tsx:55:58)
      at Object.<anonymous> 
(src/__tests__/hooks/useAthleteProfile.test.ts:287:46)

    console.error
      An update to HookContainer inside a test was not wrapped in act(...).
      
      When testing, code that causes React state updates should be wrapped into 
act(...):
      
      act(() => {
        /* fire events that update state */
      });
      /* assert on the output */
      
      This ensures that you're testing the behavior the user would see in the 
browser. Learn more at https://react.dev/link/wrap-tests-with-act

    [0m [90m 167 |[39m
     [90m 168 |[39m             [36mconst[39m updatedProfile [33m=[39m { 
[33m...[39mprofile[33m,[39m badges[33m:[39m newBadges }[33m;[39m
    [31m[1m>[22m[39m[90m 169 |[39m             setProfile(updatedProfile 
[36mas[39m [33mAthleteProfile[39m)[33m;[39m
     [90m     |[39m             [31m[1m^[22m[39m
     [90m 170 |[39m
     [90m 171 |[39m             [90m// Update cache[39m
     [90m 172 |[39m             [36mawait[39m 
[33mAsyncStorage[39m[33m.[39msetItem([33mPROFILE_CACHE_KEY[39m[33m,[39m 
[33mJSON[39m[33m.[39mstringify(updatedProfile))[33m;[39m[0m

      at 
node_modules/react-test-renderer/cjs/react-test-renderer.development.js:11801:19
      at runWithFiberInDEV (node_modules/react-test-renderer/cjs/react-test-rend
erer.development.js:1574:13)
      at warnIfUpdatesNotWrappedWithActDEV (node_modules/react-test-renderer/cjs
/react-test-renderer.development.js:11800:9)
      at scheduleUpdateOnFiber (node_modules/react-test-renderer/cjs/react-test-
renderer.development.js:10326:9)
      at dispatchSetStateInternal (node_modules/react-test-renderer/cjs/react-te
st-renderer.development.js:4148:13)
      at dispatchSetState 
(node_modules/react-test-renderer/cjs/react-test-renderer.development.js:4107:7)
      at Object.removeBadge (src/hooks/useAthleteProfile.ts:169:13)
      at Object.<anonymous> 
(src/__tests__/hooks/useAthleteProfile.test.ts:293:34)

    console.error
      react-test-renderer is deprecated. See 
https://react.dev/warnings/react-test-renderer

    [0m [90m 305 |[39m             mockSupabase[33m.[39msingle[33m.[39mmo
ckResolvedValueOnce(mockSupabaseResponse(mockProfile))[33m;[39m
     [90m 306 |[39m
    [31m[1m>[22m[39m[90m 307 |[39m             [36mconst[39m { result } 
[33m=[39m renderHook(() [33m=>[39m useAthleteProfile()[33m,[39m {
     [90m     |[39m                                          
[31m[1m^[22m[39m
     [90m 308 |[39m                 wrapper[33m:[39m 
[33mMockAuthProvider[39m[33m,[39m
     [90m 309 |[39m             })[33m;[39m
     [90m 310 |[39m[0m

      at Object.process.env.NODE_ENV.exports.create (node_modules/react-test-ren
derer/cjs/react-test-renderer.development.js:14598:17)
      at create 
(node_modules/@testing-library/react-native/src/render-act.ts:15:29)
      at callback (node_modules/@testing-library/react-native/src/act.ts:31:24)
      at process.env.NODE_ENV.exports.act 
(node_modules/react/cjs/react.development.js:789:22)
      at actImplementation 
(node_modules/@testing-library/react-native/src/act.ts:30:25)
      at renderWithAct 
(node_modules/@testing-library/react-native/src/render-act.ts:13:11)
      at renderInternal 
(node_modules/@testing-library/react-native/src/render.tsx:69:33)
      at renderInternal 
(node_modules/@testing-library/react-native/src/render.tsx:44:10)
      at renderHook 
(node_modules/@testing-library/react-native/src/render-hook.tsx:55:58)
      at Object.<anonymous> 
(src/__tests__/hooks/useAthleteProfile.test.ts:307:42)

    console.error
      An update to HookContainer inside a test was not wrapped in act(...).
      
      When testing, code that causes React state updates should be wrapped into 
act(...):
      
      act(() => {
        /* fire events that update state */
      });
      /* assert on the output */
      
      This ensures that you're testing the behavior the user would see in the 
browser. Learn more at https://react.dev/link/wrap-tests-with-act

    [0m [90m 182 |[39m     [36mconst[39m clearCache [33m=[39m 
[36masync[39m () [33m=>[39m {
     [90m 183 |[39m         [36mawait[39m [33mAsyncStorage[39m[33m.[39mr
emoveItem([33mPROFILE_CACHE_KEY[39m)[33m;[39m
    [31m[1m>[22m[39m[90m 184 |[39m         
setProfile([36mnull[39m)[33m;[39m
     [90m     |[39m         [31m[1m^[22m[39m
     [90m 185 |[39m     }[33m;[39m
     [90m 186 |[39m
     [90m 187 |[39m     useEffect(() [33m=>[39m {[0m

      at 
node_modules/react-test-renderer/cjs/react-test-renderer.development.js:11801:19
      at runWithFiberInDEV (node_modules/react-test-renderer/cjs/react-test-rend
erer.development.js:1574:13)
      at warnIfUpdatesNotWrappedWithActDEV (node_modules/react-test-renderer/cjs
/react-test-renderer.development.js:11800:9)
      at scheduleUpdateOnFiber (node_modules/react-test-renderer/cjs/react-test-
renderer.development.js:10326:9)
      at dispatchSetStateInternal (node_modules/react-test-renderer/cjs/react-te
st-renderer.development.js:4148:13)
      at dispatchSetState 
(node_modules/react-test-renderer/cjs/react-test-renderer.development.js:4107:7)
      at Object.clearCache (src/hooks/useAthleteProfile.ts:184:9)
      at Object.<anonymous> 
(src/__tests__/hooks/useAthleteProfile.test.ts:313:13)

  ΓùÅ useAthleteProfile ΓÇ║ clearCache ΓÇ║ clears the profile cache

    expect(received).toBeNull()

    Received: {"avatar_url": "https://example.com/avatar.jpg", "badges": 
["early_adopter", "first_workout"], "bio": "Fitness enthusiast", 
"display_name": "Test Athlete", "id": "profile-1", "is_private": false, 
"user_id": "test-user-id", "username": "testathlete"}

    [0m [90m 314 |[39m
     [90m 315 |[39m             expect([33mAsyncStorage[39m[33m.[39mremove
Item)[33m.[39mtoHaveBeenCalledWith([32m'cached_athlete_profile'[39m)[33m;[
39m
    [31m[1m>[22m[39m[90m 316 |[39m             expect(result[33m.[39mcur
rent[33m.[39mprofile)[33m.[39mtoBeNull()[33m;[39m
     [90m     |[39m                                            
[31m[1m^[22m[39m
     [90m 317 |[39m         })[33m;[39m
     [90m 318 |[39m     })[33m;[39m
     [90m 319 |[39m })[33m;[39m[0m

      at Object.<anonymous> 
(src/__tests__/hooks/useAthleteProfile.test.ts:316:44)

Test Suites: 5 failed, 6 passed, 11 total
Tests:       15 failed, 81 passed, 96 total
Snapshots:   0 total
Time:        3.28 s
Ran all test suites.
